0 verbose cli /usr/local/bin/node /usr/local/bin/npm
1 info using npm@11.11.0
2 info using node@v24.14.1
3 silly config load:file:/usr/local/lib/node_modules/npm/npmrc
4 silly config load:file:/Users/edit6/Documents/Caio/LUMOS/proposta-lumos/.npmrc
5 silly config load:file:/Users/edit6/.npmrc
6 silly config load:file:/usr/local/etc/npmrc
7 verbose title npm install @react-oauth/google
8 verbose argv "install" "--cache" "./npm-cache" "@react-oauth/google"
9 verbose logfile logs-max:10 dir:/Users/edit6/Documents/Caio/LUMOS/proposta-lumos/npm-cache/_logs/2026-04-12T13_43_34_344Z-
10 verbose logfile /Users/edit6/Documents/Caio/LUMOS/proposta-lumos/npm-cache/_logs/2026-04-12T13_43_34_344Z-debug-0.log
11 silly logfile done cleaning log files
12 silly packumentCache heap:4496293888 maxSize:1124073472 maxEntrySize:562036736
13 silly idealTree buildDeps
14 silly fetch manifest @react-oauth/google@*
15 silly packumentCache full:https://registry.npmjs.org/@react-oauth%2fgoogle cache-miss
16 http fetch GET 200 https://registry.npmjs.org/npm 138ms
17 http fetch GET 200 https://registry.npmjs.org/@react-oauth%2fgoogle 253ms (cache miss)
18 silly packumentCache full:https://registry.npmjs.org/@react-oauth%2fgoogle set size:undefined disposed:false
19 silly fetch manifest react@^19.2.5
20 silly packumentCache full:https://registry.npmjs.org/react cache-miss
21 http fetch GET 200 https://registry.npmjs.org/react 115ms (cache miss)
22 silly packumentCache full:https://registry.npmjs.org/react set size:undefined disposed:false
23 silly fetch manifest react-dom@^19.2.5
24 silly packumentCache full:https://registry.npmjs.org/react-dom cache-miss
25 http fetch GET 200 https://registry.npmjs.org/react-dom 128ms (cache miss)
26 silly packumentCache full:https://registry.npmjs.org/react-dom set size:undefined disposed:false
27 silly placeDep ROOT @react-oauth/google@0.13.5 OK for: proposta-lumos@1.0.0 want: *
28 silly reify moves {}
29 silly audit bulk request {
29 silly audit   '@alloc/quick-lru': [ '5.2.0' ],
29 silly audit   '@babel/runtime': [ '7.29.2' ],
29 silly audit   '@emnapi/core': [ '1.9.1' ],
29 silly audit   '@emnapi/runtime': [ '1.9.1' ],
29 silly audit   '@emnapi/wasi-threads': [ '1.2.0' ],
29 silly audit   '@jridgewell/gen-mapping': [ '0.3.13' ],
29 silly audit   '@jridgewell/remapping': [ '2.3.5' ],
29 silly audit   '@jridgewell/resolve-uri': [ '3.1.2' ],
29 silly audit   '@jridgewell/sourcemap-codec': [ '1.5.5' ],
29 silly audit   '@jridgewell/trace-mapping': [ '0.3.31' ],
29 silly audit   '@napi-rs/wasm-runtime': [ '1.1.3' ],
29 silly audit   '@noble/ciphers': [ '1.3.0' ],
29 silly audit   '@noble/hashes': [ '1.8.0' ],
29 silly audit   '@oxc-project/types': [ '0.123.0' ],
29 silly audit   '@react-pdf/fns': [ '3.1.3' ],
29 silly audit   '@react-pdf/font': [ '4.0.6' ],
29 silly audit   '@react-pdf/image': [ '3.0.4' ],
29 silly audit   '@react-pdf/layout': [ '4.5.0' ],
29 silly audit   '@react-pdf/pdfkit': [ '5.0.0' ],
29 silly audit   '@react-pdf/png-js': [ '3.0.0' ],
29 silly audit   '@react-pdf/primitives': [ '4.2.0' ],
29 silly audit   '@react-pdf/reconciler': [ '2.0.0' ],
29 silly audit   '@react-pdf/render': [ '4.4.0' ],
29 silly audit   '@react-pdf/renderer': [ '4.4.0' ],
29 silly audit   '@react-pdf/stylesheet': [ '6.1.4' ],
29 silly audit   '@react-pdf/textkit': [ '6.1.1' ],
29 silly audit   '@react-pdf/types': [ '2.10.0' ],
29 silly audit   '@rolldown/binding-android-arm64': [ '1.0.0-rc.13' ],
29 silly audit   '@rolldown/binding-darwin-arm64': [ '1.0.0-rc.13' ],
29 silly audit   '@rolldown/binding-darwin-x64': [ '1.0.0-rc.13' ],
29 silly audit   '@rolldown/binding-freebsd-x64': [ '1.0.0-rc.13' ],
29 silly audit   '@rolldown/binding-linux-arm-gnueabihf': [ '1.0.0-rc.13' ],
29 silly audit   '@rolldown/binding-linux-arm64-gnu': [ '1.0.0-rc.13' ],
29 silly audit   '@rolldown/binding-linux-arm64-musl': [ '1.0.0-rc.13' ],
29 silly audit   '@rolldown/binding-linux-ppc64-gnu': [ '1.0.0-rc.13' ],
29 silly audit   '@rolldown/binding-linux-s390x-gnu': [ '1.0.0-rc.13' ],
29 silly audit   '@rolldown/binding-linux-x64-gnu': [ '1.0.0-rc.13' ],
29 silly audit   '@rolldown/binding-linux-x64-musl': [ '1.0.0-rc.13' ],
29 silly audit   '@rolldown/binding-openharmony-arm64': [ '1.0.0-rc.13' ],
29 silly audit   '@rolldown/binding-wasm32-wasi': [ '1.0.0-rc.13' ],
29 silly audit   '@rolldown/binding-win32-arm64-msvc': [ '1.0.0-rc.13' ],
29 silly audit   '@rolldown/binding-win32-x64-msvc': [ '1.0.0-rc.13' ],
29 silly audit   '@rolldown/pluginutils': [ '1.0.0-rc.7', '1.0.0-rc.13' ],
29 silly audit   '@supabase/auth-js': [ '2.102.1' ],
29 silly audit   '@supabase/functions-js': [ '2.102.1' ],
29 silly audit   '@supabase/phoenix': [ '0.4.0' ],
29 silly audit   '@supabase/postgrest-js': [ '2.102.1' ],
29 silly audit   '@supabase/realtime-js': [ '2.102.1' ],
29 silly audit   '@supabase/storage-js': [ '2.102.1' ],
29 silly audit   '@supabase/supabase-js': [ '2.102.1' ],
29 silly audit   '@swc/helpers': [ '0.5.21' ],
29 silly audit   '@tailwindcss/node': [ '4.2.2' ],
29 silly audit   '@tailwindcss/oxide': [ '4.2.2' ],
29 silly audit   '@tailwindcss/oxide-android-arm64': [ '4.2.2' ],
29 silly audit   '@tailwindcss/oxide-darwin-arm64': [ '4.2.2' ],
29 silly audit   '@tailwindcss/oxide-darwin-x64': [ '4.2.2' ],
29 silly audit   '@tailwindcss/oxide-freebsd-x64': [ '4.2.2' ],
29 silly audit   '@tailwindcss/oxide-linux-arm-gnueabihf': [ '4.2.2' ],
29 silly audit   '@tailwindcss/oxide-linux-arm64-gnu': [ '4.2.2' ],
29 silly audit   '@tailwindcss/oxide-linux-arm64-musl': [ '4.2.2' ],
29 silly audit   '@tailwindcss/oxide-linux-x64-gnu': [ '4.2.2' ],
29 silly audit   '@tailwindcss/oxide-linux-x64-musl': [ '4.2.2' ],
29 silly audit   '@tailwindcss/oxide-wasm32-wasi': [ '4.2.2' ],
29 silly audit   '@tailwindcss/oxide-win32-arm64-msvc': [ '4.2.2' ],
29 silly audit   '@tailwindcss/oxide-win32-x64-msvc': [ '4.2.2' ],
29 silly audit   '@tailwindcss/postcss': [ '4.2.2' ],
29 silly audit   '@tailwindcss/vite': [ '4.2.2' ],
29 silly audit   '@tybys/wasm-util': [ '0.10.1' ],
29 silly audit   '@types/lodash': [ '4.17.24' ],
29 silly audit   '@types/node': [ '25.5.2' ],
29 silly audit   '@types/react': [ '19.2.14' ],
29 silly audit   '@types/react-dom': [ '19.2.3' ],
29 silly audit   '@types/ws': [ '8.18.1' ],
29 silly audit   '@vitejs/plugin-react': [ '6.0.1' ],
29 silly audit   'abs-svg-path': [ '0.1.1' ],
29 silly audit   autoprefixer: [ '10.4.27' ],
29 silly audit   'base64-js': [ '1.5.1', '0.0.8' ],
29 silly audit   'baseline-browser-mapping': [ '2.10.16' ],
29 silly audit   'bidi-js': [ '1.0.3' ],
29 silly audit   brotli: [ '1.3.3' ],
29 silly audit   'browserify-zlib': [ '0.2.0' ],
29 silly audit   browserslist: [ '4.28.2' ],
29 silly audit   'caniuse-lite': [ '1.0.30001787' ],
29 silly audit   clone: [ '2.1.2' ],
29 silly audit   clsx: [ '2.1.1' ],
29 silly audit   'color-name': [ '1.1.4' ],
29 silly audit   'color-string': [ '1.9.1' ],
29 silly audit   cookie: [ '1.1.1' ],
29 silly audit   csstype: [ '3.2.3' ],
29 silly audit   'date-fns': [ '4.1.0' ],
29 silly audit   'detect-libc': [ '2.1.2' ],
29 silly audit   dfa: [ '1.2.0' ],
29 silly audit   'electron-to-chromium': [ '1.5.334' ],
29 silly audit   'emoji-regex-xs': [ '1.0.0' ],
29 silly audit   'enhanced-resolve': [ '5.20.1' ],
29 silly audit   escalade: [ '3.2.0' ],
29 silly audit   events: [ '3.3.0' ],
29 silly audit   'fast-deep-equal': [ '3.1.3' ],
29 silly audit   fdir: [ '6.5.0' ],
29 silly audit   fontkit: [ '2.0.4' ],
29 silly audit   'fraction.js': [ '5.3.4' ],
29 silly audit   'framer-motion': [ '12.38.0' ],
29 silly audit   fsevents: [ '2.3.3' ],
29 silly audit   'graceful-fs': [ '4.2.11' ],
29 silly audit   'hsl-to-hex': [ '1.0.0' ],
29 silly audit   'hsl-to-rgb-for-reals': [ '1.1.1' ],
29 silly audit   hyphen: [ '1.14.1' ],
29 silly audit   'iceberg-js': [ '0.8.1' ],
29 silly audit   inherits: [ '2.0.4' ],
29 silly audit   'is-arrayish': [ '0.3.4' ],
29 silly audit   'is-url': [ '1.2.4' ],
29 silly audit   'jay-peg': [ '1.1.1' ],
29 silly audit   jiti: [ '2.6.1' ],
29 silly audit   'js-md5': [ '0.8.3' ],
29 silly audit   'js-tokens': [ '4.0.0' ],
29 silly audit   lightningcss: [ '1.32.0' ],
29 silly audit   'lightningcss-android-arm64': [ '1.32.0' ],
29 silly audit   'lightningcss-darwin-arm64': [ '1.32.0' ],
29 silly audit   'lightningcss-darwin-x64': [ '1.32.0' ],
29 silly audit   'lightningcss-freebsd-x64': [ '1.32.0' ],
29 silly audit   'lightningcss-linux-arm-gnueabihf': [ '1.32.0' ],
29 silly audit   'lightningcss-linux-arm64-gnu': [ '1.32.0' ],
29 silly audit   'lightningcss-linux-arm64-musl': [ '1.32.0' ],
29 silly audit   'lightningcss-linux-x64-gnu': [ '1.32.0' ],
29 silly audit   'lightningcss-linux-x64-musl': [ '1.32.0' ],
29 silly audit   'lightningcss-win32-arm64-msvc': [ '1.32.0' ],
29 silly audit   'lightningcss-win32-x64-msvc': [ '1.32.0' ],
29 silly audit   linebreak: [ '1.1.0' ],
29 silly audit   lodash: [ '4.18.1' ],
29 silly audit   'loose-envify': [ '1.4.0' ],
29 silly audit   'lucide-react': [ '1.7.0' ],
29 silly audit   'magic-string': [ '0.30.21' ],
29 silly audit   'media-engine': [ '1.0.3' ],
29 silly audit   'motion-dom': [ '12.38.0' ],
29 silly audit   'motion-utils': [ '12.36.0' ],
29 silly audit   nanoid: [ '3.3.11' ],
29 silly audit   'node-releases': [ '2.0.37' ],
29 silly audit   'normalize-svg-path': [ '1.1.0' ],
29 silly audit   'object-assign': [ '4.1.1' ],
29 silly audit   pako: [ '1.0.11', '0.2.9' ],
29 silly audit   'parse-svg-path': [ '0.1.2' ],
29 silly audit   picocolors: [ '1.1.1' ],
29 silly audit   picomatch: [ '4.0.4' ],
29 silly audit   postcss: [ '8.5.9' ],
29 silly audit   'postcss-value-parser': [ '4.2.0' ],
29 silly audit   'prop-types': [ '15.8.1' ],
29 silly audit   queue: [ '6.0.2' ],
29 silly audit   react: [ '19.2.5' ],
29 silly audit   'react-dom': [ '19.2.5' ],
29 silly audit   scheduler: [ '0.27.0', '0.25.0-rc-603e6108-20241029' ],
29 silly audit   'react-is': [ '16.13.1' ],
29 silly audit   'react-router': [ '7.14.0' ],
29 silly audit   'react-router-dom': [ '7.14.0' ],
29 silly audit   'require-from-string': [ '2.0.2' ],
29 silly audit   restructure: [ '3.0.2' ],
29 silly audit   rolldown: [ '1.0.0-rc.13' ],
29 silly audit   'safe-buffer': [ '5.2.1' ],
29 silly audit   'set-cookie-parser': [ '2.7.2' ],
29 silly audit   'simple-swizzle': [ '0.2.4' ],
29 silly audit   'source-map-js': [ '1.2.1' ],
29 silly audit   string_decoder: [ '1.3.0' ],
29 silly audit   'svg-arc-to-cubic-bezier': [ '3.2.0' ],
29 silly audit   'tailwind-merge': [ '3.5.0' ],
29 silly audit   tailwindcss: [ '4.2.2' ],
29 silly audit   tapable: [ '2.3.2' ],
29 silly audit   'tiny-inflate': [ '1.0.3' ],
29 silly audit   tinyglobby: [ '0.2.16' ],
29 silly audit   tslib: [ '2.8.1' ],
29 silly audit   typescript: [ '6.0.2' ],
29 silly audit   'undici-types': [ '7.18.2' ],
29 silly audit   'unicode-properties': [ '1.4.1' ],
29 silly audit   'unicode-trie': [ '2.0.0' ],
29 silly audit   'update-browserslist-db': [ '1.2.3' ],
29 silly audit   'util-deprecate': [ '1.0.2' ],
29 silly audit   vite: [ '8.0.7' ],
29 silly audit   'vite-compatible-readable-stream': [ '3.6.1' ],
29 silly audit   ws: [ '8.20.0' ],
29 silly audit   'yoga-layout': [ '3.2.1' ],
29 silly audit   '@react-oauth/google': [ '0.13.5' ]
29 silly audit }
30 http cache @react-oauth/google@https://registry.npmjs.org/@react-oauth/google/-/google-0.13.5.tgz 0ms (cache hit)
31 silly tarball no local data for @react-oauth/google@https://registry.npmjs.org/@react-oauth/google/-/google-0.13.5.tgz. Extracting by manifest.
32 http fetch POST 200 https://registry.npmjs.org/-/npm/v1/security/advisories/bulk 215ms
33 silly audit report {}
34 http fetch GET 200 https://registry.npmjs.org/@react-oauth/google/-/google-0.13.5.tgz 232ms (cache miss)
35 silly ADD node_modules/@react-oauth/google
36 verbose cwd /Users/edit6/Documents/Caio/LUMOS/proposta-lumos
37 verbose os Darwin 25.3.0
38 verbose node v24.14.1
39 verbose npm  v11.11.0
40 notice
40 notice New [33mminor[39m version of npm available! [33m11.11.0[39m -> [34m11.12.1[39m
40 notice Changelog: [34mhttps://github.com/npm/cli/releases/tag/v11.12.1[39m
40 notice To update run: [4mnpm install -g npm@11.12.1[24m
40 notice  { force: true, Symbol(proc-log.meta): true }
41 verbose exit 0
42 info ok
