0 verbose cli /usr/local/bin/node /usr/local/bin/npm
1 info using npm@11.11.0
2 info using node@v24.14.1
3 silly config load:file:/usr/local/lib/node_modules/npm/npmrc
4 silly config load:file:/Users/edit6/Documents/Caio/LUMOS/proposta-lumos/.npmrc
5 silly config load:file:/Users/edit6/Documents/Caio/LUMOS/proposta-lumos/.npmrc-local
6 silly config load:file:/usr/local/etc/npmrc
7 verbose title npm install react react-dom react-router-dom @supabase/supabase-js @react-pdf/renderer lucide-react date-fns lodash clsx tailwind-merge framer-motion
8 verbose argv "install" "--cache" "./.npm_cache" "--userconfig" "./.npmrc-local" "react" "react-dom" "react-router-dom" "@supabase/supabase-js" "@react-pdf/renderer" "lucide-react" "date-fns" "lodash" "clsx" "tailwind-merge" "framer-motion"
9 verbose logfile logs-max:10 dir:/Users/edit6/Documents/Caio/LUMOS/proposta-lumos/.npm_cache/_logs/2026-04-08T22_54_01_452Z-
10 verbose logfile /Users/edit6/Documents/Caio/LUMOS/proposta-lumos/.npm_cache/_logs/2026-04-08T22_54_01_452Z-debug-0.log
11 silly logfile done cleaning log files
12 silly packumentCache heap:4496293888 maxSize:1124073472 maxEntrySize:562036736
13 silly idealTree buildDeps
14 silly fetch manifest react@*
15 silly packumentCache full:https://registry.npmjs.org/react cache-miss
16 http fetch GET 200 https://registry.npmjs.org/react 217ms (cache miss)
17 silly packumentCache full:https://registry.npmjs.org/react set size:undefined disposed:false
18 silly fetch manifest react-dom@*
19 silly packumentCache full:https://registry.npmjs.org/react-dom cache-miss
20 http fetch GET 200 https://registry.npmjs.org/react-dom 113ms (cache miss)
21 silly packumentCache full:https://registry.npmjs.org/react-dom set size:undefined disposed:false
22 silly fetch manifest react-router-dom@*
23 silly packumentCache full:https://registry.npmjs.org/react-router-dom cache-miss
24 http fetch GET 200 https://registry.npmjs.org/react-router-dom 50ms (cache miss)
25 silly packumentCache full:https://registry.npmjs.org/react-router-dom set size:undefined disposed:false
26 silly fetch manifest @supabase/supabase-js@*
27 silly packumentCache full:https://registry.npmjs.org/@supabase%2fsupabase-js cache-miss
28 http fetch GET 200 https://registry.npmjs.org/@supabase%2fsupabase-js 69ms (cache miss)
29 silly packumentCache full:https://registry.npmjs.org/@supabase%2fsupabase-js set size:undefined disposed:false
30 silly fetch manifest @react-pdf/renderer@*
31 silly packumentCache full:https://registry.npmjs.org/@react-pdf%2frenderer cache-miss
32 http fetch GET 200 https://registry.npmjs.org/@react-pdf%2frenderer 926ms (cache miss)
33 silly packumentCache full:https://registry.npmjs.org/@react-pdf%2frenderer set size:undefined disposed:false
34 silly fetch manifest lucide-react@*
35 silly packumentCache full:https://registry.npmjs.org/lucide-react cache-miss
36 http fetch GET 200 https://registry.npmjs.org/lucide-react 72ms (cache miss)
37 silly packumentCache full:https://registry.npmjs.org/lucide-react set size:undefined disposed:false
38 silly fetch manifest date-fns@*
39 silly packumentCache full:https://registry.npmjs.org/date-fns cache-miss
40 http fetch GET 200 https://registry.npmjs.org/date-fns 350ms (cache miss)
41 silly packumentCache full:https://registry.npmjs.org/date-fns set size:undefined disposed:false
42 silly fetch manifest lodash@*
43 silly packumentCache full:https://registry.npmjs.org/lodash cache-miss
44 http fetch GET 200 https://registry.npmjs.org/lodash 26ms (cache miss)
45 silly packumentCache full:https://registry.npmjs.org/lodash set size:undefined disposed:false
46 silly fetch manifest clsx@*
47 silly packumentCache full:https://registry.npmjs.org/clsx cache-miss
48 http fetch GET 200 https://registry.npmjs.org/clsx 22ms (cache miss)
49 silly packumentCache full:https://registry.npmjs.org/clsx set size:undefined disposed:false
50 silly fetch manifest tailwind-merge@*
51 silly packumentCache full:https://registry.npmjs.org/tailwind-merge cache-miss
52 http fetch GET 200 https://registry.npmjs.org/tailwind-merge 34ms (cache miss)
53 silly packumentCache full:https://registry.npmjs.org/tailwind-merge set size:undefined disposed:false
54 silly fetch manifest framer-motion@*
55 silly packumentCache full:https://registry.npmjs.org/framer-motion cache-miss
56 http fetch GET 200 https://registry.npmjs.org/framer-motion 83ms (cache miss)
57 silly packumentCache full:https://registry.npmjs.org/framer-motion set size:undefined disposed:false
58 silly fetch manifest @emotion/is-prop-valid@*
59 silly packumentCache full:https://registry.npmjs.org/@emotion%2fis-prop-valid cache-miss
60 http fetch GET 200 https://registry.npmjs.org/@emotion%2fis-prop-valid 40ms (cache miss)
61 silly packumentCache full:https://registry.npmjs.org/@emotion%2fis-prop-valid set size:undefined disposed:false
62 silly placeDep ROOT @react-pdf/renderer@4.4.0 OK for: proposta-lumos@1.0.0 want: *
63 silly placeDep ROOT react@19.2.5 OK for: @react-pdf/renderer@4.4.0 want: ^16.8.0 || ^17.0.0 || ^18.0.0 || ^19.0.0
64 silly placeDep ROOT @supabase/supabase-js@2.102.1 OK for: proposta-lumos@1.0.0 want: *
65 silly placeDep ROOT clsx@2.1.1 OK for: proposta-lumos@1.0.0 want: *
66 silly placeDep ROOT date-fns@4.1.0 OK for: proposta-lumos@1.0.0 want: *
67 silly placeDep ROOT framer-motion@12.38.0 OK for: proposta-lumos@1.0.0 want: *
68 silly placeDep ROOT lodash@4.18.1 OK for: proposta-lumos@1.0.0 want: *
69 silly placeDep ROOT lucide-react@1.7.0 OK for: proposta-lumos@1.0.0 want: *
70 silly placeDep ROOT react@19.2.5 REPLACE for: proposta-lumos@1.0.0 want: *
71 silly placeDep ROOT react-dom@19.2.5 OK for: proposta-lumos@1.0.0 want: *
72 silly placeDep ROOT react-router-dom@7.14.0 OK for: proposta-lumos@1.0.0 want: *
73 silly placeDep ROOT tailwind-merge@3.5.0 OK for: proposta-lumos@1.0.0 want: *
74 silly fetch manifest @babel/runtime@^7.20.13
75 silly packumentCache full:https://registry.npmjs.org/@babel%2fruntime cache-miss
76 silly fetch manifest @react-pdf/fns@3.1.3
77 silly packumentCache full:https://registry.npmjs.org/@react-pdf%2ffns cache-miss
78 silly fetch manifest @react-pdf/font@^4.0.6
79 silly packumentCache full:https://registry.npmjs.org/@react-pdf%2ffont cache-miss
80 silly fetch manifest @react-pdf/layout@^4.5.0
81 silly packumentCache full:https://registry.npmjs.org/@react-pdf%2flayout cache-miss
82 silly fetch manifest @react-pdf/pdfkit@^5.0.0
83 silly packumentCache full:https://registry.npmjs.org/@react-pdf%2fpdfkit cache-miss
84 silly fetch manifest @react-pdf/primitives@^4.2.0
85 silly packumentCache full:https://registry.npmjs.org/@react-pdf%2fprimitives cache-miss
86 silly fetch manifest @react-pdf/reconciler@^2.0.0
87 silly packumentCache full:https://registry.npmjs.org/@react-pdf%2freconciler cache-miss
88 silly fetch manifest @react-pdf/render@^4.4.0
89 silly packumentCache full:https://registry.npmjs.org/@react-pdf%2frender cache-miss
90 silly fetch manifest @react-pdf/types@^2.10.0
91 silly packumentCache full:https://registry.npmjs.org/@react-pdf%2ftypes cache-miss
92 http fetch GET 200 https://registry.npmjs.org/@react-pdf%2fpdfkit 58ms (cache miss)
93 silly packumentCache full:https://registry.npmjs.org/@react-pdf%2fpdfkit set size:undefined disposed:false
94 silly fetch manifest events@^3.3.0
95 silly packumentCache full:https://registry.npmjs.org/events cache-miss
96 http fetch GET 200 https://registry.npmjs.org/@react-pdf%2frender 60ms (cache miss)
97 silly packumentCache full:https://registry.npmjs.org/@react-pdf%2frender set size:undefined disposed:false
98 silly fetch manifest object-assign@^4.1.1
99 silly packumentCache full:https://registry.npmjs.org/object-assign cache-miss
100 http fetch GET 200 https://registry.npmjs.org/@babel%2fruntime 78ms (cache miss)
101 silly packumentCache full:https://registry.npmjs.org/@babel%2fruntime set size:undefined disposed:false
102 silly fetch manifest prop-types@^15.6.2
103 silly packumentCache full:https://registry.npmjs.org/prop-types cache-miss
104 http fetch GET 200 https://registry.npmjs.org/object-assign 32ms (cache miss)
105 silly packumentCache full:https://registry.npmjs.org/object-assign set size:undefined disposed:false
106 silly fetch manifest queue@^6.0.1
107 silly packumentCache full:https://registry.npmjs.org/queue cache-miss
108 http fetch GET 200 https://registry.npmjs.org/events 35ms (cache miss)
109 silly packumentCache full:https://registry.npmjs.org/events set size:undefined disposed:false
110 silly fetch manifest @supabase/auth-js@2.102.1
111 silly packumentCache full:https://registry.npmjs.org/@supabase%2fauth-js cache-miss
112 http fetch GET 200 https://registry.npmjs.org/prop-types 28ms (cache miss)
113 silly packumentCache full:https://registry.npmjs.org/prop-types set size:undefined disposed:false
114 silly fetch manifest @supabase/storage-js@2.102.1
115 silly packumentCache full:https://registry.npmjs.org/@supabase%2fstorage-js cache-miss
116 http fetch GET 200 https://registry.npmjs.org/queue 29ms (cache miss)
117 silly packumentCache full:https://registry.npmjs.org/queue set size:undefined disposed:false
118 silly fetch manifest @supabase/realtime-js@2.102.1
119 silly packumentCache full:https://registry.npmjs.org/@supabase%2frealtime-js cache-miss
120 http fetch GET 200 https://registry.npmjs.org/@supabase%2fstorage-js 68ms (cache miss)
121 silly packumentCache full:https://registry.npmjs.org/@supabase%2fstorage-js set size:undefined disposed:false
122 silly fetch manifest @supabase/functions-js@2.102.1
123 silly packumentCache full:https://registry.npmjs.org/@supabase%2ffunctions-js cache-miss
124 http fetch GET 200 https://registry.npmjs.org/@react-pdf%2flayout 207ms (cache miss)
125 silly packumentCache full:https://registry.npmjs.org/@react-pdf%2flayout set size:undefined disposed:false
126 silly fetch manifest @supabase/postgrest-js@2.102.1
127 silly packumentCache full:https://registry.npmjs.org/@supabase%2fpostgrest-js cache-miss
128 http fetch GET 200 https://registry.npmjs.org/@supabase%2ffunctions-js 55ms (cache miss)
129 silly packumentCache full:https://registry.npmjs.org/@supabase%2ffunctions-js set size:undefined disposed:false
130 silly fetch manifest tslib@^2.4.0
131 silly packumentCache full:https://registry.npmjs.org/tslib cache-miss
132 http fetch GET 200 https://registry.npmjs.org/@supabase%2fpostgrest-js 52ms (cache miss)
133 silly packumentCache full:https://registry.npmjs.org/@supabase%2fpostgrest-js set size:undefined disposed:false
134 silly fetch manifest motion-dom@^12.38.0
135 silly packumentCache full:https://registry.npmjs.org/motion-dom cache-miss
136 http fetch GET 200 https://registry.npmjs.org/tslib 26ms (cache miss)
137 silly packumentCache full:https://registry.npmjs.org/tslib set size:undefined disposed:false
138 silly fetch manifest motion-utils@^12.36.0
139 silly packumentCache full:https://registry.npmjs.org/motion-utils cache-miss
140 http fetch GET 200 https://registry.npmjs.org/motion-dom 35ms (cache miss)
141 silly packumentCache full:https://registry.npmjs.org/motion-dom set size:undefined disposed:false
142 silly fetch manifest scheduler@^0.27.0
143 silly packumentCache full:https://registry.npmjs.org/scheduler cache-miss
144 http fetch GET 200 https://registry.npmjs.org/motion-utils 28ms (cache miss)
145 silly packumentCache full:https://registry.npmjs.org/motion-utils set size:undefined disposed:false
146 silly fetch manifest react-router@7.14.0
147 silly packumentCache full:https://registry.npmjs.org/react-router cache-miss
148 http fetch GET 200 https://registry.npmjs.org/@supabase%2fauth-js 231ms (cache miss)
149 silly packumentCache full:https://registry.npmjs.org/@supabase%2fauth-js set size:undefined disposed:false
150 http fetch GET 200 https://registry.npmjs.org/@supabase%2frealtime-js 230ms (cache miss)
151 silly packumentCache full:https://registry.npmjs.org/@supabase%2frealtime-js set size:undefined disposed:false
152 http fetch GET 200 https://registry.npmjs.org/react-router 60ms (cache miss)
153 silly packumentCache full:https://registry.npmjs.org/react-router set size:undefined disposed:false
154 http fetch GET 200 https://registry.npmjs.org/scheduler 105ms (cache miss)
155 silly packumentCache full:https://registry.npmjs.org/scheduler set size:undefined disposed:false
156 http fetch GET 200 https://registry.npmjs.org/@react-pdf%2ffns 428ms (cache miss)
157 silly packumentCache full:https://registry.npmjs.org/@react-pdf%2ffns set size:undefined disposed:false
158 http fetch GET 200 https://registry.npmjs.org/@react-pdf%2freconciler 446ms (cache miss)
159 silly packumentCache full:https://registry.npmjs.org/@react-pdf%2freconciler set size:undefined disposed:false
160 http fetch GET 200 https://registry.npmjs.org/@react-pdf%2fprimitives 588ms (cache miss)
161 silly packumentCache full:https://registry.npmjs.org/@react-pdf%2fprimitives set size:undefined disposed:false
162 http fetch GET 200 https://registry.npmjs.org/@react-pdf%2ffont 683ms (cache miss)
163 silly packumentCache full:https://registry.npmjs.org/@react-pdf%2ffont set size:undefined disposed:false
164 http fetch GET 200 https://registry.npmjs.org/@react-pdf%2ftypes 827ms (cache miss)
165 silly packumentCache full:https://registry.npmjs.org/@react-pdf%2ftypes set size:undefined disposed:false
166 silly fetch manifest react@^16.8.0 || ^17.0.0 || ^18.0.0 || ^19.0.0
167 silly packumentCache full:https://registry.npmjs.org/react cache-miss
168 http cache https://registry.npmjs.org/react 10ms (cache hit)
169 silly packumentCache full:https://registry.npmjs.org/react set size:6594137 disposed:false
170 silly placeDep ROOT @babel/runtime@7.29.2 OK for: @react-pdf/renderer@4.4.0 want: ^7.20.13
171 silly placeDep ROOT @react-pdf/fns@3.1.3 OK for: @react-pdf/renderer@4.4.0 want: 3.1.3
172 silly placeDep ROOT @react-pdf/font@4.0.6 OK for: @react-pdf/renderer@4.4.0 want: ^4.0.6
173 silly placeDep ROOT @react-pdf/layout@4.5.0 OK for: @react-pdf/renderer@4.4.0 want: ^4.5.0
174 silly placeDep ROOT @react-pdf/pdfkit@5.0.0 OK for: @react-pdf/renderer@4.4.0 want: ^5.0.0
175 silly placeDep ROOT @react-pdf/primitives@4.2.0 OK for: @react-pdf/renderer@4.4.0 want: ^4.2.0
176 silly placeDep ROOT @react-pdf/reconciler@2.0.0 OK for: @react-pdf/renderer@4.4.0 want: ^2.0.0
177 silly placeDep ROOT @react-pdf/render@4.4.0 OK for: @react-pdf/renderer@4.4.0 want: ^4.4.0
178 silly placeDep ROOT @react-pdf/types@2.10.0 OK for: @react-pdf/renderer@4.4.0 want: ^2.10.0
179 silly placeDep ROOT events@3.3.0 OK for: @react-pdf/renderer@4.4.0 want: ^3.3.0
180 silly placeDep ROOT object-assign@4.1.1 OK for: @react-pdf/renderer@4.4.0 want: ^4.1.1
181 silly placeDep ROOT prop-types@15.8.1 OK for: @react-pdf/renderer@4.4.0 want: ^15.6.2
182 silly placeDep ROOT queue@6.0.2 OK for: @react-pdf/renderer@4.4.0 want: ^6.0.1
183 silly fetch manifest fontkit@^2.0.2
184 silly packumentCache full:https://registry.npmjs.org/fontkit cache-miss
185 silly fetch manifest is-url@^1.2.4
186 silly packumentCache full:https://registry.npmjs.org/is-url cache-miss
187 silly fetch manifest @react-pdf/image@^3.0.4
188 silly packumentCache full:https://registry.npmjs.org/@react-pdf%2fimage cache-miss
189 silly fetch manifest @react-pdf/stylesheet@^6.1.4
190 silly packumentCache full:https://registry.npmjs.org/@react-pdf%2fstylesheet cache-miss
191 silly fetch manifest @react-pdf/textkit@^6.1.1
192 silly packumentCache full:https://registry.npmjs.org/@react-pdf%2ftextkit cache-miss
193 silly fetch manifest emoji-regex-xs@^1.0.0
194 silly packumentCache full:https://registry.npmjs.org/emoji-regex-xs cache-miss
195 silly fetch manifest yoga-layout@^3.2.1
196 silly packumentCache full:https://registry.npmjs.org/yoga-layout cache-miss
197 silly fetch manifest @react-pdf/png-js@^3.0.0
198 silly packumentCache full:https://registry.npmjs.org/@react-pdf%2fpng-js cache-miss
199 silly fetch manifest browserify-zlib@^0.2.0
200 silly packumentCache full:https://registry.npmjs.org/browserify-zlib cache-miss
201 http fetch GET 200 https://registry.npmjs.org/is-url 23ms (cache miss)
202 silly packumentCache full:https://registry.npmjs.org/is-url set size:undefined disposed:false
203 silly fetch manifest @noble/ciphers@^1.0.0
204 silly packumentCache full:https://registry.npmjs.org/@noble%2fciphers cache-miss
205 http fetch GET 200 https://registry.npmjs.org/fontkit 34ms (cache miss)
206 silly packumentCache full:https://registry.npmjs.org/fontkit set size:undefined disposed:false
207 silly fetch manifest @noble/hashes@^1.6.0
208 silly packumentCache full:https://registry.npmjs.org/@noble%2fhashes cache-miss
209 http fetch GET 200 https://registry.npmjs.org/@react-pdf%2fimage 41ms (cache miss)
210 silly packumentCache full:https://registry.npmjs.org/@react-pdf%2fimage set size:undefined disposed:false
211 silly fetch manifest js-md5@^0.8.3
212 silly packumentCache full:https://registry.npmjs.org/js-md5 cache-miss
213 http fetch GET 200 https://registry.npmjs.org/browserify-zlib 46ms (cache miss)
214 silly packumentCache full:https://registry.npmjs.org/browserify-zlib set size:undefined disposed:false
215 silly fetch manifest jay-peg@^1.1.1
216 silly packumentCache full:https://registry.npmjs.org/jay-peg cache-miss
217 http fetch GET 200 https://registry.npmjs.org/@noble%2fciphers 41ms (cache miss)
218 silly packumentCache full:https://registry.npmjs.org/@noble%2fciphers set size:undefined disposed:false
219 silly fetch manifest linebreak@^1.1.0
220 silly packumentCache full:https://registry.npmjs.org/linebreak cache-miss
221 http fetch GET 200 https://registry.npmjs.org/js-md5 31ms (cache miss)
222 silly packumentCache full:https://registry.npmjs.org/js-md5 set size:undefined disposed:false
223 silly fetch manifest vite-compatible-readable-stream@^3.6.1
224 silly packumentCache full:https://registry.npmjs.org/vite-compatible-readable-stream cache-miss
225 http fetch GET 200 https://registry.npmjs.org/@noble%2fhashes 43ms (cache miss)
226 silly packumentCache full:https://registry.npmjs.org/@noble%2fhashes set size:undefined disposed:false
227 silly fetch manifest scheduler@0.25.0-rc-603e6108-20241029
228 silly packumentCache full:https://registry.npmjs.org/scheduler cache-miss
229 http cache https://registry.npmjs.org/scheduler 6ms (cache hit)
230 silly packumentCache full:https://registry.npmjs.org/scheduler set size:5465718 disposed:false
231 silly fetch manifest @react-pdf/textkit@^6.1.1
232 silly packumentCache full:https://registry.npmjs.org/@react-pdf%2ftextkit cache-miss
233 http fetch GET 200 https://registry.npmjs.org/linebreak 37ms (cache miss)
234 silly packumentCache full:https://registry.npmjs.org/linebreak set size:undefined disposed:false
235 silly fetch manifest abs-svg-path@^0.1.1
236 silly packumentCache full:https://registry.npmjs.org/abs-svg-path cache-miss
237 http fetch GET 200 https://registry.npmjs.org/@react-pdf%2fpng-js 197ms (cache miss)
238 silly packumentCache full:https://registry.npmjs.org/@react-pdf%2fpng-js set size:undefined disposed:false
239 silly fetch manifest color-string@^1.9.1
240 silly packumentCache full:https://registry.npmjs.org/color-string cache-miss
241 http fetch GET 200 https://registry.npmjs.org/emoji-regex-xs 208ms (cache miss)
242 silly packumentCache full:https://registry.npmjs.org/emoji-regex-xs set size:undefined disposed:false
243 silly fetch manifest normalize-svg-path@^1.1.0
244 silly packumentCache full:https://registry.npmjs.org/normalize-svg-path cache-miss
245 http fetch GET 200 https://registry.npmjs.org/yoga-layout 217ms (cache miss)
246 silly packumentCache full:https://registry.npmjs.org/yoga-layout set size:undefined disposed:false
247 silly fetch manifest parse-svg-path@^0.1.2
248 silly packumentCache full:https://registry.npmjs.org/parse-svg-path cache-miss
249 http fetch GET 200 https://registry.npmjs.org/color-string 30ms (cache miss)
250 silly packumentCache full:https://registry.npmjs.org/color-string set size:undefined disposed:false
251 silly fetch manifest svg-arc-to-cubic-bezier@^3.2.0
252 silly packumentCache full:https://registry.npmjs.org/svg-arc-to-cubic-bezier cache-miss
253 http fetch GET 200 https://registry.npmjs.org/jay-peg 224ms (cache miss)
254 silly packumentCache full:https://registry.npmjs.org/jay-peg set size:undefined disposed:false
255 silly fetch manifest @react-pdf/stylesheet@^6.1.4
256 silly packumentCache full:https://registry.npmjs.org/@react-pdf%2fstylesheet cache-miss
257 http fetch GET 200 https://registry.npmjs.org/abs-svg-path 209ms (cache miss)
258 silly packumentCache full:https://registry.npmjs.org/abs-svg-path set size:undefined disposed:false
259 silly fetch manifest loose-envify@^1.4.0
260 silly packumentCache full:https://registry.npmjs.org/loose-envify cache-miss
261 http fetch GET 200 https://registry.npmjs.org/vite-compatible-readable-stream 250ms (cache miss)
262 silly packumentCache full:https://registry.npmjs.org/vite-compatible-readable-stream set size:undefined disposed:false
263 silly fetch manifest react-is@^16.13.1
264 silly packumentCache full:https://registry.npmjs.org/react-is cache-miss
265 http fetch GET 200 https://registry.npmjs.org/loose-envify 21ms (cache miss)
266 silly packumentCache full:https://registry.npmjs.org/loose-envify set size:undefined disposed:false
267 silly fetch manifest inherits@~2.0.3
268 silly packumentCache full:https://registry.npmjs.org/inherits cache-miss
269 http fetch GET 200 https://registry.npmjs.org/inherits 29ms (cache miss)
270 silly packumentCache full:https://registry.npmjs.org/inherits set size:undefined disposed:false
271 http fetch GET 200 https://registry.npmjs.org/@react-pdf%2fstylesheet 91ms (cache miss)
272 silly packumentCache full:https://registry.npmjs.org/@react-pdf%2fstylesheet set size:undefined disposed:false
273 http fetch GET 200 https://registry.npmjs.org/@react-pdf%2fstylesheet 369ms (cache miss)
274 silly packumentCache full:https://registry.npmjs.org/@react-pdf%2fstylesheet set size:undefined disposed:false
275 http fetch GET 200 https://registry.npmjs.org/normalize-svg-path 209ms (cache miss)
276 silly packumentCache full:https://registry.npmjs.org/normalize-svg-path set size:undefined disposed:false
277 http fetch GET 200 https://registry.npmjs.org/react-is 96ms (cache miss)
278 silly packumentCache full:https://registry.npmjs.org/react-is set size:undefined disposed:false
279 http fetch GET 200 https://registry.npmjs.org/parse-svg-path 228ms (cache miss)
280 silly packumentCache full:https://registry.npmjs.org/parse-svg-path set size:undefined disposed:false
281 http fetch GET 200 https://registry.npmjs.org/svg-arc-to-cubic-bezier 365ms (cache miss)
282 silly packumentCache full:https://registry.npmjs.org/svg-arc-to-cubic-bezier set size:undefined disposed:false
283 http fetch GET 200 https://registry.npmjs.org/@react-pdf%2ftextkit 790ms (cache miss)
284 silly packumentCache full:https://registry.npmjs.org/@react-pdf%2ftextkit set size:undefined disposed:false
285 http fetch GET 200 https://registry.npmjs.org/@react-pdf%2ftextkit 778ms (cache miss)
286 silly packumentCache full:https://registry.npmjs.org/@react-pdf%2ftextkit set size:undefined disposed:false
287 silly placeDep ROOT fontkit@2.0.4 OK for: @react-pdf/font@4.0.6 want: ^2.0.2
288 silly placeDep ROOT is-url@1.2.4 OK for: @react-pdf/font@4.0.6 want: ^1.2.4
289 silly fetch manifest @swc/helpers@^0.5.12
290 silly packumentCache full:https://registry.npmjs.org/@swc%2fhelpers cache-miss
291 silly fetch manifest brotli@^1.3.2
292 silly packumentCache full:https://registry.npmjs.org/brotli cache-miss
293 silly fetch manifest clone@^2.1.2
294 silly packumentCache full:https://registry.npmjs.org/clone cache-miss
295 silly fetch manifest dfa@^1.2.0
296 silly packumentCache full:https://registry.npmjs.org/dfa cache-miss
297 silly fetch manifest fast-deep-equal@^3.1.3
298 silly packumentCache full:https://registry.npmjs.org/fast-deep-equal cache-miss
299 silly fetch manifest restructure@^3.0.0
300 silly packumentCache full:https://registry.npmjs.org/restructure cache-miss
301 silly fetch manifest tiny-inflate@^1.0.3
302 silly packumentCache full:https://registry.npmjs.org/tiny-inflate cache-miss
303 silly fetch manifest unicode-properties@^1.4.0
304 silly packumentCache full:https://registry.npmjs.org/unicode-properties cache-miss
305 silly fetch manifest unicode-trie@^2.0.0
306 silly packumentCache full:https://registry.npmjs.org/unicode-trie cache-miss
307 http fetch GET 200 https://registry.npmjs.org/dfa 26ms (cache miss)
308 silly packumentCache full:https://registry.npmjs.org/dfa set size:undefined disposed:false
309 http fetch GET 200 https://registry.npmjs.org/brotli 26ms (cache miss)
310 silly packumentCache full:https://registry.npmjs.org/brotli set size:undefined disposed:false
311 http fetch GET 200 https://registry.npmjs.org/unicode-trie 28ms (cache miss)
312 silly packumentCache full:https://registry.npmjs.org/unicode-trie set size:undefined disposed:false
313 http fetch GET 200 https://registry.npmjs.org/fast-deep-equal 29ms (cache miss)
314 silly packumentCache full:https://registry.npmjs.org/fast-deep-equal set size:undefined disposed:false
315 http fetch GET 200 https://registry.npmjs.org/unicode-properties 30ms (cache miss)
316 silly packumentCache full:https://registry.npmjs.org/unicode-properties set size:undefined disposed:false
317 http fetch GET 200 https://registry.npmjs.org/tiny-inflate 36ms (cache miss)
318 silly packumentCache full:https://registry.npmjs.org/tiny-inflate set size:undefined disposed:false
319 http fetch GET 200 https://registry.npmjs.org/clone 37ms (cache miss)
320 silly packumentCache full:https://registry.npmjs.org/clone set size:undefined disposed:false
321 http fetch GET 200 https://registry.npmjs.org/restructure 38ms (cache miss)
322 silly packumentCache full:https://registry.npmjs.org/restructure set size:undefined disposed:false
323 http fetch GET 200 https://registry.npmjs.org/@swc%2fhelpers 231ms (cache miss)
324 silly packumentCache full:https://registry.npmjs.org/@swc%2fhelpers set size:undefined disposed:false
325 silly placeDep ROOT @react-pdf/image@3.0.4 OK for: @react-pdf/layout@4.5.0 want: ^3.0.4
326 silly placeDep ROOT @react-pdf/stylesheet@6.1.4 OK for: @react-pdf/layout@4.5.0 want: ^6.1.4
327 silly placeDep ROOT @react-pdf/textkit@6.1.1 OK for: @react-pdf/layout@4.5.0 want: ^6.1.1
328 silly placeDep ROOT emoji-regex-xs@1.0.0 OK for: @react-pdf/layout@4.5.0 want: ^1.0.0
329 silly placeDep ROOT yoga-layout@3.2.1 OK for: @react-pdf/layout@4.5.0 want: ^3.2.1
330 silly fetch manifest hsl-to-hex@^1.0.0
331 silly packumentCache full:https://registry.npmjs.org/hsl-to-hex cache-miss
332 silly fetch manifest media-engine@^1.0.3
333 silly packumentCache full:https://registry.npmjs.org/media-engine cache-miss
334 silly fetch manifest postcss-value-parser@^4.1.0
335 silly packumentCache full:https://registry.npmjs.org/postcss-value-parser cache-miss
336 silly fetch manifest bidi-js@^1.0.2
337 silly packumentCache full:https://registry.npmjs.org/bidi-js cache-miss
338 silly fetch manifest hyphen@^1.6.4
339 silly packumentCache full:https://registry.npmjs.org/hyphen cache-miss
340 silly fetch manifest unicode-properties@^1.4.1
341 silly packumentCache full:https://registry.npmjs.org/unicode-properties cache-miss
342 http cache https://registry.npmjs.org/unicode-properties 3ms (cache hit)
343 silly packumentCache full:https://registry.npmjs.org/unicode-properties set size:26767 disposed:false
344 http fetch GET 200 https://registry.npmjs.org/bidi-js 35ms (cache miss)
345 silly packumentCache full:https://registry.npmjs.org/bidi-js set size:undefined disposed:false
346 http fetch GET 200 https://registry.npmjs.org/postcss-value-parser 206ms (cache miss)
347 silly packumentCache full:https://registry.npmjs.org/postcss-value-parser set size:undefined disposed:false
348 http fetch GET 200 https://registry.npmjs.org/media-engine 211ms (cache miss)
349 silly packumentCache full:https://registry.npmjs.org/media-engine set size:undefined disposed:false
350 http fetch GET 200 https://registry.npmjs.org/hsl-to-hex 232ms (cache miss)
351 silly packumentCache full:https://registry.npmjs.org/hsl-to-hex set size:undefined disposed:false
352 http fetch GET 200 https://registry.npmjs.org/hyphen 595ms (cache miss)
353 silly packumentCache full:https://registry.npmjs.org/hyphen set size:undefined disposed:false
354 silly placeDep ROOT @react-pdf/png-js@3.0.0 OK for: @react-pdf/image@3.0.4 want: ^3.0.0
355 silly placeDep ROOT jay-peg@1.1.1 OK for: @react-pdf/image@3.0.4 want: ^1.1.1
356 silly placeDep ROOT @noble/ciphers@1.3.0 OK for: @react-pdf/pdfkit@5.0.0 want: ^1.0.0
357 silly placeDep ROOT @noble/hashes@1.8.0 OK for: @react-pdf/pdfkit@5.0.0 want: ^1.6.0
358 silly placeDep ROOT browserify-zlib@0.2.0 OK for: @react-pdf/pdfkit@5.0.0 want: ^0.2.0
359 silly placeDep ROOT js-md5@0.8.3 OK for: @react-pdf/pdfkit@5.0.0 want: ^0.8.3
360 silly placeDep ROOT linebreak@1.1.0 OK for: @react-pdf/pdfkit@5.0.0 want: ^1.1.0
361 silly placeDep ROOT vite-compatible-readable-stream@3.6.1 OK for: @react-pdf/pdfkit@5.0.0 want: ^3.6.1
362 silly fetch manifest pako@~1.0.5
363 silly packumentCache full:https://registry.npmjs.org/pako cache-miss
364 silly fetch manifest base64-js@0.0.8
365 silly packumentCache full:https://registry.npmjs.org/base64-js cache-miss
366 silly fetch manifest inherits@^2.0.3
367 silly packumentCache full:https://registry.npmjs.org/inherits cache-miss
368 silly fetch manifest string_decoder@^1.1.1
369 silly packumentCache full:https://registry.npmjs.org/string_decoder cache-miss
370 silly fetch manifest util-deprecate@^1.0.1
371 silly packumentCache full:https://registry.npmjs.org/util-deprecate cache-miss
372 http cache https://registry.npmjs.org/inherits 4ms (cache hit)
373 silly packumentCache full:https://registry.npmjs.org/inherits set size:12925 disposed:false
374 http fetch GET 200 https://registry.npmjs.org/pako 26ms (cache miss)
375 silly packumentCache full:https://registry.npmjs.org/pako set size:undefined disposed:false
376 http fetch GET 200 https://registry.npmjs.org/string_decoder 33ms (cache miss)
377 silly packumentCache full:https://registry.npmjs.org/string_decoder set size:undefined disposed:false
378 http fetch GET 200 https://registry.npmjs.org/util-deprecate 34ms (cache miss)
379 silly packumentCache full:https://registry.npmjs.org/util-deprecate set size:undefined disposed:false
380 http fetch GET 200 https://registry.npmjs.org/base64-js 55ms (cache miss)
381 silly packumentCache full:https://registry.npmjs.org/base64-js set size:undefined disposed:false
382 silly placeDep ROOT scheduler@0.25.0-rc-603e6108-20241029 OK for: @react-pdf/reconciler@2.0.0 want: 0.25.0-rc-603e6108-20241029
383 silly placeDep ROOT abs-svg-path@0.1.1 OK for: @react-pdf/render@4.4.0 want: ^0.1.1
384 silly placeDep ROOT color-string@1.9.1 OK for: @react-pdf/render@4.4.0 want: ^1.9.1
385 silly placeDep ROOT normalize-svg-path@1.1.0 OK for: @react-pdf/render@4.4.0 want: ^1.1.0
386 silly placeDep ROOT parse-svg-path@0.1.2 OK for: @react-pdf/render@4.4.0 want: ^0.1.2
387 silly placeDep ROOT svg-arc-to-cubic-bezier@3.2.0 OK for: @react-pdf/render@4.4.0 want: ^3.2.0
388 silly fetch manifest color-name@^1.0.0
389 silly packumentCache full:https://registry.npmjs.org/color-name cache-miss
390 silly fetch manifest simple-swizzle@^0.2.2
391 silly packumentCache full:https://registry.npmjs.org/simple-swizzle cache-miss
392 silly fetch manifest svg-arc-to-cubic-bezier@^3.0.0
393 silly packumentCache full:https://registry.npmjs.org/svg-arc-to-cubic-bezier cache-miss
394 http cache https://registry.npmjs.org/svg-arc-to-cubic-bezier 2ms (cache hit)
395 silly packumentCache full:https://registry.npmjs.org/svg-arc-to-cubic-bezier set size:36142 disposed:false
396 http fetch GET 200 https://registry.npmjs.org/simple-swizzle 23ms (cache miss)
397 silly packumentCache full:https://registry.npmjs.org/simple-swizzle set size:undefined disposed:false
398 http fetch GET 200 https://registry.npmjs.org/color-name 40ms (cache miss)
399 silly packumentCache full:https://registry.npmjs.org/color-name set size:undefined disposed:false
400 silly placeDep ROOT hsl-to-hex@1.0.0 OK for: @react-pdf/stylesheet@6.1.4 want: ^1.0.0
401 silly placeDep ROOT media-engine@1.0.3 OK for: @react-pdf/stylesheet@6.1.4 want: ^1.0.3
402 silly placeDep ROOT postcss-value-parser@4.2.0 OK for: @react-pdf/stylesheet@6.1.4 want: ^4.1.0
403 silly fetch manifest hsl-to-rgb-for-reals@^1.1.0
404 silly packumentCache full:https://registry.npmjs.org/hsl-to-rgb-for-reals cache-miss
405 http fetch GET 200 https://registry.npmjs.org/hsl-to-rgb-for-reals 225ms (cache miss)
406 silly packumentCache full:https://registry.npmjs.org/hsl-to-rgb-for-reals set size:undefined disposed:false
407 silly placeDep ROOT bidi-js@1.0.3 OK for: @react-pdf/textkit@6.1.1 want: ^1.0.2
408 silly placeDep ROOT hyphen@1.14.1 OK for: @react-pdf/textkit@6.1.1 want: ^1.6.4
409 silly placeDep ROOT unicode-properties@1.4.1 OK for: @react-pdf/textkit@6.1.1 want: ^1.4.1
410 silly fetch manifest require-from-string@^2.0.2
411 silly packumentCache full:https://registry.npmjs.org/require-from-string cache-miss
412 silly fetch manifest base64-js@^1.3.0
413 silly packumentCache full:https://registry.npmjs.org/base64-js cache-miss
414 http cache https://registry.npmjs.org/base64-js 3ms (cache hit)
415 silly packumentCache full:https://registry.npmjs.org/base64-js set size:41270 disposed:false
416 http fetch GET 200 https://registry.npmjs.org/require-from-string 38ms (cache miss)
417 silly packumentCache full:https://registry.npmjs.org/require-from-string set size:undefined disposed:false
418 silly placeDep ROOT @supabase/auth-js@2.102.1 OK for: @supabase/supabase-js@2.102.1 want: 2.102.1
419 silly placeDep ROOT @supabase/functions-js@2.102.1 OK for: @supabase/supabase-js@2.102.1 want: 2.102.1
420 silly placeDep ROOT @supabase/postgrest-js@2.102.1 OK for: @supabase/supabase-js@2.102.1 want: 2.102.1
421 silly placeDep ROOT @supabase/realtime-js@2.102.1 OK for: @supabase/supabase-js@2.102.1 want: 2.102.1
422 silly placeDep ROOT @supabase/storage-js@2.102.1 OK for: @supabase/supabase-js@2.102.1 want: 2.102.1
423 silly fetch manifest tslib@2.8.1
424 silly packumentCache full:https://registry.npmjs.org/tslib cache-miss
425 silly fetch manifest tslib@2.8.1
426 silly packumentCache full:https://registry.npmjs.org/tslib cache-miss
427 silly fetch manifest tslib@2.8.1
428 silly packumentCache full:https://registry.npmjs.org/tslib cache-miss
429 silly fetch manifest ws@^8.18.2
430 silly packumentCache full:https://registry.npmjs.org/ws cache-miss
431 silly fetch manifest tslib@2.8.1
432 silly packumentCache full:https://registry.npmjs.org/tslib cache-miss
433 silly fetch manifest @types/ws@^8.18.1
434 silly packumentCache full:https://registry.npmjs.org/@types%2fws cache-miss
435 silly fetch manifest @supabase/phoenix@^0.4.0
436 silly packumentCache full:https://registry.npmjs.org/@supabase%2fphoenix cache-miss
437 silly fetch manifest tslib@2.8.1
438 silly packumentCache full:https://registry.npmjs.org/tslib cache-miss
439 silly fetch manifest iceberg-js@^0.8.1
440 silly packumentCache full:https://registry.npmjs.org/iceberg-js cache-miss
441 http cache https://registry.npmjs.org/tslib 9ms (cache hit)
442 silly packumentCache full:https://registry.npmjs.org/tslib set size:108760 disposed:false
443 http cache https://registry.npmjs.org/tslib 12ms (cache hit)
444 silly packumentCache full:https://registry.npmjs.org/tslib set size:108760 disposed:false
445 silly packumentCache full:https://registry.npmjs.org/tslib dispose
446 http cache https://registry.npmjs.org/tslib 11ms (cache hit)
447 silly packumentCache full:https://registry.npmjs.org/tslib set size:108760 disposed:true
448 silly packumentCache full:https://registry.npmjs.org/tslib dispose
449 http cache https://registry.npmjs.org/tslib 14ms (cache hit)
450 silly packumentCache full:https://registry.npmjs.org/tslib set size:108760 disposed:true
451 silly packumentCache full:https://registry.npmjs.org/tslib dispose
452 http cache https://registry.npmjs.org/tslib 14ms (cache hit)
453 silly packumentCache full:https://registry.npmjs.org/tslib set size:108760 disposed:true
454 silly packumentCache full:https://registry.npmjs.org/tslib dispose
455 http fetch GET 200 https://registry.npmjs.org/@types%2fws 34ms (cache miss)
456 silly packumentCache full:https://registry.npmjs.org/@types%2fws set size:undefined disposed:false
457 http fetch GET 200 https://registry.npmjs.org/ws 46ms (cache miss)
458 silly packumentCache full:https://registry.npmjs.org/ws set size:undefined disposed:false
459 http fetch GET 200 https://registry.npmjs.org/@supabase%2fphoenix 53ms (cache miss)
460 silly packumentCache full:https://registry.npmjs.org/@supabase%2fphoenix set size:undefined disposed:false
461 http fetch GET 200 https://registry.npmjs.org/iceberg-js 62ms (cache miss)
462 silly packumentCache full:https://registry.npmjs.org/iceberg-js set size:undefined disposed:false
463 silly placeDep ROOT tslib@2.8.1 OK for: @supabase/auth-js@2.102.1 want: 2.8.1
464 silly fetch manifest bufferutil@^4.0.1
465 silly packumentCache full:https://registry.npmjs.org/bufferutil cache-miss
466 http fetch GET 200 https://registry.npmjs.org/bufferutil 36ms (cache miss)
467 silly packumentCache full:https://registry.npmjs.org/bufferutil set size:undefined disposed:false
468 silly fetch manifest utf-8-validate@>=5.0.2
469 silly packumentCache full:https://registry.npmjs.org/utf-8-validate cache-miss
470 http fetch GET 200 https://registry.npmjs.org/utf-8-validate 30ms (cache miss)
471 silly packumentCache full:https://registry.npmjs.org/utf-8-validate set size:undefined disposed:false
472 silly placeDep ROOT @supabase/phoenix@0.4.0 OK for: @supabase/realtime-js@2.102.1 want: ^0.4.0
473 silly placeDep ROOT @types/ws@8.18.1 OK for: @supabase/realtime-js@2.102.1 want: ^8.18.1
474 silly placeDep ROOT ws@8.20.0 OK for: @supabase/realtime-js@2.102.1 want: ^8.18.2
475 silly fetch manifest @types/node@*
476 silly packumentCache full:https://registry.npmjs.org/@types%2fnode cache-miss
477 http fetch GET 200 https://registry.npmjs.org/@types%2fnode 109ms (cache miss)
478 silly packumentCache full:https://registry.npmjs.org/@types%2fnode set size:undefined disposed:false
479 silly placeDep ROOT iceberg-js@0.8.1 OK for: @supabase/storage-js@2.102.1 want: ^0.8.1
480 silly placeDep ROOT @types/node@25.5.2 OK for: @types/ws@8.18.1 want: *
481 silly fetch manifest undici-types@~7.18.0
482 silly packumentCache full:https://registry.npmjs.org/undici-types cache-miss
483 http fetch GET 200 https://registry.npmjs.org/undici-types 29ms (cache miss)
484 silly packumentCache full:https://registry.npmjs.org/undici-types set size:undefined disposed:false
485 silly placeDep ROOT undici-types@7.18.2 OK for: @types/node@25.5.2 want: ~7.18.0
486 silly placeDep ROOT require-from-string@2.0.2 OK for: bidi-js@1.0.3 want: ^2.0.2
487 silly placeDep ROOT pako@1.0.11 OK for: browserify-zlib@0.2.0 want: ~1.0.5
488 silly placeDep ROOT color-name@1.1.4 OK for: color-string@1.9.1 want: ^1.0.0
489 silly placeDep ROOT simple-swizzle@0.2.4 OK for: color-string@1.9.1 want: ^0.2.2
490 silly fetch manifest is-arrayish@^0.3.1
491 silly packumentCache full:https://registry.npmjs.org/is-arrayish cache-miss
492 http fetch GET 200 https://registry.npmjs.org/is-arrayish 31ms (cache miss)
493 silly packumentCache full:https://registry.npmjs.org/is-arrayish set size:undefined disposed:false
494 silly placeDep ROOT @swc/helpers@0.5.21 OK for: fontkit@2.0.4 want: ^0.5.12
495 silly placeDep ROOT brotli@1.3.3 OK for: fontkit@2.0.4 want: ^1.3.2
496 silly placeDep ROOT clone@2.1.2 OK for: fontkit@2.0.4 want: ^2.1.2
497 silly placeDep ROOT dfa@1.2.0 OK for: fontkit@2.0.4 want: ^1.2.0
498 silly placeDep ROOT fast-deep-equal@3.1.3 OK for: fontkit@2.0.4 want: ^3.1.3
499 silly placeDep ROOT restructure@3.0.2 OK for: fontkit@2.0.4 want: ^3.0.0
500 silly placeDep ROOT tiny-inflate@1.0.3 OK for: fontkit@2.0.4 want: ^1.0.3
501 silly placeDep ROOT unicode-trie@2.0.0 OK for: fontkit@2.0.4 want: ^2.0.0
502 silly fetch manifest base64-js@^1.1.2
503 silly packumentCache full:https://registry.npmjs.org/base64-js cache-hit
504 silly fetch manifest pako@^0.2.5
505 silly packumentCache full:https://registry.npmjs.org/pako cache-miss
506 http cache https://registry.npmjs.org/pako 1ms (cache hit)
507 silly packumentCache full:https://registry.npmjs.org/pako set size:74234 disposed:false
508 silly placeDep ROOT base64-js@1.5.1 OK for: brotli@1.3.3 want: ^1.1.2
509 silly placeDep ROOT motion-dom@12.38.0 OK for: framer-motion@12.38.0 want: ^12.38.0
510 silly placeDep ROOT motion-utils@12.36.0 OK for: framer-motion@12.38.0 want: ^12.36.0
511 silly placeDep ROOT hsl-to-rgb-for-reals@1.1.1 OK for: hsl-to-hex@1.0.0 want: ^1.1.0
512 silly placeDep node_modules/linebreak base64-js@0.0.8 OK for: linebreak@1.1.0 want: 0.0.8
513 silly placeDep ROOT loose-envify@1.4.0 OK for: prop-types@15.8.1 want: ^1.4.0
514 silly placeDep ROOT react-is@16.13.1 OK for: prop-types@15.8.1 want: ^16.13.1
515 silly fetch manifest js-tokens@^3.0.0 || ^4.0.0
516 silly packumentCache full:https://registry.npmjs.org/js-tokens cache-miss
517 http fetch GET 200 https://registry.npmjs.org/js-tokens 22ms (cache miss)
518 silly packumentCache full:https://registry.npmjs.org/js-tokens set size:undefined disposed:false
519 silly placeDep ROOT js-tokens@4.0.0 OK for: loose-envify@1.4.0 want: ^3.0.0 || ^4.0.0
520 silly placeDep ROOT inherits@2.0.4 OK for: queue@6.0.2 want: ~2.0.3
521 silly placeDep node_modules/react-dom scheduler@0.27.0 OK for: react-dom@19.2.5 want: ^0.27.0
522 silly fetch manifest react@>=18
523 silly packumentCache full:https://registry.npmjs.org/react cache-miss
524 http cache https://registry.npmjs.org/react 7ms (cache hit)
525 silly packumentCache full:https://registry.npmjs.org/react set size:6594137 disposed:false
526 silly fetch manifest react-dom@>=18
527 silly packumentCache full:https://registry.npmjs.org/react-dom cache-miss
528 http cache https://registry.npmjs.org/react-dom 14ms (cache hit)
529 silly packumentCache full:https://registry.npmjs.org/react-dom set size:8771896 disposed:false
530 silly placeDep ROOT react-router@7.14.0 OK for: react-router-dom@7.14.0 want: 7.14.0
531 silly fetch manifest cookie@^1.0.1
532 silly packumentCache full:https://registry.npmjs.org/cookie cache-miss
533 silly fetch manifest set-cookie-parser@^2.6.0
534 silly packumentCache full:https://registry.npmjs.org/set-cookie-parser cache-miss
535 http fetch GET 200 https://registry.npmjs.org/cookie 26ms (cache miss)
536 silly packumentCache full:https://registry.npmjs.org/cookie set size:undefined disposed:false
537 http fetch GET 200 https://registry.npmjs.org/set-cookie-parser 29ms (cache miss)
538 silly packumentCache full:https://registry.npmjs.org/set-cookie-parser set size:undefined disposed:false
539 silly placeDep ROOT cookie@1.1.1 OK for: react-router@7.14.0 want: ^1.0.1
540 silly placeDep ROOT set-cookie-parser@2.7.2 OK for: react-router@7.14.0 want: ^2.6.0
541 silly placeDep ROOT is-arrayish@0.3.4 OK for: simple-swizzle@0.2.4 want: ^0.3.1
542 silly placeDep node_modules/unicode-trie pako@0.2.9 OK for: unicode-trie@2.0.0 want: ^0.2.5
543 silly placeDep ROOT string_decoder@1.3.0 OK for: vite-compatible-readable-stream@3.6.1 want: ^1.1.1
544 silly placeDep ROOT util-deprecate@1.0.2 OK for: vite-compatible-readable-stream@3.6.1 want: ^1.0.1
545 silly fetch manifest safe-buffer@~5.2.0
546 silly packumentCache full:https://registry.npmjs.org/safe-buffer cache-miss
547 http fetch GET 200 https://registry.npmjs.org/safe-buffer 30ms (cache miss)
548 silly packumentCache full:https://registry.npmjs.org/safe-buffer set size:undefined disposed:false
549 silly placeDep ROOT safe-buffer@5.2.1 OK for: string_decoder@1.3.0 want: ~5.2.0
550 silly reify moves {}
551 silly audit bulk request {
551 silly audit   '@react-pdf/renderer': [ '4.4.0' ],
551 silly audit   '@supabase/supabase-js': [ '2.102.1' ],
551 silly audit   clsx: [ '2.1.1' ],
551 silly audit   'date-fns': [ '4.1.0' ],
551 silly audit   'framer-motion': [ '12.38.0' ],
551 silly audit   lodash: [ '4.18.1' ],
551 silly audit   'lucide-react': [ '1.7.0' ],
551 silly audit   react: [ '19.2.5' ],
551 silly audit   'react-dom': [ '19.2.5' ],
551 silly audit   'react-router-dom': [ '7.14.0' ],
551 silly audit   'tailwind-merge': [ '3.5.0' ],
551 silly audit   '@babel/runtime': [ '7.29.2' ],
551 silly audit   '@react-pdf/fns': [ '3.1.3' ],
551 silly audit   '@react-pdf/font': [ '4.0.6' ],
551 silly audit   '@react-pdf/layout': [ '4.5.0' ],
551 silly audit   '@react-pdf/pdfkit': [ '5.0.0' ],
551 silly audit   '@react-pdf/primitives': [ '4.2.0' ],
551 silly audit   '@react-pdf/reconciler': [ '2.0.0' ],
551 silly audit   '@react-pdf/render': [ '4.4.0' ],
551 silly audit   '@react-pdf/types': [ '2.10.0' ],
551 silly audit   events: [ '3.3.0' ],
551 silly audit   'object-assign': [ '4.1.1' ],
551 silly audit   'prop-types': [ '15.8.1' ],
551 silly audit   queue: [ '6.0.2' ],
551 silly audit   fontkit: [ '2.0.4' ],
551 silly audit   'is-url': [ '1.2.4' ],
551 silly audit   '@react-pdf/image': [ '3.0.4' ],
551 silly audit   '@react-pdf/stylesheet': [ '6.1.4' ],
551 silly audit   '@react-pdf/textkit': [ '6.1.1' ],
551 silly audit   'emoji-regex-xs': [ '1.0.0' ],
551 silly audit   'yoga-layout': [ '3.2.1' ],
551 silly audit   '@react-pdf/png-js': [ '3.0.0' ],
551 silly audit   'jay-peg': [ '1.1.1' ],
551 silly audit   '@noble/ciphers': [ '1.3.0' ],
551 silly audit   '@noble/hashes': [ '1.8.0' ],
551 silly audit   'browserify-zlib': [ '0.2.0' ],
551 silly audit   'js-md5': [ '0.8.3' ],
551 silly audit   linebreak: [ '1.1.0' ],
551 silly audit   'vite-compatible-readable-stream': [ '3.6.1' ],
551 silly audit   scheduler: [ '0.25.0-rc-603e6108-20241029', '0.27.0' ],
551 silly audit   'abs-svg-path': [ '0.1.1' ],
551 silly audit   'color-string': [ '1.9.1' ],
551 silly audit   'normalize-svg-path': [ '1.1.0' ],
551 silly audit   'parse-svg-path': [ '0.1.2' ],
551 silly audit   'svg-arc-to-cubic-bezier': [ '3.2.0' ],
551 silly audit   'hsl-to-hex': [ '1.0.0' ],
551 silly audit   'media-engine': [ '1.0.3' ],
551 silly audit   'postcss-value-parser': [ '4.2.0' ],
551 silly audit   'bidi-js': [ '1.0.3' ],
551 silly audit   hyphen: [ '1.14.1' ],
551 silly audit   'unicode-properties': [ '1.4.1' ],
551 silly audit   '@supabase/auth-js': [ '2.102.1' ],
551 silly audit   '@supabase/functions-js': [ '2.102.1' ],
551 silly audit   '@supabase/postgrest-js': [ '2.102.1' ],
551 silly audit   '@supabase/realtime-js': [ '2.102.1' ],
551 silly audit   '@supabase/storage-js': [ '2.102.1' ],
551 silly audit   tslib: [ '2.8.1' ],
551 silly audit   '@supabase/phoenix': [ '0.4.0' ],
551 silly audit   '@types/ws': [ '8.18.1' ],
551 silly audit   ws: [ '8.20.0' ],
551 silly audit   'iceberg-js': [ '0.8.1' ],
551 silly audit   '@types/node': [ '25.5.2' ],
551 silly audit   'undici-types': [ '7.18.2' ],
551 silly audit   'require-from-string': [ '2.0.2' ],
551 silly audit   pako: [ '1.0.11', '0.2.9' ],
551 silly audit   'color-name': [ '1.1.4' ],
551 silly audit   'simple-swizzle': [ '0.2.4' ],
551 silly audit   '@swc/helpers': [ '0.5.21' ],
551 silly audit   brotli: [ '1.3.3' ],
551 silly audit   clone: [ '2.1.2' ],
551 silly audit   dfa: [ '1.2.0' ],
551 silly audit   'fast-deep-equal': [ '3.1.3' ],
551 silly audit   restructure: [ '3.0.2' ],
551 silly audit   'tiny-inflate': [ '1.0.3' ],
551 silly audit   'unicode-trie': [ '2.0.0' ],
551 silly audit   'base64-js': [ '1.5.1', '0.0.8' ],
551 silly audit   'motion-dom': [ '12.38.0' ],
551 silly audit   'motion-utils': [ '12.36.0' ],
551 silly audit   'hsl-to-rgb-for-reals': [ '1.1.1' ],
551 silly audit   'loose-envify': [ '1.4.0' ],
551 silly audit   'react-is': [ '16.13.1' ],
551 silly audit   'js-tokens': [ '4.0.0' ],
551 silly audit   inherits: [ '2.0.4' ],
551 silly audit   'react-router': [ '7.14.0' ],
551 silly audit   cookie: [ '1.1.1' ],
551 silly audit   'set-cookie-parser': [ '2.7.2' ],
551 silly audit   'is-arrayish': [ '0.3.4' ],
551 silly audit   string_decoder: [ '1.3.0' ],
551 silly audit   'util-deprecate': [ '1.0.2' ],
551 silly audit   'safe-buffer': [ '5.2.1' ]
551 silly audit }
552 http cache safe-buffer@https://registry.npmjs.org/safe-buffer/-/safe-buffer-5.2.1.tgz 0ms (cache hit)
553 http cache util-deprecate@https://registry.npmjs.org/util-deprecate/-/util-deprecate-1.0.2.tgz 0ms (cache hit)
554 http cache string_decoder@https://registry.npmjs.org/string_decoder/-/string_decoder-1.3.0.tgz 0ms (cache hit)
555 http cache is-arrayish@https://registry.npmjs.org/is-arrayish/-/is-arrayish-0.3.4.tgz 0ms (cache hit)
556 http cache cookie@https://registry.npmjs.org/cookie/-/cookie-1.1.1.tgz 0ms (cache hit)
557 http cache set-cookie-parser@https://registry.npmjs.org/set-cookie-parser/-/set-cookie-parser-2.7.2.tgz 0ms (cache hit)
558 http cache inherits@https://registry.npmjs.org/inherits/-/inherits-2.0.4.tgz 0ms (cache hit)
559 http cache js-tokens@https://registry.npmjs.org/js-tokens/-/js-tokens-4.0.0.tgz 0ms (cache hit)
560 http cache react-router@https://registry.npmjs.org/react-router/-/react-router-7.14.0.tgz 0ms (cache hit)
561 http cache react-is@https://registry.npmjs.org/react-is/-/react-is-16.13.1.tgz 0ms (cache hit)
562 http cache loose-envify@https://registry.npmjs.org/loose-envify/-/loose-envify-1.4.0.tgz 0ms (cache hit)
563 http cache hsl-to-rgb-for-reals@https://registry.npmjs.org/hsl-to-rgb-for-reals/-/hsl-to-rgb-for-reals-1.1.1.tgz 0ms (cache hit)
564 http cache motion-dom@https://registry.npmjs.org/motion-dom/-/motion-dom-12.38.0.tgz 0ms (cache hit)
565 http cache base64-js@https://registry.npmjs.org/base64-js/-/base64-js-1.5.1.tgz 0ms (cache hit)
566 http cache tiny-inflate@https://registry.npmjs.org/tiny-inflate/-/tiny-inflate-1.0.3.tgz 0ms (cache hit)
567 http cache unicode-trie@https://registry.npmjs.org/unicode-trie/-/unicode-trie-2.0.0.tgz 0ms (cache hit)
568 http cache motion-utils@https://registry.npmjs.org/motion-utils/-/motion-utils-12.36.0.tgz 0ms (cache hit)
569 http cache restructure@https://registry.npmjs.org/restructure/-/restructure-3.0.2.tgz 0ms (cache hit)
570 http cache fast-deep-equal@https://registry.npmjs.org/fast-deep-equal/-/fast-deep-equal-3.1.3.tgz 0ms (cache hit)
571 http cache dfa@https://registry.npmjs.org/dfa/-/dfa-1.2.0.tgz 0ms (cache hit)
572 http cache brotli@https://registry.npmjs.org/brotli/-/brotli-1.3.3.tgz 0ms (cache hit)
573 http cache clone@https://registry.npmjs.org/clone/-/clone-2.1.2.tgz 0ms (cache hit)
574 http cache @swc/helpers@https://registry.npmjs.org/@swc/helpers/-/helpers-0.5.21.tgz 0ms (cache hit)
575 http cache simple-swizzle@https://registry.npmjs.org/simple-swizzle/-/simple-swizzle-0.2.4.tgz 0ms (cache hit)
576 http cache color-name@https://registry.npmjs.org/color-name/-/color-name-1.1.4.tgz 0ms (cache hit)
577 http cache require-from-string@https://registry.npmjs.org/require-from-string/-/require-from-string-2.0.2.tgz 0ms (cache hit)
578 http cache pako@https://registry.npmjs.org/pako/-/pako-1.0.11.tgz 0ms (cache hit)
579 http cache undici-types@https://registry.npmjs.org/undici-types/-/undici-types-7.18.2.tgz 0ms (cache hit)
580 http cache @types/node@https://registry.npmjs.org/@types/node/-/node-25.5.2.tgz 0ms (cache hit)
581 http cache iceberg-js@https://registry.npmjs.org/iceberg-js/-/iceberg-js-0.8.1.tgz 0ms (cache hit)
582 http cache @types/ws@https://registry.npmjs.org/@types/ws/-/ws-8.18.1.tgz 0ms (cache hit)
583 http cache tslib@https://registry.npmjs.org/tslib/-/tslib-2.8.1.tgz 0ms (cache hit)
584 http cache @supabase/phoenix@https://registry.npmjs.org/@supabase/phoenix/-/phoenix-0.4.0.tgz 0ms (cache hit)
585 http cache ws@https://registry.npmjs.org/ws/-/ws-8.20.0.tgz 0ms (cache hit)
586 http cache @supabase/realtime-js@https://registry.npmjs.org/@supabase/realtime-js/-/realtime-js-2.102.1.tgz 0ms (cache hit)
587 http cache @supabase/storage-js@https://registry.npmjs.org/@supabase/storage-js/-/storage-js-2.102.1.tgz 0ms (cache hit)
588 http cache @supabase/postgrest-js@https://registry.npmjs.org/@supabase/postgrest-js/-/postgrest-js-2.102.1.tgz 0ms (cache hit)
589 http cache @supabase/functions-js@https://registry.npmjs.org/@supabase/functions-js/-/functions-js-2.102.1.tgz 0ms (cache hit)
590 http cache @supabase/auth-js@https://registry.npmjs.org/@supabase/auth-js/-/auth-js-2.102.1.tgz 0ms (cache hit)
591 http cache unicode-properties@https://registry.npmjs.org/unicode-properties/-/unicode-properties-1.4.1.tgz 0ms (cache hit)
592 http cache hyphen@https://registry.npmjs.org/hyphen/-/hyphen-1.14.1.tgz 0ms (cache hit)
593 http cache bidi-js@https://registry.npmjs.org/bidi-js/-/bidi-js-1.0.3.tgz 0ms (cache hit)
594 http cache media-engine@https://registry.npmjs.org/media-engine/-/media-engine-1.0.3.tgz 0ms (cache hit)
595 http cache svg-arc-to-cubic-bezier@https://registry.npmjs.org/svg-arc-to-cubic-bezier/-/svg-arc-to-cubic-bezier-3.2.0.tgz 0ms (cache hit)
596 http cache postcss-value-parser@https://registry.npmjs.org/postcss-value-parser/-/postcss-value-parser-4.2.0.tgz 0ms (cache hit)
597 http cache parse-svg-path@https://registry.npmjs.org/parse-svg-path/-/parse-svg-path-0.1.2.tgz 0ms (cache hit)
598 http cache normalize-svg-path@https://registry.npmjs.org/normalize-svg-path/-/normalize-svg-path-1.1.0.tgz 0ms (cache hit)
599 http cache color-string@https://registry.npmjs.org/color-string/-/color-string-1.9.1.tgz 0ms (cache hit)
600 http cache hsl-to-hex@https://registry.npmjs.org/hsl-to-hex/-/hsl-to-hex-1.0.0.tgz 0ms (cache hit)
601 http cache abs-svg-path@https://registry.npmjs.org/abs-svg-path/-/abs-svg-path-0.1.1.tgz 0ms (cache hit)
602 http cache scheduler@https://registry.npmjs.org/scheduler/-/scheduler-0.25.0-rc-603e6108-20241029.tgz 0ms (cache hit)
603 http cache vite-compatible-readable-stream@https://registry.npmjs.org/vite-compatible-readable-stream/-/vite-compatible-readable-stream-3.6.1.tgz 0ms (cache hit)
604 http cache linebreak@https://registry.npmjs.org/linebreak/-/linebreak-1.1.0.tgz 0ms (cache hit)
605 http cache js-md5@https://registry.npmjs.org/js-md5/-/js-md5-0.8.3.tgz 0ms (cache hit)
606 http cache browserify-zlib@https://registry.npmjs.org/browserify-zlib/-/browserify-zlib-0.2.0.tgz 0ms (cache hit)
607 http cache @noble/ciphers@https://registry.npmjs.org/@noble/ciphers/-/ciphers-1.3.0.tgz 0ms (cache hit)
608 http cache jay-peg@https://registry.npmjs.org/jay-peg/-/jay-peg-1.1.1.tgz 0ms (cache hit)
609 http cache yoga-layout@https://registry.npmjs.org/yoga-layout/-/yoga-layout-3.2.1.tgz 0ms (cache hit)
610 http cache @react-pdf/png-js@https://registry.npmjs.org/@react-pdf/png-js/-/png-js-3.0.0.tgz 0ms (cache hit)
611 http cache emoji-regex-xs@https://registry.npmjs.org/emoji-regex-xs/-/emoji-regex-xs-1.0.0.tgz 0ms (cache hit)
612 http cache @react-pdf/textkit@https://registry.npmjs.org/@react-pdf/textkit/-/textkit-6.1.1.tgz 0ms (cache hit)
613 http cache @react-pdf/stylesheet@https://registry.npmjs.org/@react-pdf/stylesheet/-/stylesheet-6.1.4.tgz 0ms (cache hit)
614 http cache @react-pdf/image@https://registry.npmjs.org/@react-pdf/image/-/image-3.0.4.tgz 0ms (cache hit)
615 http cache @noble/hashes@https://registry.npmjs.org/@noble/hashes/-/hashes-1.8.0.tgz 0ms (cache hit)
616 http cache is-url@https://registry.npmjs.org/is-url/-/is-url-1.2.4.tgz 0ms (cache hit)
617 http cache queue@https://registry.npmjs.org/queue/-/queue-6.0.2.tgz 0ms (cache hit)
618 http cache fontkit@https://registry.npmjs.org/fontkit/-/fontkit-2.0.4.tgz 0ms (cache hit)
619 http cache prop-types@https://registry.npmjs.org/prop-types/-/prop-types-15.8.1.tgz 0ms (cache hit)
620 http cache events@https://registry.npmjs.org/events/-/events-3.3.0.tgz 0ms (cache hit)
621 http cache @react-pdf/render@https://registry.npmjs.org/@react-pdf/render/-/render-4.4.0.tgz 0ms (cache hit)
622 http cache @react-pdf/reconciler@https://registry.npmjs.org/@react-pdf/reconciler/-/reconciler-2.0.0.tgz 0ms (cache hit)
623 http cache @react-pdf/types@https://registry.npmjs.org/@react-pdf/types/-/types-2.10.0.tgz 0ms (cache hit)
624 http cache @react-pdf/primitives@https://registry.npmjs.org/@react-pdf/primitives/-/primitives-4.2.0.tgz 0ms (cache hit)
625 http cache object-assign@https://registry.npmjs.org/object-assign/-/object-assign-4.1.1.tgz 0ms (cache hit)
626 http cache @react-pdf/pdfkit@https://registry.npmjs.org/@react-pdf/pdfkit/-/pdfkit-5.0.0.tgz 0ms (cache hit)
627 http cache @react-pdf/layout@https://registry.npmjs.org/@react-pdf/layout/-/layout-4.5.0.tgz 0ms (cache hit)
628 http cache @react-pdf/font@https://registry.npmjs.org/@react-pdf/font/-/font-4.0.6.tgz 0ms (cache hit)
629 http cache @babel/runtime@https://registry.npmjs.org/@babel/runtime/-/runtime-7.29.2.tgz 0ms (cache hit)
630 http cache tailwind-merge@https://registry.npmjs.org/tailwind-merge/-/tailwind-merge-3.5.0.tgz 1ms (cache hit)
631 http cache react-router-dom@https://registry.npmjs.org/react-router-dom/-/react-router-dom-7.14.0.tgz 0ms (cache hit)
632 http cache @react-pdf/fns@https://registry.npmjs.org/@react-pdf/fns/-/fns-3.1.3.tgz 0ms (cache hit)
633 http cache react-dom@https://registry.npmjs.org/react-dom/-/react-dom-19.2.5.tgz 0ms (cache hit)
634 http cache lodash@https://registry.npmjs.org/lodash/-/lodash-4.18.1.tgz 0ms (cache hit)
635 http cache react@https://registry.npmjs.org/react/-/react-19.2.5.tgz 0ms (cache hit)
636 http cache lucide-react@https://registry.npmjs.org/lucide-react/-/lucide-react-1.7.0.tgz 0ms (cache hit)
637 http cache framer-motion@https://registry.npmjs.org/framer-motion/-/framer-motion-12.38.0.tgz 0ms (cache hit)
638 http cache clsx@https://registry.npmjs.org/clsx/-/clsx-2.1.1.tgz 0ms (cache hit)
639 http cache date-fns@https://registry.npmjs.org/date-fns/-/date-fns-4.1.0.tgz 0ms (cache hit)
640 http cache @react-pdf/renderer@https://registry.npmjs.org/@react-pdf/renderer/-/renderer-4.4.0.tgz 0ms (cache hit)
641 http cache @supabase/supabase-js@https://registry.npmjs.org/@supabase/supabase-js/-/supabase-js-2.102.1.tgz 0ms (cache hit)
642 http cache pako@https://registry.npmjs.org/pako/-/pako-0.2.9.tgz 0ms (cache hit)
643 http cache scheduler@https://registry.npmjs.org/scheduler/-/scheduler-0.27.0.tgz 0ms (cache hit)
644 http cache base64-js@https://registry.npmjs.org/base64-js/-/base64-js-0.0.8.tgz 0ms (cache hit)
645 silly tarball no local data for safe-buffer@https://registry.npmjs.org/safe-buffer/-/safe-buffer-5.2.1.tgz. Extracting by manifest.
646 silly tarball no local data for util-deprecate@https://registry.npmjs.org/util-deprecate/-/util-deprecate-1.0.2.tgz. Extracting by manifest.
647 silly tarball no local data for string_decoder@https://registry.npmjs.org/string_decoder/-/string_decoder-1.3.0.tgz. Extracting by manifest.
648 silly tarball no local data for is-arrayish@https://registry.npmjs.org/is-arrayish/-/is-arrayish-0.3.4.tgz. Extracting by manifest.
649 silly tarball no local data for cookie@https://registry.npmjs.org/cookie/-/cookie-1.1.1.tgz. Extracting by manifest.
650 silly tarball no local data for set-cookie-parser@https://registry.npmjs.org/set-cookie-parser/-/set-cookie-parser-2.7.2.tgz. Extracting by manifest.
651 silly tarball no local data for inherits@https://registry.npmjs.org/inherits/-/inherits-2.0.4.tgz. Extracting by manifest.
652 silly tarball no local data for js-tokens@https://registry.npmjs.org/js-tokens/-/js-tokens-4.0.0.tgz. Extracting by manifest.
653 silly tarball no local data for react-router@https://registry.npmjs.org/react-router/-/react-router-7.14.0.tgz. Extracting by manifest.
654 silly tarball no local data for react-is@https://registry.npmjs.org/react-is/-/react-is-16.13.1.tgz. Extracting by manifest.
655 silly tarball no local data for loose-envify@https://registry.npmjs.org/loose-envify/-/loose-envify-1.4.0.tgz. Extracting by manifest.
656 silly tarball no local data for hsl-to-rgb-for-reals@https://registry.npmjs.org/hsl-to-rgb-for-reals/-/hsl-to-rgb-for-reals-1.1.1.tgz. Extracting by manifest.
657 silly tarball no local data for motion-dom@https://registry.npmjs.org/motion-dom/-/motion-dom-12.38.0.tgz. Extracting by manifest.
658 silly tarball no local data for base64-js@https://registry.npmjs.org/base64-js/-/base64-js-1.5.1.tgz. Extracting by manifest.
659 silly tarball no local data for tiny-inflate@https://registry.npmjs.org/tiny-inflate/-/tiny-inflate-1.0.3.tgz. Extracting by manifest.
660 silly tarball no local data for unicode-trie@https://registry.npmjs.org/unicode-trie/-/unicode-trie-2.0.0.tgz. Extracting by manifest.
661 silly tarball no local data for motion-utils@https://registry.npmjs.org/motion-utils/-/motion-utils-12.36.0.tgz. Extracting by manifest.
662 silly tarball no local data for restructure@https://registry.npmjs.org/restructure/-/restructure-3.0.2.tgz. Extracting by manifest.
663 silly tarball no local data for fast-deep-equal@https://registry.npmjs.org/fast-deep-equal/-/fast-deep-equal-3.1.3.tgz. Extracting by manifest.
664 silly tarball no local data for dfa@https://registry.npmjs.org/dfa/-/dfa-1.2.0.tgz. Extracting by manifest.
665 silly tarball no local data for brotli@https://registry.npmjs.org/brotli/-/brotli-1.3.3.tgz. Extracting by manifest.
666 silly tarball no local data for clone@https://registry.npmjs.org/clone/-/clone-2.1.2.tgz. Extracting by manifest.
667 silly tarball no local data for @swc/helpers@https://registry.npmjs.org/@swc/helpers/-/helpers-0.5.21.tgz. Extracting by manifest.
668 silly tarball no local data for simple-swizzle@https://registry.npmjs.org/simple-swizzle/-/simple-swizzle-0.2.4.tgz. Extracting by manifest.
669 silly tarball no local data for color-name@https://registry.npmjs.org/color-name/-/color-name-1.1.4.tgz. Extracting by manifest.
670 silly tarball no local data for require-from-string@https://registry.npmjs.org/require-from-string/-/require-from-string-2.0.2.tgz. Extracting by manifest.
671 silly tarball no local data for pako@https://registry.npmjs.org/pako/-/pako-1.0.11.tgz. Extracting by manifest.
672 silly tarball no local data for undici-types@https://registry.npmjs.org/undici-types/-/undici-types-7.18.2.tgz. Extracting by manifest.
673 silly tarball no local data for @types/node@https://registry.npmjs.org/@types/node/-/node-25.5.2.tgz. Extracting by manifest.
674 silly tarball no local data for iceberg-js@https://registry.npmjs.org/iceberg-js/-/iceberg-js-0.8.1.tgz. Extracting by manifest.
675 silly tarball no local data for @types/ws@https://registry.npmjs.org/@types/ws/-/ws-8.18.1.tgz. Extracting by manifest.
676 silly tarball no local data for tslib@https://registry.npmjs.org/tslib/-/tslib-2.8.1.tgz. Extracting by manifest.
677 silly tarball no local data for @supabase/phoenix@https://registry.npmjs.org/@supabase/phoenix/-/phoenix-0.4.0.tgz. Extracting by manifest.
678 silly tarball no local data for ws@https://registry.npmjs.org/ws/-/ws-8.20.0.tgz. Extracting by manifest.
679 silly tarball no local data for @supabase/realtime-js@https://registry.npmjs.org/@supabase/realtime-js/-/realtime-js-2.102.1.tgz. Extracting by manifest.
680 silly tarball no local data for @supabase/storage-js@https://registry.npmjs.org/@supabase/storage-js/-/storage-js-2.102.1.tgz. Extracting by manifest.
681 silly tarball no local data for @supabase/postgrest-js@https://registry.npmjs.org/@supabase/postgrest-js/-/postgrest-js-2.102.1.tgz. Extracting by manifest.
682 silly tarball no local data for @supabase/functions-js@https://registry.npmjs.org/@supabase/functions-js/-/functions-js-2.102.1.tgz. Extracting by manifest.
683 silly tarball no local data for @supabase/auth-js@https://registry.npmjs.org/@supabase/auth-js/-/auth-js-2.102.1.tgz. Extracting by manifest.
684 silly tarball no local data for unicode-properties@https://registry.npmjs.org/unicode-properties/-/unicode-properties-1.4.1.tgz. Extracting by manifest.
685 silly tarball no local data for hyphen@https://registry.npmjs.org/hyphen/-/hyphen-1.14.1.tgz. Extracting by manifest.
686 silly tarball no local data for bidi-js@https://registry.npmjs.org/bidi-js/-/bidi-js-1.0.3.tgz. Extracting by manifest.
687 silly tarball no local data for media-engine@https://registry.npmjs.org/media-engine/-/media-engine-1.0.3.tgz. Extracting by manifest.
688 silly tarball no local data for svg-arc-to-cubic-bezier@https://registry.npmjs.org/svg-arc-to-cubic-bezier/-/svg-arc-to-cubic-bezier-3.2.0.tgz. Extracting by manifest.
689 silly tarball no local data for postcss-value-parser@https://registry.npmjs.org/postcss-value-parser/-/postcss-value-parser-4.2.0.tgz. Extracting by manifest.
690 silly tarball no local data for parse-svg-path@https://registry.npmjs.org/parse-svg-path/-/parse-svg-path-0.1.2.tgz. Extracting by manifest.
691 silly tarball no local data for normalize-svg-path@https://registry.npmjs.org/normalize-svg-path/-/normalize-svg-path-1.1.0.tgz. Extracting by manifest.
692 silly tarball no local data for color-string@https://registry.npmjs.org/color-string/-/color-string-1.9.1.tgz. Extracting by manifest.
693 silly tarball no local data for hsl-to-hex@https://registry.npmjs.org/hsl-to-hex/-/hsl-to-hex-1.0.0.tgz. Extracting by manifest.
694 silly tarball no local data for abs-svg-path@https://registry.npmjs.org/abs-svg-path/-/abs-svg-path-0.1.1.tgz. Extracting by manifest.
695 silly tarball no local data for scheduler@https://registry.npmjs.org/scheduler/-/scheduler-0.25.0-rc-603e6108-20241029.tgz. Extracting by manifest.
696 silly tarball no local data for vite-compatible-readable-stream@https://registry.npmjs.org/vite-compatible-readable-stream/-/vite-compatible-readable-stream-3.6.1.tgz. Extracting by manifest.
697 silly tarball no local data for linebreak@https://registry.npmjs.org/linebreak/-/linebreak-1.1.0.tgz. Extracting by manifest.
698 silly tarball no local data for js-md5@https://registry.npmjs.org/js-md5/-/js-md5-0.8.3.tgz. Extracting by manifest.
699 silly tarball no local data for browserify-zlib@https://registry.npmjs.org/browserify-zlib/-/browserify-zlib-0.2.0.tgz. Extracting by manifest.
700 silly tarball no local data for @noble/ciphers@https://registry.npmjs.org/@noble/ciphers/-/ciphers-1.3.0.tgz. Extracting by manifest.
701 silly tarball no local data for jay-peg@https://registry.npmjs.org/jay-peg/-/jay-peg-1.1.1.tgz. Extracting by manifest.
702 silly tarball no local data for yoga-layout@https://registry.npmjs.org/yoga-layout/-/yoga-layout-3.2.1.tgz. Extracting by manifest.
703 silly tarball no local data for @react-pdf/png-js@https://registry.npmjs.org/@react-pdf/png-js/-/png-js-3.0.0.tgz. Extracting by manifest.
704 silly tarball no local data for emoji-regex-xs@https://registry.npmjs.org/emoji-regex-xs/-/emoji-regex-xs-1.0.0.tgz. Extracting by manifest.
705 silly tarball no local data for @react-pdf/textkit@https://registry.npmjs.org/@react-pdf/textkit/-/textkit-6.1.1.tgz. Extracting by manifest.
706 silly tarball no local data for @react-pdf/stylesheet@https://registry.npmjs.org/@react-pdf/stylesheet/-/stylesheet-6.1.4.tgz. Extracting by manifest.
707 silly tarball no local data for @react-pdf/image@https://registry.npmjs.org/@react-pdf/image/-/image-3.0.4.tgz. Extracting by manifest.
708 silly tarball no local data for @noble/hashes@https://registry.npmjs.org/@noble/hashes/-/hashes-1.8.0.tgz. Extracting by manifest.
709 silly tarball no local data for is-url@https://registry.npmjs.org/is-url/-/is-url-1.2.4.tgz. Extracting by manifest.
710 silly tarball no local data for queue@https://registry.npmjs.org/queue/-/queue-6.0.2.tgz. Extracting by manifest.
711 silly tarball no local data for fontkit@https://registry.npmjs.org/fontkit/-/fontkit-2.0.4.tgz. Extracting by manifest.
712 silly tarball no local data for prop-types@https://registry.npmjs.org/prop-types/-/prop-types-15.8.1.tgz. Extracting by manifest.
713 silly tarball no local data for events@https://registry.npmjs.org/events/-/events-3.3.0.tgz. Extracting by manifest.
714 silly tarball no local data for @react-pdf/render@https://registry.npmjs.org/@react-pdf/render/-/render-4.4.0.tgz. Extracting by manifest.
715 silly tarball no local data for @react-pdf/reconciler@https://registry.npmjs.org/@react-pdf/reconciler/-/reconciler-2.0.0.tgz. Extracting by manifest.
716 silly tarball no local data for @react-pdf/types@https://registry.npmjs.org/@react-pdf/types/-/types-2.10.0.tgz. Extracting by manifest.
717 silly tarball no local data for @react-pdf/primitives@https://registry.npmjs.org/@react-pdf/primitives/-/primitives-4.2.0.tgz. Extracting by manifest.
718 silly tarball no local data for object-assign@https://registry.npmjs.org/object-assign/-/object-assign-4.1.1.tgz. Extracting by manifest.
719 silly tarball no local data for @react-pdf/pdfkit@https://registry.npmjs.org/@react-pdf/pdfkit/-/pdfkit-5.0.0.tgz. Extracting by manifest.
720 silly tarball no local data for @react-pdf/layout@https://registry.npmjs.org/@react-pdf/layout/-/layout-4.5.0.tgz. Extracting by manifest.
721 silly tarball no local data for @react-pdf/font@https://registry.npmjs.org/@react-pdf/font/-/font-4.0.6.tgz. Extracting by manifest.
722 silly tarball no local data for @babel/runtime@https://registry.npmjs.org/@babel/runtime/-/runtime-7.29.2.tgz. Extracting by manifest.
723 silly tarball no local data for tailwind-merge@https://registry.npmjs.org/tailwind-merge/-/tailwind-merge-3.5.0.tgz. Extracting by manifest.
724 silly tarball no local data for react-router-dom@https://registry.npmjs.org/react-router-dom/-/react-router-dom-7.14.0.tgz. Extracting by manifest.
725 silly tarball no local data for @react-pdf/fns@https://registry.npmjs.org/@react-pdf/fns/-/fns-3.1.3.tgz. Extracting by manifest.
726 silly tarball no local data for react-dom@https://registry.npmjs.org/react-dom/-/react-dom-19.2.5.tgz. Extracting by manifest.
727 silly tarball no local data for lodash@https://registry.npmjs.org/lodash/-/lodash-4.18.1.tgz. Extracting by manifest.
728 silly tarball no local data for react@https://registry.npmjs.org/react/-/react-19.2.5.tgz. Extracting by manifest.
729 silly tarball no local data for lucide-react@https://registry.npmjs.org/lucide-react/-/lucide-react-1.7.0.tgz. Extracting by manifest.
730 silly tarball no local data for framer-motion@https://registry.npmjs.org/framer-motion/-/framer-motion-12.38.0.tgz. Extracting by manifest.
731 silly tarball no local data for clsx@https://registry.npmjs.org/clsx/-/clsx-2.1.1.tgz. Extracting by manifest.
732 silly tarball no local data for date-fns@https://registry.npmjs.org/date-fns/-/date-fns-4.1.0.tgz. Extracting by manifest.
733 silly tarball no local data for @react-pdf/renderer@https://registry.npmjs.org/@react-pdf/renderer/-/renderer-4.4.0.tgz. Extracting by manifest.
734 silly tarball no local data for @supabase/supabase-js@https://registry.npmjs.org/@supabase/supabase-js/-/supabase-js-2.102.1.tgz. Extracting by manifest.
735 silly tarball no local data for pako@https://registry.npmjs.org/pako/-/pako-0.2.9.tgz. Extracting by manifest.
736 silly tarball no local data for scheduler@https://registry.npmjs.org/scheduler/-/scheduler-0.27.0.tgz. Extracting by manifest.
737 silly tarball no local data for base64-js@https://registry.npmjs.org/base64-js/-/base64-js-0.0.8.tgz. Extracting by manifest.
738 http fetch GET 200 https://registry.npmjs.org/is-arrayish/-/is-arrayish-0.3.4.tgz 60ms (cache miss)
739 http fetch GET 200 https://registry.npmjs.org/safe-buffer/-/safe-buffer-5.2.1.tgz 61ms (cache miss)
740 http fetch GET 200 https://registry.npmjs.org/cookie/-/cookie-1.1.1.tgz 62ms (cache miss)
741 http fetch GET 200 https://registry.npmjs.org/set-cookie-parser/-/set-cookie-parser-2.7.2.tgz 61ms (cache miss)
742 http fetch GET 200 https://registry.npmjs.org/inherits/-/inherits-2.0.4.tgz 62ms (cache miss)
743 http fetch GET 200 https://registry.npmjs.org/util-deprecate/-/util-deprecate-1.0.2.tgz 63ms (cache miss)
744 http fetch GET 200 https://registry.npmjs.org/string_decoder/-/string_decoder-1.3.0.tgz 63ms (cache miss)
745 http fetch GET 200 https://registry.npmjs.org/tiny-inflate/-/tiny-inflate-1.0.3.tgz 65ms (cache miss)
746 http fetch GET 200 https://registry.npmjs.org/unicode-trie/-/unicode-trie-2.0.0.tgz 65ms (cache miss)
747 http fetch GET 200 https://registry.npmjs.org/fast-deep-equal/-/fast-deep-equal-3.1.3.tgz 69ms (cache miss)
748 http fetch GET 200 https://registry.npmjs.org/loose-envify/-/loose-envify-1.4.0.tgz 77ms (cache miss)
749 http fetch GET 200 https://registry.npmjs.org/react-is/-/react-is-16.13.1.tgz 83ms (cache miss)
750 http fetch GET 200 https://registry.npmjs.org/clone/-/clone-2.1.2.tgz 88ms (cache miss)
751 http fetch GET 200 https://registry.npmjs.org/dfa/-/dfa-1.2.0.tgz 92ms (cache miss)
752 http fetch GET 200 https://registry.npmjs.org/simple-swizzle/-/simple-swizzle-0.2.4.tgz 93ms (cache miss)
753 http fetch GET 200 https://registry.npmjs.org/hsl-to-rgb-for-reals/-/hsl-to-rgb-for-reals-1.1.1.tgz 94ms (cache miss)
754 http fetch GET 200 https://registry.npmjs.org/restructure/-/restructure-3.0.2.tgz 97ms (cache miss)
755 http fetch GET 200 https://registry.npmjs.org/require-from-string/-/require-from-string-2.0.2.tgz 105ms (cache miss)
756 http fetch GET 200 https://registry.npmjs.org/color-name/-/color-name-1.1.4.tgz 106ms (cache miss)
757 http fetch GET 200 https://registry.npmjs.org/js-tokens/-/js-tokens-4.0.0.tgz 122ms (cache miss)
758 http fetch GET 200 https://registry.npmjs.org/iceberg-js/-/iceberg-js-0.8.1.tgz 129ms (cache miss)
759 http fetch GET 200 https://registry.npmjs.org/tslib/-/tslib-2.8.1.tgz 143ms (cache miss)
760 http fetch GET 200 https://registry.npmjs.org/undici-types/-/undici-types-7.18.2.tgz 146ms (cache miss)
761 http fetch GET 200 https://registry.npmjs.org/base64-js/-/base64-js-1.5.1.tgz 149ms (cache miss)
762 http fetch GET 200 https://registry.npmjs.org/brotli/-/brotli-1.3.3.tgz 153ms (cache miss)
763 http fetch GET 200 https://registry.npmjs.org/media-engine/-/media-engine-1.0.3.tgz 155ms (cache miss)
764 http fetch GET 200 https://registry.npmjs.org/@types/ws/-/ws-8.18.1.tgz 158ms (cache miss)
765 http fetch GET 200 https://registry.npmjs.org/ws/-/ws-8.20.0.tgz 159ms (cache miss)
766 http fetch GET 200 https://registry.npmjs.org/svg-arc-to-cubic-bezier/-/svg-arc-to-cubic-bezier-3.2.0.tgz 165ms (cache miss)
767 http fetch GET 200 https://registry.npmjs.org/unicode-properties/-/unicode-properties-1.4.1.tgz 171ms (cache miss)
768 http fetch GET 200 https://registry.npmjs.org/pako/-/pako-1.0.11.tgz 174ms (cache miss)
769 http fetch GET 200 https://registry.npmjs.org/parse-svg-path/-/parse-svg-path-0.1.2.tgz 177ms (cache miss)
770 http fetch GET 200 https://registry.npmjs.org/motion-utils/-/motion-utils-12.36.0.tgz 184ms (cache miss)
771 http fetch GET 200 https://registry.npmjs.org/normalize-svg-path/-/normalize-svg-path-1.1.0.tgz 181ms (cache miss)
772 http fetch GET 200 https://registry.npmjs.org/color-string/-/color-string-1.9.1.tgz 181ms (cache miss)
773 http fetch GET 200 https://registry.npmjs.org/hsl-to-hex/-/hsl-to-hex-1.0.0.tgz 182ms (cache miss)
774 http fetch GET 200 https://registry.npmjs.org/abs-svg-path/-/abs-svg-path-0.1.1.tgz 192ms (cache miss)
775 http fetch POST 200 https://registry.npmjs.org/-/npm/v1/security/advisories/bulk 215ms
776 silly audit report {}
777 http fetch GET 200 https://registry.npmjs.org/js-md5/-/js-md5-0.8.3.tgz 197ms (cache miss)
778 http fetch GET 200 https://registry.npmjs.org/scheduler/-/scheduler-0.25.0-rc-603e6108-20241029.tgz 202ms (cache miss)
779 http fetch GET 200 https://registry.npmjs.org/jay-peg/-/jay-peg-1.1.1.tgz 210ms (cache miss)
780 http fetch GET 200 https://registry.npmjs.org/postcss-value-parser/-/postcss-value-parser-4.2.0.tgz 226ms (cache miss)
781 http fetch GET 200 https://registry.npmjs.org/linebreak/-/linebreak-1.1.0.tgz 236ms (cache miss)
782 http fetch GET 200 https://registry.npmjs.org/is-url/-/is-url-1.2.4.tgz 237ms (cache miss)
783 http fetch GET 200 https://registry.npmjs.org/@react-pdf/image/-/image-3.0.4.tgz 237ms (cache miss)
784 http fetch GET 200 https://registry.npmjs.org/queue/-/queue-6.0.2.tgz 237ms (cache miss)
785 http fetch GET 200 https://registry.npmjs.org/@react-pdf/png-js/-/png-js-3.0.0.tgz 244ms (cache miss)
786 http fetch GET 200 https://registry.npmjs.org/browserify-zlib/-/browserify-zlib-0.2.0.tgz 246ms (cache miss)
787 http fetch GET 200 https://registry.npmjs.org/vite-compatible-readable-stream/-/vite-compatible-readable-stream-3.6.1.tgz 246ms (cache miss)
788 http fetch GET 200 https://registry.npmjs.org/prop-types/-/prop-types-15.8.1.tgz 249ms (cache miss)
789 http fetch GET 200 https://registry.npmjs.org/@supabase/storage-js/-/storage-js-2.102.1.tgz 259ms (cache miss)
790 http fetch GET 200 https://registry.npmjs.org/@supabase/postgrest-js/-/postgrest-js-2.102.1.tgz 260ms (cache miss)
791 http fetch GET 200 https://registry.npmjs.org/object-assign/-/object-assign-4.1.1.tgz 262ms (cache miss)
792 http fetch GET 200 https://registry.npmjs.org/emoji-regex-xs/-/emoji-regex-xs-1.0.0.tgz 266ms (cache miss)
793 http fetch GET 200 https://registry.npmjs.org/yoga-layout/-/yoga-layout-3.2.1.tgz 279ms (cache miss)
794 http fetch GET 200 https://registry.npmjs.org/@react-pdf/render/-/render-4.4.0.tgz 282ms (cache miss)
795 http fetch GET 200 https://registry.npmjs.org/@supabase/functions-js/-/functions-js-2.102.1.tgz 286ms (cache miss)
796 http fetch GET 200 https://registry.npmjs.org/events/-/events-3.3.0.tgz 283ms (cache miss)
797 http fetch GET 200 https://registry.npmjs.org/react-router-dom/-/react-router-dom-7.14.0.tgz 283ms (cache miss)
798 http fetch GET 200 https://registry.npmjs.org/@supabase/phoenix/-/phoenix-0.4.0.tgz 301ms (cache miss)
799 http fetch GET 200 https://registry.npmjs.org/tailwind-merge/-/tailwind-merge-3.5.0.tgz 334ms (cache miss)
800 http fetch GET 200 https://registry.npmjs.org/@noble/ciphers/-/ciphers-1.3.0.tgz 355ms (cache miss)
801 http fetch GET 200 https://registry.npmjs.org/react/-/react-19.2.5.tgz 373ms (cache miss)
802 http fetch GET 200 https://registry.npmjs.org/bidi-js/-/bidi-js-1.0.3.tgz 396ms (cache miss)
803 http fetch GET 200 https://registry.npmjs.org/@types/node/-/node-25.5.2.tgz 400ms (cache miss)
804 http fetch GET 200 https://registry.npmjs.org/react-router/-/react-router-7.14.0.tgz 419ms (cache miss)
805 http fetch GET 200 https://registry.npmjs.org/@react-pdf/stylesheet/-/stylesheet-6.1.4.tgz 421ms (cache miss)
806 http fetch GET 200 https://registry.npmjs.org/@react-pdf/textkit/-/textkit-6.1.1.tgz 423ms (cache miss)
807 http fetch GET 200 https://registry.npmjs.org/scheduler/-/scheduler-0.27.0.tgz 440ms (cache miss)
808 http fetch GET 200 https://registry.npmjs.org/@react-pdf/renderer/-/renderer-4.4.0.tgz 450ms (cache miss)
809 http fetch GET 200 https://registry.npmjs.org/base64-js/-/base64-js-0.0.8.tgz 452ms (cache miss)
810 http fetch GET 200 https://registry.npmjs.org/@react-pdf/layout/-/layout-4.5.0.tgz 463ms (cache miss)
811 http fetch GET 200 https://registry.npmjs.org/@supabase/realtime-js/-/realtime-js-2.102.1.tgz 472ms (cache miss)
812 http fetch GET 200 https://registry.npmjs.org/@react-pdf/font/-/font-4.0.6.tgz 468ms (cache miss)
813 http fetch GET 200 https://registry.npmjs.org/@noble/hashes/-/hashes-1.8.0.tgz 491ms (cache miss)
814 http fetch GET 200 https://registry.npmjs.org/@react-pdf/reconciler/-/reconciler-2.0.0.tgz 492ms (cache miss)
815 http fetch GET 200 https://registry.npmjs.org/pako/-/pako-0.2.9.tgz 497ms (cache miss)
816 http fetch GET 200 https://registry.npmjs.org/@supabase/supabase-js/-/supabase-js-2.102.1.tgz 498ms (cache miss)
817 http fetch GET 200 https://registry.npmjs.org/@react-pdf/primitives/-/primitives-4.2.0.tgz 501ms (cache miss)
818 http fetch GET 200 https://registry.npmjs.org/@react-pdf/fns/-/fns-3.1.3.tgz 543ms (cache miss)
819 http fetch GET 200 https://registry.npmjs.org/hyphen/-/hyphen-1.14.1.tgz 569ms (cache miss)
820 http fetch GET 200 https://registry.npmjs.org/react-dom/-/react-dom-19.2.5.tgz 569ms (cache miss)
821 http fetch GET 200 https://registry.npmjs.org/@swc/helpers/-/helpers-0.5.21.tgz 602ms (cache miss)
822 http fetch GET 200 https://registry.npmjs.org/fontkit/-/fontkit-2.0.4.tgz 596ms (cache miss)
823 http fetch GET 200 https://registry.npmjs.org/clsx/-/clsx-2.1.1.tgz 598ms (cache miss)
824 http fetch GET 200 https://registry.npmjs.org/@supabase/auth-js/-/auth-js-2.102.1.tgz 622ms (cache miss)
825 http fetch GET 200 https://registry.npmjs.org/@babel/runtime/-/runtime-7.29.2.tgz 677ms (cache miss)
826 http fetch GET 200 https://registry.npmjs.org/lodash/-/lodash-4.18.1.tgz 722ms (cache miss)
827 http fetch GET 200 https://registry.npmjs.org/framer-motion/-/framer-motion-12.38.0.tgz 820ms (cache miss)
828 http fetch GET 200 https://registry.npmjs.org/@react-pdf/pdfkit/-/pdfkit-5.0.0.tgz 825ms (cache miss)
829 http fetch GET 200 https://registry.npmjs.org/motion-dom/-/motion-dom-12.38.0.tgz 833ms (cache miss)
830 http fetch GET 200 https://registry.npmjs.org/@react-pdf/types/-/types-2.10.0.tgz 828ms (cache miss)
831 http fetch GET 200 https://registry.npmjs.org/date-fns/-/date-fns-4.1.0.tgz 1744ms (cache miss)
832 http fetch GET 200 https://registry.npmjs.org/lucide-react/-/lucide-react-1.7.0.tgz 1832ms (cache miss)
833 silly ADD node_modules/safe-buffer
834 silly ADD node_modules/util-deprecate
835 silly ADD node_modules/string_decoder
836 silly ADD node_modules/is-arrayish
837 silly ADD node_modules/set-cookie-parser
838 silly ADD node_modules/cookie
839 silly ADD node_modules/react-router
840 silly ADD node_modules/inherits
841 silly ADD node_modules/js-tokens
842 silly ADD node_modules/react-is
843 silly ADD node_modules/loose-envify
844 silly ADD node_modules/hsl-to-rgb-for-reals
845 silly ADD node_modules/motion-utils
846 silly ADD node_modules/motion-dom
847 silly ADD node_modules/base64-js
848 silly ADD node_modules/unicode-trie
849 silly ADD node_modules/unicode-trie/node_modules/pako
850 silly ADD node_modules/tiny-inflate
851 silly ADD node_modules/restructure
852 silly ADD node_modules/fast-deep-equal
853 silly ADD node_modules/dfa
854 silly ADD node_modules/clone
855 silly ADD node_modules/brotli
856 silly ADD node_modules/@swc/helpers
857 silly ADD node_modules/simple-swizzle
858 silly ADD node_modules/color-name
859 silly ADD node_modules/pako
860 silly ADD node_modules/require-from-string
861 silly ADD node_modules/undici-types
862 silly ADD node_modules/@types/node
863 silly ADD node_modules/iceberg-js
864 silly ADD node_modules/ws
865 silly ADD node_modules/@types/ws
866 silly ADD node_modules/@supabase/phoenix
867 silly ADD node_modules/tslib
868 silly ADD node_modules/@supabase/storage-js
869 silly ADD node_modules/@supabase/realtime-js
870 silly ADD node_modules/@supabase/postgrest-js
871 silly ADD node_modules/@supabase/functions-js
872 silly ADD node_modules/@supabase/auth-js
873 silly ADD node_modules/unicode-properties
874 silly ADD node_modules/hyphen
875 silly ADD node_modules/bidi-js
876 silly ADD node_modules/postcss-value-parser
877 silly ADD node_modules/media-engine
878 silly ADD node_modules/hsl-to-hex
879 silly ADD node_modules/svg-arc-to-cubic-bezier
880 silly ADD node_modules/parse-svg-path
881 silly ADD node_modules/normalize-svg-path
882 silly ADD node_modules/color-string
883 silly ADD node_modules/abs-svg-path
884 silly ADD node_modules/scheduler
885 silly ADD node_modules/vite-compatible-readable-stream
886 silly ADD node_modules/linebreak
887 silly ADD node_modules/linebreak/node_modules/base64-js
888 silly ADD node_modules/js-md5
889 silly ADD node_modules/browserify-zlib
890 silly ADD node_modules/@noble/hashes
891 silly ADD node_modules/@noble/ciphers
892 silly ADD node_modules/jay-peg
893 silly ADD node_modules/@react-pdf/png-js
894 silly ADD node_modules/yoga-layout
895 silly ADD node_modules/emoji-regex-xs
896 silly ADD node_modules/@react-pdf/textkit
897 silly ADD node_modules/@react-pdf/stylesheet
898 silly ADD node_modules/@react-pdf/image
899 silly ADD node_modules/is-url
900 silly ADD node_modules/fontkit
901 silly ADD node_modules/queue
902 silly ADD node_modules/prop-types
903 silly ADD node_modules/object-assign
904 silly ADD node_modules/events
905 silly ADD node_modules/@react-pdf/types
906 silly ADD node_modules/@react-pdf/render
907 silly ADD node_modules/@react-pdf/reconciler
908 silly ADD node_modules/@react-pdf/primitives
909 silly ADD node_modules/@react-pdf/pdfkit
910 silly ADD node_modules/@react-pdf/layout
911 silly ADD node_modules/@react-pdf/font
912 silly ADD node_modules/@react-pdf/fns
913 silly ADD node_modules/@babel/runtime
914 silly ADD node_modules/tailwind-merge
915 silly ADD node_modules/react-router-dom
916 silly ADD node_modules/react-dom
917 silly ADD node_modules/react-dom/node_modules/scheduler
918 silly ADD node_modules/react
919 silly ADD node_modules/lucide-react
920 silly ADD node_modules/lodash
921 silly ADD node_modules/framer-motion
922 silly ADD node_modules/date-fns
923 silly ADD node_modules/clsx
924 silly ADD node_modules/@supabase/supabase-js
925 silly ADD node_modules/@react-pdf/renderer
926 verbose cwd /Users/edit6/Documents/Caio/LUMOS/proposta-lumos
927 verbose os Darwin 25.3.0
928 verbose node v24.14.1
929 verbose npm  v11.11.0
930 verbose exit 0
931 info ok
