0 verbose cli /usr/local/bin/node /usr/local/bin/npm
1 info using npm@11.11.0
2 info using node@v24.14.1
3 silly config load:file:/usr/local/lib/node_modules/npm/npmrc
4 silly config load:file:/Users/edit6/Documents/Caio/LUMOS/proposta-lumos/.npmrc
5 silly config load:file:/Users/edit6/Documents/Caio/LUMOS/proposta-lumos/.npmrc-local
6 silly config load:file:/usr/local/etc/npmrc
7 verbose title npm install @tailwindcss/postcss
8 verbose argv "install" "--cache" "./.npm_cache" "--userconfig" "./.npmrc-local" "--save-dev" "@tailwindcss/postcss"
9 verbose logfile logs-max:10 dir:/Users/edit6/Documents/Caio/LUMOS/proposta-lumos/.npm_cache/_logs/2026-04-08T23_13_57_597Z-
10 verbose logfile /Users/edit6/Documents/Caio/LUMOS/proposta-lumos/.npm_cache/_logs/2026-04-08T23_13_57_597Z-debug-0.log
11 silly logfile done cleaning log files
12 silly packumentCache heap:4496293888 maxSize:1124073472 maxEntrySize:562036736
13 verbose shrinkwrap failed to load node_modules/.package-lock.json out of date, updated: node_modules
14 silly idealTree buildDeps
15 silly fetch manifest @tailwindcss/postcss@*
16 silly packumentCache full:https://registry.npmjs.org/@tailwindcss%2fpostcss cache-miss
17 http fetch GET 200 https://registry.npmjs.org/@tailwindcss%2fpostcss 445ms (cache miss)
18 silly packumentCache full:https://registry.npmjs.org/@tailwindcss%2fpostcss set size:undefined disposed:false
19 silly placeDep ROOT @tailwindcss/postcss@4.2.2 OK for: proposta-lumos@1.0.0 want: *
20 silly fetch manifest @alloc/quick-lru@^5.2.0
21 silly packumentCache full:https://registry.npmjs.org/@alloc%2fquick-lru cache-miss
22 silly fetch manifest @tailwindcss/node@4.2.2
23 silly packumentCache full:https://registry.npmjs.org/@tailwindcss%2fnode cache-miss
24 silly fetch manifest @tailwindcss/oxide@4.2.2
25 silly packumentCache full:https://registry.npmjs.org/@tailwindcss%2foxide cache-miss
26 http fetch GET 200 https://registry.npmjs.org/@tailwindcss%2foxide 149ms (cache miss)
27 silly packumentCache full:https://registry.npmjs.org/@tailwindcss%2foxide set size:undefined disposed:false
28 http fetch GET 200 https://registry.npmjs.org/@alloc%2fquick-lru 243ms (cache miss)
29 silly packumentCache full:https://registry.npmjs.org/@alloc%2fquick-lru set size:undefined disposed:false
30 http fetch GET 200 https://registry.npmjs.org/@tailwindcss%2fnode 284ms (cache miss)
31 silly packumentCache full:https://registry.npmjs.org/@tailwindcss%2fnode set size:undefined disposed:false
32 silly placeDep ROOT @alloc/quick-lru@5.2.0 OK for: @tailwindcss/postcss@4.2.2 want: ^5.2.0
33 silly placeDep ROOT @tailwindcss/node@4.2.2 OK for: @tailwindcss/postcss@4.2.2 want: 4.2.2
34 silly placeDep ROOT @tailwindcss/oxide@4.2.2 OK for: @tailwindcss/postcss@4.2.2 want: 4.2.2
35 silly fetch manifest jiti@^2.6.1
36 silly packumentCache full:https://registry.npmjs.org/jiti cache-miss
37 silly fetch manifest magic-string@^0.30.21
38 silly packumentCache full:https://registry.npmjs.org/magic-string cache-miss
39 silly fetch manifest enhanced-resolve@^5.19.0
40 silly packumentCache full:https://registry.npmjs.org/enhanced-resolve cache-miss
41 silly fetch manifest @jridgewell/remapping@^2.3.5
42 silly packumentCache full:https://registry.npmjs.org/@jridgewell%2fremapping cache-miss
43 silly fetch manifest @tailwindcss/oxide-darwin-x64@4.2.2
44 silly packumentCache full:https://registry.npmjs.org/@tailwindcss%2foxide-darwin-x64 cache-miss
45 silly fetch manifest @tailwindcss/oxide-freebsd-x64@4.2.2
46 silly packumentCache full:https://registry.npmjs.org/@tailwindcss%2foxide-freebsd-x64 cache-miss
47 silly fetch manifest @tailwindcss/oxide-wasm32-wasi@4.2.2
48 silly packumentCache full:https://registry.npmjs.org/@tailwindcss%2foxide-wasm32-wasi cache-miss
49 silly fetch manifest @tailwindcss/oxide-darwin-arm64@4.2.2
50 silly packumentCache full:https://registry.npmjs.org/@tailwindcss%2foxide-darwin-arm64 cache-miss
51 silly fetch manifest @tailwindcss/oxide-android-arm64@4.2.2
52 silly packumentCache full:https://registry.npmjs.org/@tailwindcss%2foxide-android-arm64 cache-miss
53 http fetch GET 200 https://registry.npmjs.org/magic-string 48ms (cache miss)
54 silly packumentCache full:https://registry.npmjs.org/magic-string set size:undefined disposed:false
55 silly fetch manifest @tailwindcss/oxide-linux-x64-gnu@4.2.2
56 silly packumentCache full:https://registry.npmjs.org/@tailwindcss%2foxide-linux-x64-gnu cache-miss
57 http fetch GET 200 https://registry.npmjs.org/enhanced-resolve 47ms (cache miss)
58 silly packumentCache full:https://registry.npmjs.org/enhanced-resolve set size:undefined disposed:false
59 silly fetch manifest @tailwindcss/oxide-linux-x64-musl@4.2.2
60 silly packumentCache full:https://registry.npmjs.org/@tailwindcss%2foxide-linux-x64-musl cache-miss
61 http fetch GET 200 https://registry.npmjs.org/@jridgewell%2fremapping 59ms (cache miss)
62 silly packumentCache full:https://registry.npmjs.org/@jridgewell%2fremapping set size:undefined disposed:false
63 silly fetch manifest @tailwindcss/oxide-win32-x64-msvc@4.2.2
64 silly packumentCache full:https://registry.npmjs.org/@tailwindcss%2foxide-win32-x64-msvc cache-miss
65 http fetch GET 200 https://registry.npmjs.org/jiti 73ms (cache revalidated)
66 silly packumentCache full:https://registry.npmjs.org/jiti set size:382310 disposed:false
67 silly fetch manifest @tailwindcss/oxide-linux-arm64-gnu@4.2.2
68 silly packumentCache full:https://registry.npmjs.org/@tailwindcss%2foxide-linux-arm64-gnu cache-miss
69 http fetch GET 200 https://registry.npmjs.org/@tailwindcss%2foxide-wasm32-wasi 93ms (cache miss)
70 silly packumentCache full:https://registry.npmjs.org/@tailwindcss%2foxide-wasm32-wasi set size:undefined disposed:false
71 silly fetch manifest @tailwindcss/oxide-linux-arm64-musl@4.2.2
72 silly packumentCache full:https://registry.npmjs.org/@tailwindcss%2foxide-linux-arm64-musl cache-miss
73 http fetch GET 200 https://registry.npmjs.org/@tailwindcss%2foxide-android-arm64 111ms (cache miss)
74 silly packumentCache full:https://registry.npmjs.org/@tailwindcss%2foxide-android-arm64 set size:undefined disposed:false
75 silly fetch manifest @tailwindcss/oxide-win32-arm64-msvc@4.2.2
76 silly packumentCache full:https://registry.npmjs.org/@tailwindcss%2foxide-win32-arm64-msvc cache-miss
77 http fetch GET 200 https://registry.npmjs.org/@tailwindcss%2foxide-darwin-arm64 133ms (cache miss)
78 silly packumentCache full:https://registry.npmjs.org/@tailwindcss%2foxide-darwin-arm64 set size:undefined disposed:false
79 silly fetch manifest @tailwindcss/oxide-linux-arm-gnueabihf@4.2.2
80 silly packumentCache full:https://registry.npmjs.org/@tailwindcss%2foxide-linux-arm-gnueabihf cache-miss
81 http fetch GET 200 https://registry.npmjs.org/@tailwindcss%2foxide-freebsd-x64 141ms (cache miss)
82 silly packumentCache full:https://registry.npmjs.org/@tailwindcss%2foxide-freebsd-x64 set size:undefined disposed:false
83 http fetch GET 200 https://registry.npmjs.org/@tailwindcss%2foxide-darwin-x64 150ms (cache miss)
84 silly packumentCache full:https://registry.npmjs.org/@tailwindcss%2foxide-darwin-x64 set size:undefined disposed:false
85 http fetch GET 200 https://registry.npmjs.org/@tailwindcss%2foxide-linux-x64-musl 125ms (cache miss)
86 silly packumentCache full:https://registry.npmjs.org/@tailwindcss%2foxide-linux-x64-musl set size:undefined disposed:false
87 http fetch GET 200 https://registry.npmjs.org/@tailwindcss%2foxide-linux-x64-gnu 144ms (cache miss)
88 silly packumentCache full:https://registry.npmjs.org/@tailwindcss%2foxide-linux-x64-gnu set size:undefined disposed:false
89 http fetch GET 200 https://registry.npmjs.org/@tailwindcss%2foxide-win32-arm64-msvc 87ms (cache miss)
90 silly packumentCache full:https://registry.npmjs.org/@tailwindcss%2foxide-win32-arm64-msvc set size:undefined disposed:false
91 http fetch GET 200 https://registry.npmjs.org/@tailwindcss%2foxide-win32-x64-msvc 147ms (cache miss)
92 silly packumentCache full:https://registry.npmjs.org/@tailwindcss%2foxide-win32-x64-msvc set size:undefined disposed:false
93 http fetch GET 200 https://registry.npmjs.org/@tailwindcss%2foxide-linux-arm64-musl 120ms (cache miss)
94 silly packumentCache full:https://registry.npmjs.org/@tailwindcss%2foxide-linux-arm64-musl set size:undefined disposed:false
95 http fetch GET 200 https://registry.npmjs.org/@tailwindcss%2foxide-linux-arm64-gnu 156ms (cache miss)
96 silly packumentCache full:https://registry.npmjs.org/@tailwindcss%2foxide-linux-arm64-gnu set size:undefined disposed:false
97 http fetch GET 200 https://registry.npmjs.org/@tailwindcss%2foxide-linux-arm-gnueabihf 135ms (cache miss)
98 silly packumentCache full:https://registry.npmjs.org/@tailwindcss%2foxide-linux-arm-gnueabihf set size:undefined disposed:false
99 silly placeDep ROOT @jridgewell/remapping@2.3.5 OK for: @tailwindcss/node@4.2.2 want: ^2.3.5
100 silly placeDep ROOT enhanced-resolve@5.20.1 OK for: @tailwindcss/node@4.2.2 want: ^5.19.0
101 silly placeDep ROOT jiti@2.6.1 OK for: @tailwindcss/node@4.2.2 want: ^2.6.1
102 silly placeDep ROOT magic-string@0.30.21 OK for: @tailwindcss/node@4.2.2 want: ^0.30.21
103 silly fetch manifest @jridgewell/gen-mapping@^0.3.5
104 silly packumentCache full:https://registry.npmjs.org/@jridgewell%2fgen-mapping cache-miss
105 silly fetch manifest @jridgewell/trace-mapping@^0.3.24
106 silly packumentCache full:https://registry.npmjs.org/@jridgewell%2ftrace-mapping cache-miss
107 silly fetch manifest graceful-fs@^4.2.4
108 silly packumentCache full:https://registry.npmjs.org/graceful-fs cache-miss
109 silly fetch manifest tapable@^2.3.0
110 silly packumentCache full:https://registry.npmjs.org/tapable cache-miss
111 silly fetch manifest @jridgewell/sourcemap-codec@^1.5.5
112 silly packumentCache full:https://registry.npmjs.org/@jridgewell%2fsourcemap-codec cache-miss
113 http fetch GET 200 https://registry.npmjs.org/graceful-fs 38ms (cache miss)
114 silly packumentCache full:https://registry.npmjs.org/graceful-fs set size:undefined disposed:false
115 http fetch GET 200 https://registry.npmjs.org/tapable 40ms (cache miss)
116 silly packumentCache full:https://registry.npmjs.org/tapable set size:undefined disposed:false
117 http fetch GET 200 https://registry.npmjs.org/@jridgewell%2fsourcemap-codec 44ms (cache miss)
118 silly packumentCache full:https://registry.npmjs.org/@jridgewell%2fsourcemap-codec set size:undefined disposed:false
119 http fetch GET 200 https://registry.npmjs.org/@jridgewell%2ftrace-mapping 46ms (cache miss)
120 silly packumentCache full:https://registry.npmjs.org/@jridgewell%2ftrace-mapping set size:undefined disposed:false
121 http fetch GET 200 https://registry.npmjs.org/@jridgewell%2fgen-mapping 71ms (cache miss)
122 silly packumentCache full:https://registry.npmjs.org/@jridgewell%2fgen-mapping set size:undefined disposed:false
123 silly placeDep ROOT @jridgewell/gen-mapping@0.3.13 OK for: @jridgewell/remapping@2.3.5 want: ^0.3.5
124 silly placeDep ROOT @jridgewell/trace-mapping@0.3.31 OK for: @jridgewell/remapping@2.3.5 want: ^0.3.24
125 silly fetch manifest @jridgewell/sourcemap-codec@^1.5.0
126 silly packumentCache full:https://registry.npmjs.org/@jridgewell%2fsourcemap-codec cache-miss
127 silly fetch manifest @jridgewell/resolve-uri@^3.1.0
128 silly packumentCache full:https://registry.npmjs.org/@jridgewell%2fresolve-uri cache-miss
129 silly fetch manifest @jridgewell/sourcemap-codec@^1.4.14
130 silly packumentCache full:https://registry.npmjs.org/@jridgewell%2fsourcemap-codec cache-miss
131 http cache https://registry.npmjs.org/@jridgewell%2fsourcemap-codec 2ms (cache hit)
132 silly packumentCache full:https://registry.npmjs.org/@jridgewell%2fsourcemap-codec set size:59275 disposed:false
133 http cache https://registry.npmjs.org/@jridgewell%2fsourcemap-codec 3ms (cache hit)
134 silly packumentCache full:https://registry.npmjs.org/@jridgewell%2fsourcemap-codec set size:59275 disposed:false
135 silly packumentCache full:https://registry.npmjs.org/@jridgewell%2fsourcemap-codec dispose
136 http fetch GET 200 https://registry.npmjs.org/@jridgewell%2fresolve-uri 38ms (cache miss)
137 silly packumentCache full:https://registry.npmjs.org/@jridgewell%2fresolve-uri set size:undefined disposed:false
138 silly placeDep ROOT @jridgewell/sourcemap-codec@1.5.5 OK for: @jridgewell/gen-mapping@0.3.13 want: ^1.5.0
139 silly placeDep ROOT @jridgewell/resolve-uri@3.1.2 OK for: @jridgewell/trace-mapping@0.3.31 want: ^3.1.0
140 silly placeDep ROOT @tailwindcss/oxide-android-arm64@4.2.2 OK for: @tailwindcss/oxide@4.2.2 want: 4.2.2
141 silly placeDep ROOT @tailwindcss/oxide-darwin-arm64@4.2.2 OK for: @tailwindcss/oxide@4.2.2 want: 4.2.2
142 silly placeDep ROOT @tailwindcss/oxide-darwin-x64@4.2.2 OK for: @tailwindcss/oxide@4.2.2 want: 4.2.2
143 silly placeDep ROOT @tailwindcss/oxide-freebsd-x64@4.2.2 OK for: @tailwindcss/oxide@4.2.2 want: 4.2.2
144 silly placeDep ROOT @tailwindcss/oxide-linux-arm-gnueabihf@4.2.2 OK for: @tailwindcss/oxide@4.2.2 want: 4.2.2
145 silly placeDep ROOT @tailwindcss/oxide-linux-arm64-gnu@4.2.2 OK for: @tailwindcss/oxide@4.2.2 want: 4.2.2
146 silly placeDep ROOT @tailwindcss/oxide-linux-arm64-musl@4.2.2 OK for: @tailwindcss/oxide@4.2.2 want: 4.2.2
147 silly placeDep ROOT @tailwindcss/oxide-linux-x64-gnu@4.2.2 OK for: @tailwindcss/oxide@4.2.2 want: 4.2.2
148 silly placeDep ROOT @tailwindcss/oxide-linux-x64-musl@4.2.2 OK for: @tailwindcss/oxide@4.2.2 want: 4.2.2
149 silly placeDep ROOT @tailwindcss/oxide-wasm32-wasi@4.2.2 OK for: @tailwindcss/oxide@4.2.2 want: 4.2.2
150 silly placeDep ROOT @tailwindcss/oxide-win32-arm64-msvc@4.2.2 OK for: @tailwindcss/oxide@4.2.2 want: 4.2.2
151 silly placeDep ROOT @tailwindcss/oxide-win32-x64-msvc@4.2.2 OK for: @tailwindcss/oxide@4.2.2 want: 4.2.2
152 silly placeDep ROOT graceful-fs@4.2.11 OK for: enhanced-resolve@5.20.1 want: ^4.2.4
153 silly placeDep ROOT tapable@2.3.2 OK for: enhanced-resolve@5.20.1 want: ^2.3.0
154 silly reify moves {}
155 silly audit bulk request {
155 silly audit   '@babel/runtime': [ '7.29.2' ],
155 silly audit   '@emnapi/core': [ '1.9.1' ],
155 silly audit   '@emnapi/runtime': [ '1.9.1' ],
155 silly audit   '@emnapi/wasi-threads': [ '1.2.0' ],
155 silly audit   '@napi-rs/wasm-runtime': [ '1.1.3' ],
155 silly audit   '@noble/ciphers': [ '1.3.0' ],
155 silly audit   '@noble/hashes': [ '1.8.0' ],
155 silly audit   '@oxc-project/types': [ '0.123.0' ],
155 silly audit   '@react-pdf/fns': [ '3.1.3' ],
155 silly audit   '@react-pdf/font': [ '4.0.6' ],
155 silly audit   '@react-pdf/image': [ '3.0.4' ],
155 silly audit   '@react-pdf/layout': [ '4.5.0' ],
155 silly audit   '@react-pdf/pdfkit': [ '5.0.0' ],
155 silly audit   '@react-pdf/png-js': [ '3.0.0' ],
155 silly audit   '@react-pdf/primitives': [ '4.2.0' ],
155 silly audit   '@react-pdf/reconciler': [ '2.0.0' ],
155 silly audit   '@react-pdf/render': [ '4.4.0' ],
155 silly audit   '@react-pdf/renderer': [ '4.4.0' ],
155 silly audit   '@react-pdf/stylesheet': [ '6.1.4' ],
155 silly audit   '@react-pdf/textkit': [ '6.1.1' ],
155 silly audit   '@react-pdf/types': [ '2.10.0' ],
155 silly audit   '@rolldown/binding-android-arm64': [ '1.0.0-rc.13' ],
155 silly audit   '@rolldown/binding-darwin-arm64': [ '1.0.0-rc.13' ],
155 silly audit   '@rolldown/binding-darwin-x64': [ '1.0.0-rc.13' ],
155 silly audit   '@rolldown/binding-freebsd-x64': [ '1.0.0-rc.13' ],
155 silly audit   '@rolldown/binding-linux-arm-gnueabihf': [ '1.0.0-rc.13' ],
155 silly audit   '@rolldown/binding-linux-arm64-gnu': [ '1.0.0-rc.13' ],
155 silly audit   '@rolldown/binding-linux-arm64-musl': [ '1.0.0-rc.13' ],
155 silly audit   '@rolldown/binding-linux-ppc64-gnu': [ '1.0.0-rc.13' ],
155 silly audit   '@rolldown/binding-linux-s390x-gnu': [ '1.0.0-rc.13' ],
155 silly audit   '@rolldown/binding-linux-x64-gnu': [ '1.0.0-rc.13' ],
155 silly audit   '@rolldown/binding-linux-x64-musl': [ '1.0.0-rc.13' ],
155 silly audit   '@rolldown/binding-openharmony-arm64': [ '1.0.0-rc.13' ],
155 silly audit   '@rolldown/binding-wasm32-wasi': [ '1.0.0-rc.13' ],
155 silly audit   '@rolldown/binding-win32-arm64-msvc': [ '1.0.0-rc.13' ],
155 silly audit   '@rolldown/binding-win32-x64-msvc': [ '1.0.0-rc.13' ],
155 silly audit   '@rolldown/pluginutils': [ '1.0.0-rc.7', '1.0.0-rc.13' ],
155 silly audit   '@supabase/auth-js': [ '2.102.1' ],
155 silly audit   '@supabase/functions-js': [ '2.102.1' ],
155 silly audit   '@supabase/phoenix': [ '0.4.0' ],
155 silly audit   '@supabase/postgrest-js': [ '2.102.1' ],
155 silly audit   '@supabase/realtime-js': [ '2.102.1' ],
155 silly audit   '@supabase/storage-js': [ '2.102.1' ],
155 silly audit   '@supabase/supabase-js': [ '2.102.1' ],
155 silly audit   '@swc/helpers': [ '0.5.21' ],
155 silly audit   '@tybys/wasm-util': [ '0.10.1' ],
155 silly audit   '@types/lodash': [ '4.17.24' ],
155 silly audit   '@types/node': [ '25.5.2' ],
155 silly audit   '@types/react': [ '19.2.14' ],
155 silly audit   '@types/react-dom': [ '19.2.3' ],
155 silly audit   '@types/ws': [ '8.18.1' ],
155 silly audit   '@vitejs/plugin-react': [ '6.0.1' ],
155 silly audit   'abs-svg-path': [ '0.1.1' ],
155 silly audit   autoprefixer: [ '10.4.27' ],
155 silly audit   'base64-js': [ '1.5.1', '0.0.8' ],
155 silly audit   'baseline-browser-mapping': [ '2.10.16' ],
155 silly audit   'bidi-js': [ '1.0.3' ],
155 silly audit   brotli: [ '1.3.3' ],
155 silly audit   'browserify-zlib': [ '0.2.0' ],
155 silly audit   browserslist: [ '4.28.2' ],
155 silly audit   'caniuse-lite': [ '1.0.30001787' ],
155 silly audit   clone: [ '2.1.2' ],
155 silly audit   clsx: [ '2.1.1' ],
155 silly audit   'color-name': [ '1.1.4' ],
155 silly audit   'color-string': [ '1.9.1' ],
155 silly audit   cookie: [ '1.1.1' ],
155 silly audit   csstype: [ '3.2.3' ],
155 silly audit   'date-fns': [ '4.1.0' ],
155 silly audit   'detect-libc': [ '2.1.2' ],
155 silly audit   dfa: [ '1.2.0' ],
155 silly audit   'electron-to-chromium': [ '1.5.334' ],
155 silly audit   'emoji-regex-xs': [ '1.0.0' ],
155 silly audit   escalade: [ '3.2.0' ],
155 silly audit   events: [ '3.3.0' ],
155 silly audit   'fast-deep-equal': [ '3.1.3' ],
155 silly audit   fdir: [ '6.5.0' ],
155 silly audit   fontkit: [ '2.0.4' ],
155 silly audit   'fraction.js': [ '5.3.4' ],
155 silly audit   'framer-motion': [ '12.38.0' ],
155 silly audit   fsevents: [ '2.3.3' ],
155 silly audit   'hsl-to-hex': [ '1.0.0' ],
155 silly audit   'hsl-to-rgb-for-reals': [ '1.1.1' ],
155 silly audit   hyphen: [ '1.14.1' ],
155 silly audit   'iceberg-js': [ '0.8.1' ],
155 silly audit   inherits: [ '2.0.4' ],
155 silly audit   'is-arrayish': [ '0.3.4' ],
155 silly audit   'is-url': [ '1.2.4' ],
155 silly audit   'jay-peg': [ '1.1.1' ],
155 silly audit   'js-md5': [ '0.8.3' ],
155 silly audit   'js-tokens': [ '4.0.0' ],
155 silly audit   lightningcss: [ '1.32.0' ],
155 silly audit   'lightningcss-android-arm64': [ '1.32.0' ],
155 silly audit   'lightningcss-darwin-arm64': [ '1.32.0' ],
155 silly audit   'lightningcss-darwin-x64': [ '1.32.0' ],
155 silly audit   'lightningcss-freebsd-x64': [ '1.32.0' ],
155 silly audit   'lightningcss-linux-arm-gnueabihf': [ '1.32.0' ],
155 silly audit   'lightningcss-linux-arm64-gnu': [ '1.32.0' ],
155 silly audit   'lightningcss-linux-arm64-musl': [ '1.32.0' ],
155 silly audit   'lightningcss-linux-x64-gnu': [ '1.32.0' ],
155 silly audit   'lightningcss-linux-x64-musl': [ '1.32.0' ],
155 silly audit   'lightningcss-win32-arm64-msvc': [ '1.32.0' ],
155 silly audit   'lightningcss-win32-x64-msvc': [ '1.32.0' ],
155 silly audit   linebreak: [ '1.1.0' ],
155 silly audit   lodash: [ '4.18.1' ],
155 silly audit   'loose-envify': [ '1.4.0' ],
155 silly audit   'lucide-react': [ '1.7.0' ],
155 silly audit   'media-engine': [ '1.0.3' ],
155 silly audit   'motion-dom': [ '12.38.0' ],
155 silly audit   'motion-utils': [ '12.36.0' ],
155 silly audit   nanoid: [ '3.3.11' ],
155 silly audit   'node-releases': [ '2.0.37' ],
155 silly audit   'normalize-svg-path': [ '1.1.0' ],
155 silly audit   'object-assign': [ '4.1.1' ],
155 silly audit   pako: [ '1.0.11', '0.2.9' ],
155 silly audit   'parse-svg-path': [ '0.1.2' ],
155 silly audit   picocolors: [ '1.1.1' ],
155 silly audit   picomatch: [ '4.0.4' ],
155 silly audit   postcss: [ '8.5.9' ],
155 silly audit   'postcss-value-parser': [ '4.2.0' ],
155 silly audit   'prop-types': [ '15.8.1' ],
155 silly audit   queue: [ '6.0.2' ],
155 silly audit   react: [ '19.2.5' ],
155 silly audit   'react-dom': [ '19.2.5' ],
155 silly audit   scheduler: [ '0.27.0', '0.25.0-rc-603e6108-20241029' ],
155 silly audit   'react-is': [ '16.13.1' ],
155 silly audit   'react-router': [ '7.14.0' ],
155 silly audit   'react-router-dom': [ '7.14.0' ],
155 silly audit   'require-from-string': [ '2.0.2' ],
155 silly audit   restructure: [ '3.0.2' ],
155 silly audit   rolldown: [ '1.0.0-rc.13' ],
155 silly audit   'safe-buffer': [ '5.2.1' ],
155 silly audit   'set-cookie-parser': [ '2.7.2' ],
155 silly audit   'simple-swizzle': [ '0.2.4' ],
155 silly audit   'source-map-js': [ '1.2.1' ],
155 silly audit   string_decoder: [ '1.3.0' ],
155 silly audit   'svg-arc-to-cubic-bezier': [ '3.2.0' ],
155 silly audit   'tailwind-merge': [ '3.5.0' ],
155 silly audit   tailwindcss: [ '4.2.2' ],
155 silly audit   'tiny-inflate': [ '1.0.3' ],
155 silly audit   tinyglobby: [ '0.2.16' ],
155 silly audit   tslib: [ '2.8.1' ],
155 silly audit   typescript: [ '6.0.2' ],
155 silly audit   'undici-types': [ '7.18.2' ],
155 silly audit   'unicode-properties': [ '1.4.1' ],
155 silly audit   'unicode-trie': [ '2.0.0' ],
155 silly audit   'update-browserslist-db': [ '1.2.3' ],
155 silly audit   'util-deprecate': [ '1.0.2' ],
155 silly audit   vite: [ '8.0.7' ],
155 silly audit   'vite-compatible-readable-stream': [ '3.6.1' ],
155 silly audit   ws: [ '8.20.0' ],
155 silly audit   'yoga-layout': [ '3.2.1' ],
155 silly audit   '@tailwindcss/postcss': [ '4.2.2' ],
155 silly audit   '@alloc/quick-lru': [ '5.2.0' ],
155 silly audit   '@tailwindcss/node': [ '4.2.2' ],
155 silly audit   '@tailwindcss/oxide': [ '4.2.2' ],
155 silly audit   '@jridgewell/remapping': [ '2.3.5' ],
155 silly audit   'enhanced-resolve': [ '5.20.1' ],
155 silly audit   jiti: [ '2.6.1' ],
155 silly audit   'magic-string': [ '0.30.21' ],
155 silly audit   '@jridgewell/gen-mapping': [ '0.3.13' ],
155 silly audit   '@jridgewell/trace-mapping': [ '0.3.31' ],
155 silly audit   '@jridgewell/sourcemap-codec': [ '1.5.5' ],
155 silly audit   '@jridgewell/resolve-uri': [ '3.1.2' ],
155 silly audit   '@tailwindcss/oxide-android-arm64': [ '4.2.2' ],
155 silly audit   '@tailwindcss/oxide-darwin-arm64': [ '4.2.2' ],
155 silly audit   '@tailwindcss/oxide-darwin-x64': [ '4.2.2' ],
155 silly audit   '@tailwindcss/oxide-freebsd-x64': [ '4.2.2' ],
155 silly audit   '@tailwindcss/oxide-linux-arm-gnueabihf': [ '4.2.2' ],
155 silly audit   '@tailwindcss/oxide-linux-arm64-gnu': [ '4.2.2' ],
155 silly audit   '@tailwindcss/oxide-linux-arm64-musl': [ '4.2.2' ],
155 silly audit   '@tailwindcss/oxide-linux-x64-gnu': [ '4.2.2' ],
155 silly audit   '@tailwindcss/oxide-linux-x64-musl': [ '4.2.2' ],
155 silly audit   '@tailwindcss/oxide-wasm32-wasi': [ '4.2.2' ],
155 silly audit   '@tailwindcss/oxide-win32-arm64-msvc': [ '4.2.2' ],
155 silly audit   '@tailwindcss/oxide-win32-x64-msvc': [ '4.2.2' ],
155 silly audit   'graceful-fs': [ '4.2.11' ],
155 silly audit   tapable: [ '2.3.2' ]
155 silly audit }
156 http cache tapable@https://registry.npmjs.org/tapable/-/tapable-2.3.2.tgz 0ms (cache hit)
157 http cache graceful-fs@https://registry.npmjs.org/graceful-fs/-/graceful-fs-4.2.11.tgz 0ms (cache hit)
158 http cache @tailwindcss/oxide-darwin-arm64@https://registry.npmjs.org/@tailwindcss/oxide-darwin-arm64/-/oxide-darwin-arm64-4.2.2.tgz 0ms (cache hit)
159 http cache @jridgewell/sourcemap-codec@https://registry.npmjs.org/@jridgewell/sourcemap-codec/-/sourcemap-codec-1.5.5.tgz 0ms (cache hit)
160 http cache @jridgewell/resolve-uri@https://registry.npmjs.org/@jridgewell/resolve-uri/-/resolve-uri-3.1.2.tgz 0ms (cache hit)
161 http cache @jridgewell/gen-mapping@https://registry.npmjs.org/@jridgewell/gen-mapping/-/gen-mapping-0.3.13.tgz 0ms (cache hit)
162 http cache @jridgewell/trace-mapping@https://registry.npmjs.org/@jridgewell/trace-mapping/-/trace-mapping-0.3.31.tgz 0ms (cache hit)
163 http cache magic-string@https://registry.npmjs.org/magic-string/-/magic-string-0.30.21.tgz 0ms (cache hit)
164 http cache jiti@https://registry.npmjs.org/jiti/-/jiti-2.6.1.tgz 0ms (cache hit)
165 http cache @jridgewell/remapping@https://registry.npmjs.org/@jridgewell/remapping/-/remapping-2.3.5.tgz 0ms (cache hit)
166 http cache enhanced-resolve@https://registry.npmjs.org/enhanced-resolve/-/enhanced-resolve-5.20.1.tgz 0ms (cache hit)
167 http cache @tailwindcss/node@https://registry.npmjs.org/@tailwindcss/node/-/node-4.2.2.tgz 0ms (cache hit)
168 http cache @tailwindcss/oxide@https://registry.npmjs.org/@tailwindcss/oxide/-/oxide-4.2.2.tgz 0ms (cache hit)
169 http cache @tailwindcss/postcss@https://registry.npmjs.org/@tailwindcss/postcss/-/postcss-4.2.2.tgz 0ms (cache hit)
170 http cache @alloc/quick-lru@https://registry.npmjs.org/@alloc/quick-lru/-/quick-lru-5.2.0.tgz 0ms (cache hit)
171 http cache @tybys/wasm-util@https://registry.npmjs.org/@tybys/wasm-util/-/wasm-util-0.10.1.tgz 0ms (cache hit)
172 http cache @napi-rs/wasm-runtime@https://registry.npmjs.org/@napi-rs/wasm-runtime/-/wasm-runtime-1.1.3.tgz 0ms (cache hit)
173 http cache @emnapi/wasi-threads@https://registry.npmjs.org/@emnapi/wasi-threads/-/wasi-threads-1.2.0.tgz 0ms (cache hit)
174 silly tarball no local data for tapable@https://registry.npmjs.org/tapable/-/tapable-2.3.2.tgz. Extracting by manifest.
175 silly tarball no local data for @tailwindcss/oxide-darwin-arm64@https://registry.npmjs.org/@tailwindcss/oxide-darwin-arm64/-/oxide-darwin-arm64-4.2.2.tgz. Extracting by manifest.
176 silly tarball no local data for graceful-fs@https://registry.npmjs.org/graceful-fs/-/graceful-fs-4.2.11.tgz. Extracting by manifest.
177 silly tarball no local data for @jridgewell/sourcemap-codec@https://registry.npmjs.org/@jridgewell/sourcemap-codec/-/sourcemap-codec-1.5.5.tgz. Extracting by manifest.
178 http cache @emnapi/runtime@https://registry.npmjs.org/@emnapi/runtime/-/runtime-1.9.1.tgz 0ms (cache hit)
179 silly tarball no local data for @jridgewell/resolve-uri@https://registry.npmjs.org/@jridgewell/resolve-uri/-/resolve-uri-3.1.2.tgz. Extracting by manifest.
180 silly tarball no local data for @jridgewell/gen-mapping@https://registry.npmjs.org/@jridgewell/gen-mapping/-/gen-mapping-0.3.13.tgz. Extracting by manifest.
181 silly tarball no local data for @jridgewell/trace-mapping@https://registry.npmjs.org/@jridgewell/trace-mapping/-/trace-mapping-0.3.31.tgz. Extracting by manifest.
182 silly tarball no local data for magic-string@https://registry.npmjs.org/magic-string/-/magic-string-0.30.21.tgz. Extracting by manifest.
183 silly tarball no local data for jiti@https://registry.npmjs.org/jiti/-/jiti-2.6.1.tgz. Extracting by manifest.
184 silly tarball no local data for enhanced-resolve@https://registry.npmjs.org/enhanced-resolve/-/enhanced-resolve-5.20.1.tgz. Extracting by manifest.
185 http cache @emnapi/core@https://registry.npmjs.org/@emnapi/core/-/core-1.9.1.tgz 0ms (cache hit)
186 silly tarball no local data for @jridgewell/remapping@https://registry.npmjs.org/@jridgewell/remapping/-/remapping-2.3.5.tgz. Extracting by manifest.
187 silly tarball no local data for @tailwindcss/node@https://registry.npmjs.org/@tailwindcss/node/-/node-4.2.2.tgz. Extracting by manifest.
188 silly tarball no local data for @tailwindcss/oxide@https://registry.npmjs.org/@tailwindcss/oxide/-/oxide-4.2.2.tgz. Extracting by manifest.
189 silly tarball no local data for @tailwindcss/postcss@https://registry.npmjs.org/@tailwindcss/postcss/-/postcss-4.2.2.tgz. Extracting by manifest.
190 silly tarball no local data for @tybys/wasm-util@https://registry.npmjs.org/@tybys/wasm-util/-/wasm-util-0.10.1.tgz. Extracting by manifest.
191 silly tarball no local data for @napi-rs/wasm-runtime@https://registry.npmjs.org/@napi-rs/wasm-runtime/-/wasm-runtime-1.1.3.tgz. Extracting by manifest.
192 silly tarball no local data for @alloc/quick-lru@https://registry.npmjs.org/@alloc/quick-lru/-/quick-lru-5.2.0.tgz. Extracting by manifest.
193 silly tarball no local data for @emnapi/wasi-threads@https://registry.npmjs.org/@emnapi/wasi-threads/-/wasi-threads-1.2.0.tgz. Extracting by manifest.
194 silly tarball no local data for @emnapi/runtime@https://registry.npmjs.org/@emnapi/runtime/-/runtime-1.9.1.tgz. Extracting by manifest.
195 silly tarball no local data for @emnapi/core@https://registry.npmjs.org/@emnapi/core/-/core-1.9.1.tgz. Extracting by manifest.
196 http fetch GET 200 https://registry.npmjs.org/graceful-fs/-/graceful-fs-4.2.11.tgz 45ms (cache miss)
197 http fetch GET 200 https://registry.npmjs.org/tapable/-/tapable-2.3.2.tgz 46ms (cache miss)
198 http fetch GET 200 https://registry.npmjs.org/@jridgewell/resolve-uri/-/resolve-uri-3.1.2.tgz 47ms (cache miss)
199 http fetch GET 200 https://registry.npmjs.org/magic-string/-/magic-string-0.30.21.tgz 60ms (cache miss)
200 http fetch GET 200 https://registry.npmjs.org/@tailwindcss/oxide/-/oxide-4.2.2.tgz 75ms (cache miss)
201 http fetch GET 200 https://registry.npmjs.org/@tailwindcss/node/-/node-4.2.2.tgz 84ms (cache miss)
202 http fetch GET 200 https://registry.npmjs.org/@jridgewell/sourcemap-codec/-/sourcemap-codec-1.5.5.tgz 86ms (cache miss)
203 http fetch GET 200 https://registry.npmjs.org/@jridgewell/gen-mapping/-/gen-mapping-0.3.13.tgz 89ms (cache miss)
204 http fetch GET 200 https://registry.npmjs.org/@emnapi/wasi-threads/-/wasi-threads-1.2.0.tgz 98ms (cache miss)
205 http fetch GET 200 https://registry.npmjs.org/@emnapi/runtime/-/runtime-1.9.1.tgz 106ms (cache miss)
206 http fetch GET 200 https://registry.npmjs.org/@jridgewell/trace-mapping/-/trace-mapping-0.3.31.tgz 111ms (cache miss)
207 http fetch GET 200 https://registry.npmjs.org/@alloc/quick-lru/-/quick-lru-5.2.0.tgz 110ms (cache miss)
208 http fetch GET 200 https://registry.npmjs.org/@tailwindcss/postcss/-/postcss-4.2.2.tgz 112ms (cache miss)
209 http fetch GET 200 https://registry.npmjs.org/@tailwindcss/oxide-darwin-arm64/-/oxide-darwin-arm64-4.2.2.tgz 115ms (cache miss)
210 http fetch GET 200 https://registry.npmjs.org/enhanced-resolve/-/enhanced-resolve-5.20.1.tgz 117ms (cache miss)
211 http fetch GET 200 https://registry.npmjs.org/jiti/-/jiti-2.6.1.tgz 117ms (cache miss)
212 http fetch GET 200 https://registry.npmjs.org/@jridgewell/remapping/-/remapping-2.3.5.tgz 122ms (cache miss)
213 http fetch GET 200 https://registry.npmjs.org/@emnapi/core/-/core-1.9.1.tgz 130ms (cache miss)
214 http fetch GET 200 https://registry.npmjs.org/@tybys/wasm-util/-/wasm-util-0.10.1.tgz 135ms (cache miss)
215 http fetch GET 200 https://registry.npmjs.org/@napi-rs/wasm-runtime/-/wasm-runtime-1.1.3.tgz 137ms (cache miss)
216 http fetch POST 200 https://registry.npmjs.org/-/npm/v1/security/advisories/bulk 290ms
217 silly audit report {}
218 silly ADD node_modules/tapable
219 silly ADD node_modules/graceful-fs
220 silly ADD node_modules/@tailwindcss/oxide-darwin-arm64
221 silly ADD node_modules/@jridgewell/resolve-uri
222 silly ADD node_modules/@jridgewell/sourcemap-codec
223 silly ADD node_modules/@jridgewell/trace-mapping
224 silly ADD node_modules/@jridgewell/gen-mapping
225 silly ADD node_modules/magic-string
226 silly ADD node_modules/jiti
227 silly ADD node_modules/enhanced-resolve
228 silly ADD node_modules/@jridgewell/remapping
229 silly ADD node_modules/@tailwindcss/oxide
230 silly ADD node_modules/@tailwindcss/node
231 silly ADD node_modules/@alloc/quick-lru
232 silly ADD node_modules/@tailwindcss/postcss
233 silly ADD node_modules/@tybys/wasm-util
234 silly ADD node_modules/@napi-rs/wasm-runtime
235 silly ADD node_modules/@emnapi/wasi-threads
236 silly ADD node_modules/@emnapi/runtime
237 silly ADD node_modules/@emnapi/core
238 verbose cwd /Users/edit6/Documents/Caio/LUMOS/proposta-lumos
239 verbose os Darwin 25.3.0
240 verbose node v24.14.1
241 verbose npm  v11.11.0
242 verbose exit 0
243 info ok
