0 verbose cli /usr/local/bin/node /usr/local/bin/npm
1 info using npm@11.11.0
2 info using node@v24.14.1
3 silly config load:file:/usr/local/lib/node_modules/npm/npmrc
4 silly config load:file:/Users/edit6/Documents/Caio/LUMOS/proposta-lumos/.npmrc
5 silly config load:file:/Users/edit6/Documents/Caio/LUMOS/proposta-lumos/.npmrc-local
6 silly config load:file:/usr/local/etc/npmrc
7 verbose title npm install vite @vitejs/plugin-react typescript @types/react @types/react-dom @types/lodash tailwindcss postcss autoprefixer
8 verbose argv "install" "--cache" "./.npm_cache" "--userconfig" "./.npmrc-local" "--save-dev" "vite" "@vitejs/plugin-react" "typescript" "@types/react" "@types/react-dom" "@types/lodash" "tailwindcss" "postcss" "autoprefixer"
9 verbose logfile logs-max:10 dir:/Users/edit6/Documents/Caio/LUMOS/proposta-lumos/.npm_cache/_logs/2026-04-08T22_54_09_306Z-
10 verbose logfile /Users/edit6/Documents/Caio/LUMOS/proposta-lumos/.npm_cache/_logs/2026-04-08T22_54_09_306Z-debug-0.log
11 silly logfile done cleaning log files
12 silly packumentCache heap:4496293888 maxSize:1124073472 maxEntrySize:562036736
13 silly idealTree buildDeps
14 silly fetch manifest vite@*
15 silly packumentCache full:https://registry.npmjs.org/vite cache-miss
16 http fetch GET 200 https://registry.npmjs.org/vite 827ms (cache miss)
17 silly packumentCache full:https://registry.npmjs.org/vite set size:undefined disposed:false
18 silly fetch manifest @types/node@^20.19.0 || >=22.12.0
19 silly packumentCache full:https://registry.npmjs.org/@types%2fnode cache-miss
20 http cache https://registry.npmjs.org/@types%2fnode 14ms (cache hit)
21 silly packumentCache full:https://registry.npmjs.org/@types%2fnode set size:10968423 disposed:false
22 silly fetch manifest @vitejs/devtools@^0.1.0
23 silly packumentCache full:https://registry.npmjs.org/@vitejs%2fdevtools cache-miss
24 http fetch GET 200 https://registry.npmjs.org/@vitejs%2fdevtools 64ms (cache miss)
25 silly packumentCache full:https://registry.npmjs.org/@vitejs%2fdevtools set size:undefined disposed:false
26 silly fetch manifest esbuild@^0.27.0 || ^0.28.0
27 silly packumentCache full:https://registry.npmjs.org/esbuild cache-miss
28 http fetch GET 200 https://registry.npmjs.org/esbuild 104ms (cache miss)
29 silly packumentCache full:https://registry.npmjs.org/esbuild set size:undefined disposed:false
30 silly fetch manifest jiti@>=1.21.0
31 silly packumentCache full:https://registry.npmjs.org/jiti cache-miss
32 http fetch GET 200 https://registry.npmjs.org/jiti 34ms (cache miss)
33 silly packumentCache full:https://registry.npmjs.org/jiti set size:undefined disposed:false
34 silly fetch manifest less@^4.0.0
35 silly packumentCache full:https://registry.npmjs.org/less cache-miss
36 http fetch GET 200 https://registry.npmjs.org/less 35ms (cache miss)
37 silly packumentCache full:https://registry.npmjs.org/less set size:undefined disposed:false
38 silly fetch manifest sass@^1.70.0
39 silly packumentCache full:https://registry.npmjs.org/sass cache-miss
40 http fetch GET 200 https://registry.npmjs.org/sass 35ms (cache miss)
41 silly packumentCache full:https://registry.npmjs.org/sass set size:undefined disposed:false
42 silly fetch manifest sass-embedded@^1.70.0
43 silly packumentCache full:https://registry.npmjs.org/sass-embedded cache-miss
44 http fetch GET 200 https://registry.npmjs.org/sass-embedded 34ms (cache miss)
45 silly packumentCache full:https://registry.npmjs.org/sass-embedded set size:undefined disposed:false
46 silly fetch manifest stylus@>=0.54.8
47 silly packumentCache full:https://registry.npmjs.org/stylus cache-miss
48 http fetch GET 200 https://registry.npmjs.org/stylus 43ms (cache miss)
49 silly packumentCache full:https://registry.npmjs.org/stylus set size:undefined disposed:false
50 silly fetch manifest sugarss@^5.0.0
51 silly packumentCache full:https://registry.npmjs.org/sugarss cache-miss
52 http fetch GET 200 https://registry.npmjs.org/sugarss 30ms (cache miss)
53 silly packumentCache full:https://registry.npmjs.org/sugarss set size:undefined disposed:false
54 silly fetch manifest postcss@*
55 silly packumentCache full:https://registry.npmjs.org/postcss cache-miss
56 http fetch GET 200 https://registry.npmjs.org/postcss 31ms (cache miss)
57 silly packumentCache full:https://registry.npmjs.org/postcss set size:undefined disposed:false
58 silly fetch manifest terser@^5.16.0
59 silly packumentCache full:https://registry.npmjs.org/terser cache-miss
60 http fetch GET 200 https://registry.npmjs.org/terser 43ms (cache miss)
61 silly packumentCache full:https://registry.npmjs.org/terser set size:undefined disposed:false
62 silly fetch manifest tsx@^4.8.1
63 silly packumentCache full:https://registry.npmjs.org/tsx cache-miss
64 http fetch GET 200 https://registry.npmjs.org/tsx 35ms (cache miss)
65 silly packumentCache full:https://registry.npmjs.org/tsx set size:undefined disposed:false
66 silly fetch manifest yaml@^2.4.2
67 silly packumentCache full:https://registry.npmjs.org/yaml cache-miss
68 http fetch GET 200 https://registry.npmjs.org/yaml 27ms (cache miss)
69 silly packumentCache full:https://registry.npmjs.org/yaml set size:undefined disposed:false
70 silly fetch manifest @vitejs/plugin-react@*
71 silly packumentCache full:https://registry.npmjs.org/@vitejs%2fplugin-react cache-miss
72 http fetch GET 200 https://registry.npmjs.org/@vitejs%2fplugin-react 49ms (cache miss)
73 silly packumentCache full:https://registry.npmjs.org/@vitejs%2fplugin-react set size:undefined disposed:false
74 silly fetch manifest @rolldown/plugin-babel@^0.1.7 || ^0.2.0
75 silly packumentCache full:https://registry.npmjs.org/@rolldown%2fplugin-babel cache-miss
76 http fetch GET 200 https://registry.npmjs.org/@rolldown%2fplugin-babel 49ms (cache miss)
77 silly packumentCache full:https://registry.npmjs.org/@rolldown%2fplugin-babel set size:undefined disposed:false
78 silly fetch manifest @babel/core@^7.29.0 || ^8.0.0-rc.1
79 silly packumentCache full:https://registry.npmjs.org/@babel%2fcore cache-miss
80 http fetch GET 200 https://registry.npmjs.org/@babel%2fcore 54ms (cache miss)
81 silly packumentCache full:https://registry.npmjs.org/@babel%2fcore set size:undefined disposed:false
82 silly fetch manifest @babel/plugin-transform-runtime@^7.29.0 || ^8.0.0-rc.1
83 silly packumentCache full:https://registry.npmjs.org/@babel%2fplugin-transform-runtime cache-miss
84 http fetch GET 200 https://registry.npmjs.org/@babel%2fplugin-transform-runtime 45ms (cache miss)
85 silly packumentCache full:https://registry.npmjs.org/@babel%2fplugin-transform-runtime set size:undefined disposed:false
86 silly fetch manifest @babel/runtime@^7.27.0 || ^8.0.0-rc.1
87 silly packumentCache full:https://registry.npmjs.org/@babel%2fruntime cache-miss
88 http cache https://registry.npmjs.org/@babel%2fruntime 14ms (cache hit)
89 silly packumentCache full:https://registry.npmjs.org/@babel%2fruntime set size:3372292 disposed:false
90 silly fetch manifest rolldown@^1.0.0-rc.5
91 silly packumentCache full:https://registry.npmjs.org/rolldown cache-miss
92 http fetch GET 200 https://registry.npmjs.org/rolldown 48ms (cache miss)
93 silly packumentCache full:https://registry.npmjs.org/rolldown set size:undefined disposed:false
94 silly fetch manifest babel-plugin-react-compiler@^1.0.0
95 silly packumentCache full:https://registry.npmjs.org/babel-plugin-react-compiler cache-miss
96 http fetch GET 200 https://registry.npmjs.org/babel-plugin-react-compiler 33ms (cache miss)
97 silly packumentCache full:https://registry.npmjs.org/babel-plugin-react-compiler set size:undefined disposed:false
98 silly fetch manifest typescript@*
99 silly packumentCache full:https://registry.npmjs.org/typescript cache-miss
100 http fetch GET 200 https://registry.npmjs.org/typescript 215ms (cache miss)
101 silly packumentCache full:https://registry.npmjs.org/typescript set size:undefined disposed:false
102 silly fetch manifest @types/react@*
103 silly packumentCache full:https://registry.npmjs.org/@types%2freact cache-miss
104 http fetch GET 200 https://registry.npmjs.org/@types%2freact 52ms (cache miss)
105 silly packumentCache full:https://registry.npmjs.org/@types%2freact set size:undefined disposed:false
106 silly fetch manifest @types/react-dom@*
107 silly packumentCache full:https://registry.npmjs.org/@types%2freact-dom cache-miss
108 http fetch GET 200 https://registry.npmjs.org/@types%2freact-dom 42ms (cache miss)
109 silly packumentCache full:https://registry.npmjs.org/@types%2freact-dom set size:undefined disposed:false
110 silly fetch manifest @types/lodash@*
111 silly packumentCache full:https://registry.npmjs.org/@types%2flodash cache-miss
112 http fetch GET 200 https://registry.npmjs.org/@types%2flodash 45ms (cache miss)
113 silly packumentCache full:https://registry.npmjs.org/@types%2flodash set size:undefined disposed:false
114 silly fetch manifest tailwindcss@*
115 silly packumentCache full:https://registry.npmjs.org/tailwindcss cache-miss
116 http fetch GET 200 https://registry.npmjs.org/tailwindcss 105ms (cache miss)
117 silly packumentCache full:https://registry.npmjs.org/tailwindcss set size:undefined disposed:false
118 silly fetch manifest autoprefixer@*
119 silly packumentCache full:https://registry.npmjs.org/autoprefixer cache-miss
120 http fetch GET 200 https://registry.npmjs.org/autoprefixer 34ms (cache miss)
121 silly packumentCache full:https://registry.npmjs.org/autoprefixer set size:undefined disposed:false
122 silly placeDep ROOT @types/lodash@4.17.24 OK for: proposta-lumos@1.0.0 want: *
123 silly placeDep ROOT @types/react@19.2.14 OK for: proposta-lumos@1.0.0 want: *
124 silly placeDep ROOT @types/react-dom@19.2.3 OK for: proposta-lumos@1.0.0 want: *
125 silly placeDep ROOT @vitejs/plugin-react@6.0.1 OK for: proposta-lumos@1.0.0 want: *
126 silly placeDep ROOT vite@8.0.7 OK for: @vitejs/plugin-react@6.0.1 want: ^8.0.0
127 silly placeDep ROOT autoprefixer@10.4.27 OK for: proposta-lumos@1.0.0 want: *
128 silly placeDep ROOT postcss@8.5.9 OK for: autoprefixer@10.4.27 want: ^8.1.0
129 silly placeDep ROOT postcss@8.5.9 REPLACE for: proposta-lumos@1.0.0 want: *
130 silly placeDep ROOT tailwindcss@4.2.2 OK for: proposta-lumos@1.0.0 want: *
131 silly placeDep ROOT typescript@6.0.2 OK for: proposta-lumos@1.0.0 want: *
132 silly placeDep ROOT vite@8.0.7 REPLACE for: proposta-lumos@1.0.0 want: *
133 silly fetch manifest csstype@^3.2.2
134 silly packumentCache full:https://registry.npmjs.org/csstype cache-miss
135 silly fetch manifest @rolldown/pluginutils@1.0.0-rc.7
136 silly packumentCache full:https://registry.npmjs.org/@rolldown%2fpluginutils cache-miss
137 silly fetch manifest lightningcss@^1.32.0
138 silly packumentCache full:https://registry.npmjs.org/lightningcss cache-miss
139 silly fetch manifest picomatch@^4.0.4
140 silly packumentCache full:https://registry.npmjs.org/picomatch cache-miss
141 silly fetch manifest postcss@^8.5.8
142 silly packumentCache full:https://registry.npmjs.org/postcss cache-miss
143 silly fetch manifest rolldown@1.0.0-rc.13
144 silly packumentCache full:https://registry.npmjs.org/rolldown cache-miss
145 silly fetch manifest tinyglobby@^0.2.15
146 silly packumentCache full:https://registry.npmjs.org/tinyglobby cache-miss
147 silly fetch manifest fsevents@~2.3.3
148 silly packumentCache full:https://registry.npmjs.org/fsevents cache-miss
149 silly fetch manifest browserslist@^4.28.1
150 silly packumentCache full:https://registry.npmjs.org/browserslist cache-miss
151 http cache https://registry.npmjs.org/postcss 12ms (cache hit)
152 silly packumentCache full:https://registry.npmjs.org/postcss set size:705229 disposed:false
153 silly fetch manifest caniuse-lite@^1.0.30001774
154 silly packumentCache full:https://registry.npmjs.org/caniuse-lite cache-miss
155 http cache https://registry.npmjs.org/rolldown 18ms (cache hit)
156 silly packumentCache full:https://registry.npmjs.org/rolldown set size:3669008 disposed:false
157 silly fetch manifest fraction.js@^5.3.4
158 silly packumentCache full:https://registry.npmjs.org/fraction.js cache-miss
159 http fetch GET 200 https://registry.npmjs.org/csstype 47ms (cache miss)
160 silly packumentCache full:https://registry.npmjs.org/csstype set size:undefined disposed:false
161 silly fetch manifest picocolors@^1.1.1
162 silly packumentCache full:https://registry.npmjs.org/picocolors cache-miss
163 http fetch GET 200 https://registry.npmjs.org/picomatch 64ms (cache miss)
164 silly packumentCache full:https://registry.npmjs.org/picomatch set size:undefined disposed:false
165 silly fetch manifest nanoid@^3.3.11
166 silly packumentCache full:https://registry.npmjs.org/nanoid cache-miss
167 http fetch GET 200 https://registry.npmjs.org/fsevents 71ms (cache miss)
168 silly packumentCache full:https://registry.npmjs.org/fsevents set size:undefined disposed:false
169 silly fetch manifest picocolors@^1.1.1
170 silly packumentCache full:https://registry.npmjs.org/picocolors cache-miss
171 http fetch GET 200 https://registry.npmjs.org/tinyglobby 76ms (cache miss)
172 silly packumentCache full:https://registry.npmjs.org/tinyglobby set size:undefined disposed:false
173 silly fetch manifest source-map-js@^1.2.1
174 silly packumentCache full:https://registry.npmjs.org/source-map-js cache-miss
175 http fetch GET 200 https://registry.npmjs.org/picocolors 31ms (cache miss)
176 silly packumentCache full:https://registry.npmjs.org/picocolors set size:undefined disposed:false
177 silly fetch manifest nanoid@^3.3.11
178 silly packumentCache full:https://registry.npmjs.org/nanoid cache-miss
179 http fetch GET 200 https://registry.npmjs.org/browserslist 81ms (cache miss)
180 silly packumentCache full:https://registry.npmjs.org/browserslist set size:undefined disposed:false
181 silly fetch manifest source-map-js@^1.2.1
182 silly packumentCache full:https://registry.npmjs.org/source-map-js cache-miss
183 http fetch GET 200 https://registry.npmjs.org/fraction.js 58ms (cache miss)
184 silly packumentCache full:https://registry.npmjs.org/fraction.js set size:undefined disposed:false
185 silly fetch manifest lightningcss@^1.32.0
186 silly packumentCache full:https://registry.npmjs.org/lightningcss cache-miss
187 http fetch GET 200 https://registry.npmjs.org/lightningcss 93ms (cache miss)
188 silly packumentCache full:https://registry.npmjs.org/lightningcss set size:undefined disposed:false
189 http fetch GET 200 https://registry.npmjs.org/picocolors 24ms (cache miss)
190 silly packumentCache full:https://registry.npmjs.org/picocolors set size:undefined disposed:false
191 http fetch GET 200 https://registry.npmjs.org/nanoid 35ms (cache miss)
192 silly packumentCache full:https://registry.npmjs.org/nanoid set size:undefined disposed:false
193 http fetch GET 200 https://registry.npmjs.org/source-map-js 28ms (cache miss)
194 silly packumentCache full:https://registry.npmjs.org/source-map-js set size:undefined disposed:false
195 http fetch GET 200 https://registry.npmjs.org/source-map-js 29ms (cache miss)
196 silly packumentCache full:https://registry.npmjs.org/source-map-js set size:undefined disposed:false
197 http fetch GET 200 https://registry.npmjs.org/nanoid 35ms (cache miss)
198 silly packumentCache full:https://registry.npmjs.org/nanoid set size:undefined disposed:false
199 http fetch GET 200 https://registry.npmjs.org/lightningcss 27ms (cache miss)
200 silly packumentCache full:https://registry.npmjs.org/lightningcss set size:undefined disposed:false
201 http fetch GET 200 https://registry.npmjs.org/@rolldown%2fpluginutils 119ms (cache miss)
202 silly packumentCache full:https://registry.npmjs.org/@rolldown%2fpluginutils set size:undefined disposed:false
203 http fetch GET 200 https://registry.npmjs.org/caniuse-lite 106ms (cache miss)
204 silly packumentCache full:https://registry.npmjs.org/caniuse-lite set size:undefined disposed:false
205 silly placeDep ROOT csstype@3.2.3 OK for: @types/react@19.2.14 want: ^3.2.2
206 silly placeDep ROOT @rolldown/pluginutils@1.0.0-rc.7 OK for: @vitejs/plugin-react@6.0.1 want: 1.0.0-rc.7
207 silly placeDep ROOT browserslist@4.28.2 OK for: autoprefixer@10.4.27 want: ^4.28.1
208 silly placeDep ROOT caniuse-lite@1.0.30001787 OK for: autoprefixer@10.4.27 want: ^1.0.30001774
209 silly placeDep ROOT fraction.js@5.3.4 OK for: autoprefixer@10.4.27 want: ^5.3.4
210 silly placeDep ROOT picocolors@1.1.1 OK for: autoprefixer@10.4.27 want: ^1.1.1
211 silly fetch manifest baseline-browser-mapping@^2.10.12
212 silly packumentCache full:https://registry.npmjs.org/baseline-browser-mapping cache-miss
213 silly fetch manifest caniuse-lite@^1.0.30001782
214 silly packumentCache full:https://registry.npmjs.org/caniuse-lite cache-miss
215 silly fetch manifest electron-to-chromium@^1.5.328
216 silly packumentCache full:https://registry.npmjs.org/electron-to-chromium cache-miss
217 silly fetch manifest node-releases@^2.0.36
218 silly packumentCache full:https://registry.npmjs.org/node-releases cache-miss
219 silly fetch manifest update-browserslist-db@^1.2.3
220 silly packumentCache full:https://registry.npmjs.org/update-browserslist-db cache-miss
221 http cache https://registry.npmjs.org/caniuse-lite 5ms (cache hit)
222 silly packumentCache full:https://registry.npmjs.org/caniuse-lite set size:2283130 disposed:false
223 http fetch GET 200 https://registry.npmjs.org/update-browserslist-db 30ms (cache miss)
224 silly packumentCache full:https://registry.npmjs.org/update-browserslist-db set size:undefined disposed:false
225 http fetch GET 200 https://registry.npmjs.org/node-releases 34ms (cache miss)
226 silly packumentCache full:https://registry.npmjs.org/node-releases set size:undefined disposed:false
227 http fetch GET 200 https://registry.npmjs.org/baseline-browser-mapping 39ms (cache miss)
228 silly packumentCache full:https://registry.npmjs.org/baseline-browser-mapping set size:undefined disposed:false
229 http fetch GET 200 https://registry.npmjs.org/electron-to-chromium 92ms (cache miss)
230 silly packumentCache full:https://registry.npmjs.org/electron-to-chromium set size:undefined disposed:false
231 silly fetch manifest browserslist@>= 4.21.0
232 silly packumentCache full:https://registry.npmjs.org/browserslist cache-miss
233 http cache https://registry.npmjs.org/browserslist 2ms (cache hit)
234 silly packumentCache full:https://registry.npmjs.org/browserslist set size:504681 disposed:false
235 silly placeDep ROOT baseline-browser-mapping@2.10.16 OK for: browserslist@4.28.2 want: ^2.10.12
236 silly placeDep ROOT electron-to-chromium@1.5.334 OK for: browserslist@4.28.2 want: ^1.5.328
237 silly placeDep ROOT node-releases@2.0.37 OK for: browserslist@4.28.2 want: ^2.0.36
238 silly placeDep ROOT update-browserslist-db@1.2.3 OK for: browserslist@4.28.2 want: ^1.2.3
239 silly fetch manifest escalade@^3.2.0
240 silly packumentCache full:https://registry.npmjs.org/escalade cache-miss
241 http fetch GET 200 https://registry.npmjs.org/escalade 25ms (cache miss)
242 silly packumentCache full:https://registry.npmjs.org/escalade set size:undefined disposed:false
243 silly placeDep ROOT nanoid@3.3.11 OK for: postcss@8.5.9 want: ^3.3.11
244 silly placeDep ROOT source-map-js@1.2.1 OK for: postcss@8.5.9 want: ^1.2.1
245 silly placeDep ROOT escalade@3.2.0 OK for: update-browserslist-db@1.2.3 want: ^3.2.0
246 silly placeDep ROOT fsevents@2.3.3 OK for: vite@8.0.7 want: ~2.3.3
247 silly placeDep ROOT lightningcss@1.32.0 OK for: vite@8.0.7 want: ^1.32.0
248 silly placeDep ROOT picomatch@4.0.4 OK for: vite@8.0.7 want: ^4.0.4
249 silly placeDep ROOT rolldown@1.0.0-rc.13 OK for: vite@8.0.7 want: 1.0.0-rc.13
250 silly placeDep ROOT tinyglobby@0.2.16 OK for: vite@8.0.7 want: ^0.2.15
251 silly fetch manifest detect-libc@^2.0.3
252 silly packumentCache full:https://registry.npmjs.org/detect-libc cache-miss
253 silly fetch manifest lightningcss-darwin-x64@1.32.0
254 silly packumentCache full:https://registry.npmjs.org/lightningcss-darwin-x64 cache-miss
255 silly fetch manifest lightningcss-linux-x64-gnu@1.32.0
256 silly packumentCache full:https://registry.npmjs.org/lightningcss-linux-x64-gnu cache-miss
257 silly fetch manifest lightningcss-win32-x64-msvc@1.32.0
258 silly packumentCache full:https://registry.npmjs.org/lightningcss-win32-x64-msvc cache-miss
259 silly fetch manifest lightningcss-win32-arm64-msvc@1.32.0
260 silly packumentCache full:https://registry.npmjs.org/lightningcss-win32-arm64-msvc cache-miss
261 silly fetch manifest lightningcss-darwin-arm64@1.32.0
262 silly packumentCache full:https://registry.npmjs.org/lightningcss-darwin-arm64 cache-miss
263 silly fetch manifest lightningcss-linux-arm64-gnu@1.32.0
264 silly packumentCache full:https://registry.npmjs.org/lightningcss-linux-arm64-gnu cache-miss
265 silly fetch manifest lightningcss-linux-arm-gnueabihf@1.32.0
266 silly packumentCache full:https://registry.npmjs.org/lightningcss-linux-arm-gnueabihf cache-miss
267 silly fetch manifest lightningcss-linux-arm64-musl@1.32.0
268 silly packumentCache full:https://registry.npmjs.org/lightningcss-linux-arm64-musl cache-miss
269 http fetch GET 200 https://registry.npmjs.org/lightningcss-linux-arm64-musl 23ms (cache miss)
270 silly packumentCache full:https://registry.npmjs.org/lightningcss-linux-arm64-musl set size:undefined disposed:false
271 silly fetch manifest lightningcss-linux-x64-musl@1.32.0
272 silly packumentCache full:https://registry.npmjs.org/lightningcss-linux-x64-musl cache-miss
273 http fetch GET 200 https://registry.npmjs.org/lightningcss-darwin-x64 27ms (cache miss)
274 silly packumentCache full:https://registry.npmjs.org/lightningcss-darwin-x64 set size:undefined disposed:false
275 silly fetch manifest lightningcss-freebsd-x64@1.32.0
276 silly packumentCache full:https://registry.npmjs.org/lightningcss-freebsd-x64 cache-miss
277 http fetch GET 200 https://registry.npmjs.org/lightningcss-win32-arm64-msvc 31ms (cache miss)
278 silly packumentCache full:https://registry.npmjs.org/lightningcss-win32-arm64-msvc set size:undefined disposed:false
279 silly fetch manifest lightningcss-android-arm64@1.32.0
280 silly packumentCache full:https://registry.npmjs.org/lightningcss-android-arm64 cache-miss
281 http fetch GET 200 https://registry.npmjs.org/lightningcss-linux-x64-gnu 32ms (cache miss)
282 silly packumentCache full:https://registry.npmjs.org/lightningcss-linux-x64-gnu set size:undefined disposed:false
283 silly fetch manifest @oxc-project/types@=0.123.0
284 silly packumentCache full:https://registry.npmjs.org/@oxc-project%2ftypes cache-miss
285 http fetch GET 200 https://registry.npmjs.org/lightningcss-linux-arm-gnueabihf 33ms (cache miss)
286 silly packumentCache full:https://registry.npmjs.org/lightningcss-linux-arm-gnueabihf set size:undefined disposed:false
287 silly fetch manifest @rolldown/pluginutils@1.0.0-rc.13
288 silly packumentCache full:https://registry.npmjs.org/@rolldown%2fpluginutils cache-miss
289 http fetch GET 200 https://registry.npmjs.org/detect-libc 36ms (cache miss)
290 silly packumentCache full:https://registry.npmjs.org/detect-libc set size:undefined disposed:false
291 silly fetch manifest @rolldown/binding-darwin-x64@1.0.0-rc.13
292 silly packumentCache full:https://registry.npmjs.org/@rolldown%2fbinding-darwin-x64 cache-miss
293 http fetch GET 200 https://registry.npmjs.org/lightningcss-linux-arm64-gnu 36ms (cache miss)
294 silly packumentCache full:https://registry.npmjs.org/lightningcss-linux-arm64-gnu set size:undefined disposed:false
295 silly fetch manifest @rolldown/binding-freebsd-x64@1.0.0-rc.13
296 silly packumentCache full:https://registry.npmjs.org/@rolldown%2fbinding-freebsd-x64 cache-miss
297 http fetch GET 200 https://registry.npmjs.org/lightningcss-darwin-arm64 38ms (cache miss)
298 silly packumentCache full:https://registry.npmjs.org/lightningcss-darwin-arm64 set size:undefined disposed:false
299 silly fetch manifest @rolldown/binding-wasm32-wasi@1.0.0-rc.13
300 silly packumentCache full:https://registry.npmjs.org/@rolldown%2fbinding-wasm32-wasi cache-miss
301 http cache https://registry.npmjs.org/@rolldown%2fpluginutils 5ms (cache hit)
302 silly packumentCache full:https://registry.npmjs.org/@rolldown%2fpluginutils set size:281954 disposed:false
303 silly fetch manifest @rolldown/binding-darwin-arm64@1.0.0-rc.13
304 silly packumentCache full:https://registry.npmjs.org/@rolldown%2fbinding-darwin-arm64 cache-miss
305 http fetch GET 200 https://registry.npmjs.org/lightningcss-win32-x64-msvc 42ms (cache miss)
306 silly packumentCache full:https://registry.npmjs.org/lightningcss-win32-x64-msvc set size:undefined disposed:false
307 silly fetch manifest @rolldown/binding-android-arm64@1.0.0-rc.13
308 silly packumentCache full:https://registry.npmjs.org/@rolldown%2fbinding-android-arm64 cache-miss
309 http fetch GET 200 https://registry.npmjs.org/lightningcss-linux-x64-musl 25ms (cache miss)
310 silly packumentCache full:https://registry.npmjs.org/lightningcss-linux-x64-musl set size:undefined disposed:false
311 silly fetch manifest @rolldown/binding-linux-x64-gnu@1.0.0-rc.13
312 silly packumentCache full:https://registry.npmjs.org/@rolldown%2fbinding-linux-x64-gnu cache-miss
313 http fetch GET 200 https://registry.npmjs.org/lightningcss-freebsd-x64 31ms (cache miss)
314 silly packumentCache full:https://registry.npmjs.org/lightningcss-freebsd-x64 set size:undefined disposed:false
315 silly fetch manifest @rolldown/binding-linux-x64-musl@1.0.0-rc.13
316 silly packumentCache full:https://registry.npmjs.org/@rolldown%2fbinding-linux-x64-musl cache-miss
317 http fetch GET 200 https://registry.npmjs.org/lightningcss-android-arm64 28ms (cache miss)
318 silly packumentCache full:https://registry.npmjs.org/lightningcss-android-arm64 set size:undefined disposed:false
319 silly fetch manifest @rolldown/binding-win32-x64-msvc@1.0.0-rc.13
320 silly packumentCache full:https://registry.npmjs.org/@rolldown%2fbinding-win32-x64-msvc cache-miss
321 http fetch GET 200 https://registry.npmjs.org/@oxc-project%2ftypes 45ms (cache miss)
322 silly packumentCache full:https://registry.npmjs.org/@oxc-project%2ftypes set size:undefined disposed:false
323 silly fetch manifest @rolldown/binding-linux-arm64-gnu@1.0.0-rc.13
324 silly packumentCache full:https://registry.npmjs.org/@rolldown%2fbinding-linux-arm64-gnu cache-miss
325 http fetch GET 200 https://registry.npmjs.org/@rolldown%2fbinding-android-arm64 43ms (cache miss)
326 silly packumentCache full:https://registry.npmjs.org/@rolldown%2fbinding-android-arm64 set size:undefined disposed:false
327 silly fetch manifest @rolldown/binding-linux-ppc64-gnu@1.0.0-rc.13
328 silly packumentCache full:https://registry.npmjs.org/@rolldown%2fbinding-linux-ppc64-gnu cache-miss
329 http fetch GET 200 https://registry.npmjs.org/@rolldown%2fbinding-darwin-x64 64ms (cache miss)
330 silly packumentCache full:https://registry.npmjs.org/@rolldown%2fbinding-darwin-x64 set size:undefined disposed:false
331 silly fetch manifest @rolldown/binding-linux-s390x-gnu@1.0.0-rc.13
332 silly packumentCache full:https://registry.npmjs.org/@rolldown%2fbinding-linux-s390x-gnu cache-miss
333 http fetch GET 200 https://registry.npmjs.org/@rolldown%2fbinding-darwin-arm64 67ms (cache miss)
334 silly packumentCache full:https://registry.npmjs.org/@rolldown%2fbinding-darwin-arm64 set size:undefined disposed:false
335 silly fetch manifest @rolldown/binding-linux-arm64-musl@1.0.0-rc.13
336 silly packumentCache full:https://registry.npmjs.org/@rolldown%2fbinding-linux-arm64-musl cache-miss
337 http fetch GET 200 https://registry.npmjs.org/@rolldown%2fbinding-wasm32-wasi 80ms (cache miss)
338 silly packumentCache full:https://registry.npmjs.org/@rolldown%2fbinding-wasm32-wasi set size:undefined disposed:false
339 silly fetch manifest @rolldown/binding-win32-arm64-msvc@1.0.0-rc.13
340 silly packumentCache full:https://registry.npmjs.org/@rolldown%2fbinding-win32-arm64-msvc cache-miss
341 http fetch GET 200 https://registry.npmjs.org/@rolldown%2fbinding-freebsd-x64 85ms (cache miss)
342 silly packumentCache full:https://registry.npmjs.org/@rolldown%2fbinding-freebsd-x64 set size:undefined disposed:false
343 silly fetch manifest @rolldown/binding-openharmony-arm64@1.0.0-rc.13
344 silly packumentCache full:https://registry.npmjs.org/@rolldown%2fbinding-openharmony-arm64 cache-miss
345 http fetch GET 200 https://registry.npmjs.org/@rolldown%2fbinding-linux-x64-gnu 78ms (cache miss)
346 silly packumentCache full:https://registry.npmjs.org/@rolldown%2fbinding-linux-x64-gnu set size:undefined disposed:false
347 silly fetch manifest @rolldown/binding-linux-arm-gnueabihf@1.0.0-rc.13
348 silly packumentCache full:https://registry.npmjs.org/@rolldown%2fbinding-linux-arm-gnueabihf cache-miss
349 http fetch GET 200 https://registry.npmjs.org/@rolldown%2fbinding-win32-x64-msvc 74ms (cache miss)
350 silly packumentCache full:https://registry.npmjs.org/@rolldown%2fbinding-win32-x64-msvc set size:undefined disposed:false
351 silly fetch manifest fdir@^6.5.0
352 silly packumentCache full:https://registry.npmjs.org/fdir cache-miss
353 http fetch GET 200 https://registry.npmjs.org/@rolldown%2fbinding-linux-x64-musl 81ms (cache miss)
354 silly packumentCache full:https://registry.npmjs.org/@rolldown%2fbinding-linux-x64-musl set size:undefined disposed:false
355 http fetch GET 200 https://registry.npmjs.org/@rolldown%2fbinding-linux-ppc64-gnu 60ms (cache miss)
356 silly packumentCache full:https://registry.npmjs.org/@rolldown%2fbinding-linux-ppc64-gnu set size:undefined disposed:false
357 http fetch GET 200 https://registry.npmjs.org/@rolldown%2fbinding-linux-s390x-gnu 45ms (cache miss)
358 silly packumentCache full:https://registry.npmjs.org/@rolldown%2fbinding-linux-s390x-gnu set size:undefined disposed:false
359 http fetch GET 200 https://registry.npmjs.org/@rolldown%2fbinding-linux-arm64-gnu 73ms (cache miss)
360 silly packumentCache full:https://registry.npmjs.org/@rolldown%2fbinding-linux-arm64-gnu set size:undefined disposed:false
361 http fetch GET 200 https://registry.npmjs.org/@rolldown%2fbinding-win32-arm64-msvc 51ms (cache miss)
362 silly packumentCache full:https://registry.npmjs.org/@rolldown%2fbinding-win32-arm64-msvc set size:undefined disposed:false
363 http fetch GET 200 https://registry.npmjs.org/@rolldown%2fbinding-linux-arm64-musl 66ms (cache miss)
364 silly packumentCache full:https://registry.npmjs.org/@rolldown%2fbinding-linux-arm64-musl set size:undefined disposed:false
365 http fetch GET 200 https://registry.npmjs.org/fdir 46ms (cache miss)
366 silly packumentCache full:https://registry.npmjs.org/fdir set size:undefined disposed:false
367 http fetch GET 200 https://registry.npmjs.org/@rolldown%2fbinding-openharmony-arm64 62ms (cache miss)
368 silly packumentCache full:https://registry.npmjs.org/@rolldown%2fbinding-openharmony-arm64 set size:undefined disposed:false
369 http fetch GET 200 https://registry.npmjs.org/@rolldown%2fbinding-linux-arm-gnueabihf 57ms (cache miss)
370 silly packumentCache full:https://registry.npmjs.org/@rolldown%2fbinding-linux-arm-gnueabihf set size:undefined disposed:false
371 silly placeDep ROOT detect-libc@2.1.2 OK for: lightningcss@1.32.0 want: ^2.0.3
372 silly placeDep ROOT lightningcss-android-arm64@1.32.0 OK for: lightningcss@1.32.0 want: 1.32.0
373 silly placeDep ROOT lightningcss-darwin-arm64@1.32.0 OK for: lightningcss@1.32.0 want: 1.32.0
374 silly placeDep ROOT lightningcss-darwin-x64@1.32.0 OK for: lightningcss@1.32.0 want: 1.32.0
375 silly placeDep ROOT lightningcss-freebsd-x64@1.32.0 OK for: lightningcss@1.32.0 want: 1.32.0
376 silly placeDep ROOT lightningcss-linux-arm-gnueabihf@1.32.0 OK for: lightningcss@1.32.0 want: 1.32.0
377 silly placeDep ROOT lightningcss-linux-arm64-gnu@1.32.0 OK for: lightningcss@1.32.0 want: 1.32.0
378 silly placeDep ROOT lightningcss-linux-arm64-musl@1.32.0 OK for: lightningcss@1.32.0 want: 1.32.0
379 silly placeDep ROOT lightningcss-linux-x64-gnu@1.32.0 OK for: lightningcss@1.32.0 want: 1.32.0
380 silly placeDep ROOT lightningcss-linux-x64-musl@1.32.0 OK for: lightningcss@1.32.0 want: 1.32.0
381 silly placeDep ROOT lightningcss-win32-arm64-msvc@1.32.0 OK for: lightningcss@1.32.0 want: 1.32.0
382 silly placeDep ROOT lightningcss-win32-x64-msvc@1.32.0 OK for: lightningcss@1.32.0 want: 1.32.0
383 silly placeDep ROOT @oxc-project/types@0.123.0 OK for: rolldown@1.0.0-rc.13 want: =0.123.0
384 silly placeDep ROOT @rolldown/binding-android-arm64@1.0.0-rc.13 OK for: rolldown@1.0.0-rc.13 want: 1.0.0-rc.13
385 silly placeDep ROOT @rolldown/binding-darwin-arm64@1.0.0-rc.13 OK for: rolldown@1.0.0-rc.13 want: 1.0.0-rc.13
386 silly placeDep ROOT @rolldown/binding-darwin-x64@1.0.0-rc.13 OK for: rolldown@1.0.0-rc.13 want: 1.0.0-rc.13
387 silly placeDep ROOT @rolldown/binding-freebsd-x64@1.0.0-rc.13 OK for: rolldown@1.0.0-rc.13 want: 1.0.0-rc.13
388 silly placeDep ROOT @rolldown/binding-linux-arm-gnueabihf@1.0.0-rc.13 OK for: rolldown@1.0.0-rc.13 want: 1.0.0-rc.13
389 silly placeDep ROOT @rolldown/binding-linux-arm64-gnu@1.0.0-rc.13 OK for: rolldown@1.0.0-rc.13 want: 1.0.0-rc.13
390 silly placeDep ROOT @rolldown/binding-linux-arm64-musl@1.0.0-rc.13 OK for: rolldown@1.0.0-rc.13 want: 1.0.0-rc.13
391 silly placeDep ROOT @rolldown/binding-linux-ppc64-gnu@1.0.0-rc.13 OK for: rolldown@1.0.0-rc.13 want: 1.0.0-rc.13
392 silly placeDep ROOT @rolldown/binding-linux-s390x-gnu@1.0.0-rc.13 OK for: rolldown@1.0.0-rc.13 want: 1.0.0-rc.13
393 silly placeDep ROOT @rolldown/binding-linux-x64-gnu@1.0.0-rc.13 OK for: rolldown@1.0.0-rc.13 want: 1.0.0-rc.13
394 silly placeDep ROOT @rolldown/binding-linux-x64-musl@1.0.0-rc.13 OK for: rolldown@1.0.0-rc.13 want: 1.0.0-rc.13
395 silly placeDep ROOT @rolldown/binding-openharmony-arm64@1.0.0-rc.13 OK for: rolldown@1.0.0-rc.13 want: 1.0.0-rc.13
396 silly placeDep ROOT @rolldown/binding-wasm32-wasi@1.0.0-rc.13 OK for: rolldown@1.0.0-rc.13 want: 1.0.0-rc.13
397 silly placeDep ROOT @rolldown/binding-win32-arm64-msvc@1.0.0-rc.13 OK for: rolldown@1.0.0-rc.13 want: 1.0.0-rc.13
398 silly placeDep ROOT @rolldown/binding-win32-x64-msvc@1.0.0-rc.13 OK for: rolldown@1.0.0-rc.13 want: 1.0.0-rc.13
399 silly placeDep node_modules/rolldown @rolldown/pluginutils@1.0.0-rc.13 OK for: rolldown@1.0.0-rc.13 want: 1.0.0-rc.13
400 silly fetch manifest @emnapi/core@1.9.1
401 silly packumentCache full:https://registry.npmjs.org/@emnapi%2fcore cache-miss
402 silly fetch manifest @emnapi/runtime@1.9.1
403 silly packumentCache full:https://registry.npmjs.org/@emnapi%2fruntime cache-miss
404 silly fetch manifest @napi-rs/wasm-runtime@^1.1.2
405 silly packumentCache full:https://registry.npmjs.org/@napi-rs%2fwasm-runtime cache-miss
406 http fetch GET 200 https://registry.npmjs.org/@emnapi%2fruntime 37ms (cache miss)
407 silly packumentCache full:https://registry.npmjs.org/@emnapi%2fruntime set size:undefined disposed:false
408 http fetch GET 200 https://registry.npmjs.org/@napi-rs%2fwasm-runtime 51ms (cache miss)
409 silly packumentCache full:https://registry.npmjs.org/@napi-rs%2fwasm-runtime set size:undefined disposed:false
410 http fetch GET 200 https://registry.npmjs.org/@emnapi%2fcore 228ms (cache miss)
411 silly packumentCache full:https://registry.npmjs.org/@emnapi%2fcore set size:undefined disposed:false
412 silly placeDep ROOT @emnapi/core@1.9.1 OK for: @rolldown/binding-wasm32-wasi@1.0.0-rc.13 want: 1.9.1
413 silly placeDep ROOT @emnapi/runtime@1.9.1 OK for: @rolldown/binding-wasm32-wasi@1.0.0-rc.13 want: 1.9.1
414 silly placeDep ROOT @napi-rs/wasm-runtime@1.1.3 OK for: @rolldown/binding-wasm32-wasi@1.0.0-rc.13 want: ^1.1.2
415 silly fetch manifest @emnapi/wasi-threads@1.2.0
416 silly packumentCache full:https://registry.npmjs.org/@emnapi%2fwasi-threads cache-miss
417 silly fetch manifest @tybys/wasm-util@^0.10.1
418 silly packumentCache full:https://registry.npmjs.org/@tybys%2fwasm-util cache-miss
419 http fetch GET 200 https://registry.npmjs.org/@emnapi%2fwasi-threads 45ms (cache miss)
420 silly packumentCache full:https://registry.npmjs.org/@emnapi%2fwasi-threads set size:undefined disposed:false
421 http fetch GET 200 https://registry.npmjs.org/@tybys%2fwasm-util 56ms (cache miss)
422 silly packumentCache full:https://registry.npmjs.org/@tybys%2fwasm-util set size:undefined disposed:false
423 silly placeDep ROOT @emnapi/wasi-threads@1.2.0 OK for: @emnapi/core@1.9.1 want: 1.2.0
424 silly placeDep ROOT @tybys/wasm-util@0.10.1 OK for: @napi-rs/wasm-runtime@1.1.3 want: ^0.10.1
425 silly placeDep ROOT fdir@6.5.0 OK for: tinyglobby@0.2.16 want: ^6.5.0
426 silly reify moves {}
427 silly audit bulk request {
427 silly audit   '@babel/runtime': [ '7.29.2' ],
427 silly audit   '@noble/ciphers': [ '1.3.0' ],
427 silly audit   '@noble/hashes': [ '1.8.0' ],
427 silly audit   '@react-pdf/fns': [ '3.1.3' ],
427 silly audit   '@react-pdf/font': [ '4.0.6' ],
427 silly audit   '@react-pdf/image': [ '3.0.4' ],
427 silly audit   '@react-pdf/layout': [ '4.5.0' ],
427 silly audit   '@react-pdf/pdfkit': [ '5.0.0' ],
427 silly audit   '@react-pdf/png-js': [ '3.0.0' ],
427 silly audit   '@react-pdf/primitives': [ '4.2.0' ],
427 silly audit   '@react-pdf/reconciler': [ '2.0.0' ],
427 silly audit   '@react-pdf/render': [ '4.4.0' ],
427 silly audit   '@react-pdf/renderer': [ '4.4.0' ],
427 silly audit   '@react-pdf/stylesheet': [ '6.1.4' ],
427 silly audit   '@react-pdf/textkit': [ '6.1.1' ],
427 silly audit   '@react-pdf/types': [ '2.10.0' ],
427 silly audit   '@supabase/auth-js': [ '2.102.1' ],
427 silly audit   '@supabase/functions-js': [ '2.102.1' ],
427 silly audit   '@supabase/phoenix': [ '0.4.0' ],
427 silly audit   '@supabase/postgrest-js': [ '2.102.1' ],
427 silly audit   '@supabase/realtime-js': [ '2.102.1' ],
427 silly audit   '@supabase/storage-js': [ '2.102.1' ],
427 silly audit   '@supabase/supabase-js': [ '2.102.1' ],
427 silly audit   '@swc/helpers': [ '0.5.21' ],
427 silly audit   '@types/node': [ '25.5.2' ],
427 silly audit   '@types/ws': [ '8.18.1' ],
427 silly audit   'abs-svg-path': [ '0.1.1' ],
427 silly audit   'base64-js': [ '1.5.1', '0.0.8' ],
427 silly audit   'bidi-js': [ '1.0.3' ],
427 silly audit   brotli: [ '1.3.3' ],
427 silly audit   'browserify-zlib': [ '0.2.0' ],
427 silly audit   clone: [ '2.1.2' ],
427 silly audit   clsx: [ '2.1.1' ],
427 silly audit   'color-name': [ '1.1.4' ],
427 silly audit   'color-string': [ '1.9.1' ],
427 silly audit   cookie: [ '1.1.1' ],
427 silly audit   'date-fns': [ '4.1.0' ],
427 silly audit   dfa: [ '1.2.0' ],
427 silly audit   'emoji-regex-xs': [ '1.0.0' ],
427 silly audit   events: [ '3.3.0' ],
427 silly audit   'fast-deep-equal': [ '3.1.3' ],
427 silly audit   fontkit: [ '2.0.4' ],
427 silly audit   'framer-motion': [ '12.38.0' ],
427 silly audit   'hsl-to-hex': [ '1.0.0' ],
427 silly audit   'hsl-to-rgb-for-reals': [ '1.1.1' ],
427 silly audit   hyphen: [ '1.14.1' ],
427 silly audit   'iceberg-js': [ '0.8.1' ],
427 silly audit   inherits: [ '2.0.4' ],
427 silly audit   'is-arrayish': [ '0.3.4' ],
427 silly audit   'is-url': [ '1.2.4' ],
427 silly audit   'jay-peg': [ '1.1.1' ],
427 silly audit   'js-md5': [ '0.8.3' ],
427 silly audit   'js-tokens': [ '4.0.0' ],
427 silly audit   linebreak: [ '1.1.0' ],
427 silly audit   lodash: [ '4.18.1' ],
427 silly audit   'loose-envify': [ '1.4.0' ],
427 silly audit   'lucide-react': [ '1.7.0' ],
427 silly audit   'media-engine': [ '1.0.3' ],
427 silly audit   'motion-dom': [ '12.38.0' ],
427 silly audit   'motion-utils': [ '12.36.0' ],
427 silly audit   'normalize-svg-path': [ '1.1.0' ],
427 silly audit   'object-assign': [ '4.1.1' ],
427 silly audit   pako: [ '1.0.11', '0.2.9' ],
427 silly audit   'parse-svg-path': [ '0.1.2' ],
427 silly audit   'postcss-value-parser': [ '4.2.0' ],
427 silly audit   'prop-types': [ '15.8.1' ],
427 silly audit   queue: [ '6.0.2' ],
427 silly audit   react: [ '19.2.5' ],
427 silly audit   'react-dom': [ '19.2.5' ],
427 silly audit   scheduler: [ '0.27.0', '0.25.0-rc-603e6108-20241029' ],
427 silly audit   'react-is': [ '16.13.1' ],
427 silly audit   'react-router': [ '7.14.0' ],
427 silly audit   'react-router-dom': [ '7.14.0' ],
427 silly audit   'require-from-string': [ '2.0.2' ],
427 silly audit   restructure: [ '3.0.2' ],
427 silly audit   'safe-buffer': [ '5.2.1' ],
427 silly audit   'set-cookie-parser': [ '2.7.2' ],
427 silly audit   'simple-swizzle': [ '0.2.4' ],
427 silly audit   string_decoder: [ '1.3.0' ],
427 silly audit   'svg-arc-to-cubic-bezier': [ '3.2.0' ],
427 silly audit   'tailwind-merge': [ '3.5.0' ],
427 silly audit   'tiny-inflate': [ '1.0.3' ],
427 silly audit   tslib: [ '2.8.1' ],
427 silly audit   'undici-types': [ '7.18.2' ],
427 silly audit   'unicode-properties': [ '1.4.1' ],
427 silly audit   'unicode-trie': [ '2.0.0' ],
427 silly audit   'util-deprecate': [ '1.0.2' ],
427 silly audit   'vite-compatible-readable-stream': [ '3.6.1' ],
427 silly audit   ws: [ '8.20.0' ],
427 silly audit   'yoga-layout': [ '3.2.1' ],
427 silly audit   '@types/lodash': [ '4.17.24' ],
427 silly audit   '@types/react': [ '19.2.14' ],
427 silly audit   '@types/react-dom': [ '19.2.3' ],
427 silly audit   '@vitejs/plugin-react': [ '6.0.1' ],
427 silly audit   autoprefixer: [ '10.4.27' ],
427 silly audit   postcss: [ '8.5.9' ],
427 silly audit   tailwindcss: [ '4.2.2' ],
427 silly audit   typescript: [ '6.0.2' ],
427 silly audit   vite: [ '8.0.7' ],
427 silly audit   csstype: [ '3.2.3' ],
427 silly audit   '@rolldown/pluginutils': [ '1.0.0-rc.7', '1.0.0-rc.13' ],
427 silly audit   browserslist: [ '4.28.2' ],
427 silly audit   'caniuse-lite': [ '1.0.30001787' ],
427 silly audit   'fraction.js': [ '5.3.4' ],
427 silly audit   picocolors: [ '1.1.1' ],
427 silly audit   'baseline-browser-mapping': [ '2.10.16' ],
427 silly audit   'electron-to-chromium': [ '1.5.334' ],
427 silly audit   'node-releases': [ '2.0.37' ],
427 silly audit   'update-browserslist-db': [ '1.2.3' ],
427 silly audit   nanoid: [ '3.3.11' ],
427 silly audit   'source-map-js': [ '1.2.1' ],
427 silly audit   escalade: [ '3.2.0' ],
427 silly audit   fsevents: [ '2.3.3' ],
427 silly audit   lightningcss: [ '1.32.0' ],
427 silly audit   picomatch: [ '4.0.4' ],
427 silly audit   rolldown: [ '1.0.0-rc.13' ],
427 silly audit   tinyglobby: [ '0.2.16' ],
427 silly audit   'detect-libc': [ '2.1.2' ],
427 silly audit   'lightningcss-android-arm64': [ '1.32.0' ],
427 silly audit   'lightningcss-darwin-arm64': [ '1.32.0' ],
427 silly audit   'lightningcss-darwin-x64': [ '1.32.0' ],
427 silly audit   'lightningcss-freebsd-x64': [ '1.32.0' ],
427 silly audit   'lightningcss-linux-arm-gnueabihf': [ '1.32.0' ],
427 silly audit   'lightningcss-linux-arm64-gnu': [ '1.32.0' ],
427 silly audit   'lightningcss-linux-arm64-musl': [ '1.32.0' ],
427 silly audit   'lightningcss-linux-x64-gnu': [ '1.32.0' ],
427 silly audit   'lightningcss-linux-x64-musl': [ '1.32.0' ],
427 silly audit   'lightningcss-win32-arm64-msvc': [ '1.32.0' ],
427 silly audit   'lightningcss-win32-x64-msvc': [ '1.32.0' ],
427 silly audit   '@oxc-project/types': [ '0.123.0' ],
427 silly audit   '@rolldown/binding-android-arm64': [ '1.0.0-rc.13' ],
427 silly audit   '@rolldown/binding-darwin-arm64': [ '1.0.0-rc.13' ],
427 silly audit   '@rolldown/binding-darwin-x64': [ '1.0.0-rc.13' ],
427 silly audit   '@rolldown/binding-freebsd-x64': [ '1.0.0-rc.13' ],
427 silly audit   '@rolldown/binding-linux-arm-gnueabihf': [ '1.0.0-rc.13' ],
427 silly audit   '@rolldown/binding-linux-arm64-gnu': [ '1.0.0-rc.13' ],
427 silly audit   '@rolldown/binding-linux-arm64-musl': [ '1.0.0-rc.13' ],
427 silly audit   '@rolldown/binding-linux-ppc64-gnu': [ '1.0.0-rc.13' ],
427 silly audit   '@rolldown/binding-linux-s390x-gnu': [ '1.0.0-rc.13' ],
427 silly audit   '@rolldown/binding-linux-x64-gnu': [ '1.0.0-rc.13' ],
427 silly audit   '@rolldown/binding-linux-x64-musl': [ '1.0.0-rc.13' ],
427 silly audit   '@rolldown/binding-openharmony-arm64': [ '1.0.0-rc.13' ],
427 silly audit   '@rolldown/binding-wasm32-wasi': [ '1.0.0-rc.13' ],
427 silly audit   '@rolldown/binding-win32-arm64-msvc': [ '1.0.0-rc.13' ],
427 silly audit   '@rolldown/binding-win32-x64-msvc': [ '1.0.0-rc.13' ],
427 silly audit   '@emnapi/core': [ '1.9.1' ],
427 silly audit   '@emnapi/runtime': [ '1.9.1' ],
427 silly audit   '@napi-rs/wasm-runtime': [ '1.1.3' ],
427 silly audit   '@emnapi/wasi-threads': [ '1.2.0' ],
427 silly audit   '@tybys/wasm-util': [ '0.10.1' ],
427 silly audit   fdir: [ '6.5.0' ]
427 silly audit }
428 http cache fdir@https://registry.npmjs.org/fdir/-/fdir-6.5.0.tgz 0ms (cache hit)
429 http cache @rolldown/binding-darwin-arm64@https://registry.npmjs.org/@rolldown/binding-darwin-arm64/-/binding-darwin-arm64-1.0.0-rc.13.tgz 0ms (cache hit)
430 http cache lightningcss-darwin-arm64@https://registry.npmjs.org/lightningcss-darwin-arm64/-/lightningcss-darwin-arm64-1.32.0.tgz 0ms (cache hit)
431 http cache @oxc-project/types@https://registry.npmjs.org/@oxc-project/types/-/types-0.123.0.tgz 0ms (cache hit)
432 http cache detect-libc@https://registry.npmjs.org/detect-libc/-/detect-libc-2.1.2.tgz 0ms (cache hit)
433 http cache tinyglobby@https://registry.npmjs.org/tinyglobby/-/tinyglobby-0.2.16.tgz 0ms (cache hit)
434 http cache rolldown@https://registry.npmjs.org/rolldown/-/rolldown-1.0.0-rc.13.tgz 0ms (cache hit)
435 http cache fsevents@https://registry.npmjs.org/fsevents/-/fsevents-2.3.3.tgz 0ms (cache hit)
436 http cache picomatch@https://registry.npmjs.org/picomatch/-/picomatch-4.0.4.tgz 0ms (cache hit)
437 http cache lightningcss@https://registry.npmjs.org/lightningcss/-/lightningcss-1.32.0.tgz 0ms (cache hit)
438 http cache source-map-js@https://registry.npmjs.org/source-map-js/-/source-map-js-1.2.1.tgz 0ms (cache hit)
439 http cache update-browserslist-db@https://registry.npmjs.org/update-browserslist-db/-/update-browserslist-db-1.2.3.tgz 0ms (cache hit)
440 http cache node-releases@https://registry.npmjs.org/node-releases/-/node-releases-2.0.37.tgz 0ms (cache hit)
441 http cache nanoid@https://registry.npmjs.org/nanoid/-/nanoid-3.3.11.tgz 0ms (cache hit)
442 http cache escalade@https://registry.npmjs.org/escalade/-/escalade-3.2.0.tgz 0ms (cache hit)
443 http cache baseline-browser-mapping@https://registry.npmjs.org/baseline-browser-mapping/-/baseline-browser-mapping-2.10.16.tgz 0ms (cache hit)
444 http cache picocolors@https://registry.npmjs.org/picocolors/-/picocolors-1.1.1.tgz 0ms (cache hit)
445 http cache fraction.js@https://registry.npmjs.org/fraction.js/-/fraction.js-5.3.4.tgz 0ms (cache hit)
446 http cache electron-to-chromium@https://registry.npmjs.org/electron-to-chromium/-/electron-to-chromium-1.5.334.tgz 0ms (cache hit)
447 http cache csstype@https://registry.npmjs.org/csstype/-/csstype-3.2.3.tgz 0ms (cache hit)
448 http cache caniuse-lite@https://registry.npmjs.org/caniuse-lite/-/caniuse-lite-1.0.30001787.tgz 0ms (cache hit)
449 http cache browserslist@https://registry.npmjs.org/browserslist/-/browserslist-4.28.2.tgz 0ms (cache hit)
450 http cache vite@https://registry.npmjs.org/vite/-/vite-8.0.7.tgz 0ms (cache hit)
451 http cache typescript@https://registry.npmjs.org/typescript/-/typescript-6.0.2.tgz 0ms (cache hit)
452 http cache @rolldown/pluginutils@https://registry.npmjs.org/@rolldown/pluginutils/-/pluginutils-1.0.0-rc.7.tgz 0ms (cache hit)
453 http cache @types/react-dom@https://registry.npmjs.org/@types/react-dom/-/react-dom-19.2.3.tgz 0ms (cache hit)
454 http cache autoprefixer@https://registry.npmjs.org/autoprefixer/-/autoprefixer-10.4.27.tgz 0ms (cache hit)
455 http cache @vitejs/plugin-react@https://registry.npmjs.org/@vitejs/plugin-react/-/plugin-react-6.0.1.tgz 0ms (cache hit)
456 http cache postcss@https://registry.npmjs.org/postcss/-/postcss-8.5.9.tgz 0ms (cache hit)
457 http cache @types/lodash@https://registry.npmjs.org/@types/lodash/-/lodash-4.17.24.tgz 0ms (cache hit)
458 http cache tailwindcss@https://registry.npmjs.org/tailwindcss/-/tailwindcss-4.2.2.tgz 0ms (cache hit)
459 http cache @rolldown/pluginutils@https://registry.npmjs.org/@rolldown/pluginutils/-/pluginutils-1.0.0-rc.13.tgz 0ms (cache hit)
460 http cache @types/react@https://registry.npmjs.org/@types/react/-/react-19.2.14.tgz 0ms (cache hit)
461 silly tarball no local data for fdir@https://registry.npmjs.org/fdir/-/fdir-6.5.0.tgz. Extracting by manifest.
462 silly tarball no local data for @rolldown/binding-darwin-arm64@https://registry.npmjs.org/@rolldown/binding-darwin-arm64/-/binding-darwin-arm64-1.0.0-rc.13.tgz. Extracting by manifest.
463 silly tarball no local data for lightningcss-darwin-arm64@https://registry.npmjs.org/lightningcss-darwin-arm64/-/lightningcss-darwin-arm64-1.32.0.tgz. Extracting by manifest.
464 silly tarball no local data for @oxc-project/types@https://registry.npmjs.org/@oxc-project/types/-/types-0.123.0.tgz. Extracting by manifest.
465 silly tarball no local data for detect-libc@https://registry.npmjs.org/detect-libc/-/detect-libc-2.1.2.tgz. Extracting by manifest.
466 silly tarball no local data for tinyglobby@https://registry.npmjs.org/tinyglobby/-/tinyglobby-0.2.16.tgz. Extracting by manifest.
467 silly tarball no local data for rolldown@https://registry.npmjs.org/rolldown/-/rolldown-1.0.0-rc.13.tgz. Extracting by manifest.
468 silly tarball no local data for fsevents@https://registry.npmjs.org/fsevents/-/fsevents-2.3.3.tgz. Extracting by manifest.
469 silly tarball no local data for picomatch@https://registry.npmjs.org/picomatch/-/picomatch-4.0.4.tgz. Extracting by manifest.
470 silly tarball no local data for lightningcss@https://registry.npmjs.org/lightningcss/-/lightningcss-1.32.0.tgz. Extracting by manifest.
471 silly tarball no local data for source-map-js@https://registry.npmjs.org/source-map-js/-/source-map-js-1.2.1.tgz. Extracting by manifest.
472 silly tarball no local data for update-browserslist-db@https://registry.npmjs.org/update-browserslist-db/-/update-browserslist-db-1.2.3.tgz. Extracting by manifest.
473 silly tarball no local data for node-releases@https://registry.npmjs.org/node-releases/-/node-releases-2.0.37.tgz. Extracting by manifest.
474 silly tarball no local data for nanoid@https://registry.npmjs.org/nanoid/-/nanoid-3.3.11.tgz. Extracting by manifest.
475 silly tarball no local data for escalade@https://registry.npmjs.org/escalade/-/escalade-3.2.0.tgz. Extracting by manifest.
476 silly tarball no local data for baseline-browser-mapping@https://registry.npmjs.org/baseline-browser-mapping/-/baseline-browser-mapping-2.10.16.tgz. Extracting by manifest.
477 silly tarball no local data for picocolors@https://registry.npmjs.org/picocolors/-/picocolors-1.1.1.tgz. Extracting by manifest.
478 silly tarball no local data for fraction.js@https://registry.npmjs.org/fraction.js/-/fraction.js-5.3.4.tgz. Extracting by manifest.
479 silly tarball no local data for electron-to-chromium@https://registry.npmjs.org/electron-to-chromium/-/electron-to-chromium-1.5.334.tgz. Extracting by manifest.
480 silly tarball no local data for csstype@https://registry.npmjs.org/csstype/-/csstype-3.2.3.tgz. Extracting by manifest.
481 silly tarball no local data for caniuse-lite@https://registry.npmjs.org/caniuse-lite/-/caniuse-lite-1.0.30001787.tgz. Extracting by manifest.
482 silly tarball no local data for browserslist@https://registry.npmjs.org/browserslist/-/browserslist-4.28.2.tgz. Extracting by manifest.
483 silly tarball no local data for vite@https://registry.npmjs.org/vite/-/vite-8.0.7.tgz. Extracting by manifest.
484 silly tarball no local data for typescript@https://registry.npmjs.org/typescript/-/typescript-6.0.2.tgz. Extracting by manifest.
485 silly tarball no local data for @rolldown/pluginutils@https://registry.npmjs.org/@rolldown/pluginutils/-/pluginutils-1.0.0-rc.7.tgz. Extracting by manifest.
486 silly tarball no local data for @types/react-dom@https://registry.npmjs.org/@types/react-dom/-/react-dom-19.2.3.tgz. Extracting by manifest.
487 silly tarball no local data for autoprefixer@https://registry.npmjs.org/autoprefixer/-/autoprefixer-10.4.27.tgz. Extracting by manifest.
488 silly tarball no local data for @vitejs/plugin-react@https://registry.npmjs.org/@vitejs/plugin-react/-/plugin-react-6.0.1.tgz. Extracting by manifest.
489 silly tarball no local data for postcss@https://registry.npmjs.org/postcss/-/postcss-8.5.9.tgz. Extracting by manifest.
490 silly tarball no local data for @types/lodash@https://registry.npmjs.org/@types/lodash/-/lodash-4.17.24.tgz. Extracting by manifest.
491 silly tarball no local data for tailwindcss@https://registry.npmjs.org/tailwindcss/-/tailwindcss-4.2.2.tgz. Extracting by manifest.
492 silly tarball no local data for @rolldown/pluginutils@https://registry.npmjs.org/@rolldown/pluginutils/-/pluginutils-1.0.0-rc.13.tgz. Extracting by manifest.
493 silly tarball no local data for @types/react@https://registry.npmjs.org/@types/react/-/react-19.2.14.tgz. Extracting by manifest.
494 http fetch GET 200 https://registry.npmjs.org/fdir/-/fdir-6.5.0.tgz 44ms (cache miss)
495 http fetch GET 200 https://registry.npmjs.org/detect-libc/-/detect-libc-2.1.2.tgz 43ms (cache miss)
496 http fetch GET 200 https://registry.npmjs.org/tinyglobby/-/tinyglobby-0.2.16.tgz 43ms (cache miss)
497 http fetch GET 200 https://registry.npmjs.org/fsevents/-/fsevents-2.3.3.tgz 45ms (cache miss)
498 http fetch GET 200 https://registry.npmjs.org/@oxc-project/types/-/types-0.123.0.tgz 46ms (cache miss)
499 http fetch GET 200 https://registry.npmjs.org/escalade/-/escalade-3.2.0.tgz 57ms (cache miss)
500 http fetch GET 200 https://registry.npmjs.org/picocolors/-/picocolors-1.1.1.tgz 64ms (cache miss)
501 http fetch GET 200 https://registry.npmjs.org/node-releases/-/node-releases-2.0.37.tgz 71ms (cache miss)
502 http fetch GET 200 https://registry.npmjs.org/baseline-browser-mapping/-/baseline-browser-mapping-2.10.16.tgz 90ms (cache miss)
503 http fetch GET 200 https://registry.npmjs.org/lightningcss/-/lightningcss-1.32.0.tgz 113ms (cache miss)
504 http fetch GET 200 https://registry.npmjs.org/nanoid/-/nanoid-3.3.11.tgz 116ms (cache miss)
505 http fetch GET 200 https://registry.npmjs.org/picomatch/-/picomatch-4.0.4.tgz 117ms (cache miss)
506 http fetch GET 200 https://registry.npmjs.org/browserslist/-/browserslist-4.28.2.tgz 119ms (cache miss)
507 http fetch GET 200 https://registry.npmjs.org/update-browserslist-db/-/update-browserslist-db-1.2.3.tgz 120ms (cache miss)
508 http fetch GET 200 https://registry.npmjs.org/fraction.js/-/fraction.js-5.3.4.tgz 126ms (cache miss)
509 http fetch GET 200 https://registry.npmjs.org/csstype/-/csstype-3.2.3.tgz 135ms (cache miss)
510 http fetch GET 200 https://registry.npmjs.org/@rolldown/pluginutils/-/pluginutils-1.0.0-rc.7.tgz 135ms (cache miss)
511 http fetch GET 200 https://registry.npmjs.org/rolldown/-/rolldown-1.0.0-rc.13.tgz 153ms (cache miss)
512 http fetch GET 200 https://registry.npmjs.org/@types/react/-/react-19.2.14.tgz 156ms (cache miss)
513 http fetch GET 200 https://registry.npmjs.org/postcss/-/postcss-8.5.9.tgz 200ms (cache miss)
514 http fetch GET 200 https://registry.npmjs.org/tailwindcss/-/tailwindcss-4.2.2.tgz 202ms (cache miss)
515 http fetch GET 200 https://registry.npmjs.org/@rolldown/pluginutils/-/pluginutils-1.0.0-rc.13.tgz 214ms (cache miss)
516 http fetch GET 200 https://registry.npmjs.org/vite/-/vite-8.0.7.tgz 241ms (cache miss)
517 http fetch GET 200 https://registry.npmjs.org/autoprefixer/-/autoprefixer-10.4.27.tgz 252ms (cache miss)
518 http fetch GET 200 https://registry.npmjs.org/lightningcss-darwin-arm64/-/lightningcss-darwin-arm64-1.32.0.tgz 280ms (cache miss)
519 http fetch GET 200 https://registry.npmjs.org/source-map-js/-/source-map-js-1.2.1.tgz 280ms (cache miss)
520 http fetch GET 200 https://registry.npmjs.org/electron-to-chromium/-/electron-to-chromium-1.5.334.tgz 282ms (cache miss)
521 http fetch GET 200 https://registry.npmjs.org/@types/react-dom/-/react-dom-19.2.3.tgz 317ms (cache miss)
522 http fetch GET 200 https://registry.npmjs.org/@vitejs/plugin-react/-/plugin-react-6.0.1.tgz 334ms (cache miss)
523 http fetch GET 200 https://registry.npmjs.org/@rolldown/binding-darwin-arm64/-/binding-darwin-arm64-1.0.0-rc.13.tgz 394ms (cache miss)
524 http fetch GET 200 https://registry.npmjs.org/typescript/-/typescript-6.0.2.tgz 445ms (cache miss)
525 http fetch GET 200 https://registry.npmjs.org/@types/lodash/-/lodash-4.17.24.tgz 448ms (cache miss)
526 http fetch GET 200 https://registry.npmjs.org/caniuse-lite/-/caniuse-lite-1.0.30001787.tgz 505ms (cache miss)
527 info run fsevents@2.3.3 install node_modules/fsevents node-gyp rebuild
528 http fetch POST 200 https://registry.npmjs.org/-/npm/v1/security/advisories/bulk 549ms
529 silly audit report {}
530 info run fsevents@2.3.3 install { code: 1, signal: null }
531 verbose reify failed optional dependency /Users/edit6/Documents/Caio/LUMOS/proposta-lumos/node_modules/fsevents
532 silly reify mark deleted [
532 silly reify   '/Users/edit6/Documents/Caio/LUMOS/proposta-lumos/node_modules/fsevents'
532 silly reify ]
533 silly ADD node_modules/fdir
534 silly ADD node_modules/@rolldown/binding-darwin-arm64
535 silly ADD node_modules/@oxc-project/types
536 silly ADD node_modules/lightningcss-darwin-arm64
537 silly ADD node_modules/detect-libc
538 silly ADD node_modules/tinyglobby
539 silly ADD node_modules/rolldown
540 silly ADD node_modules/rolldown/node_modules/@rolldown/pluginutils
541 silly ADD node_modules/picomatch
542 silly ADD node_modules/lightningcss
543 silly ADD
544 silly ADD node_modules/escalade
545 silly ADD node_modules/source-map-js
546 silly ADD node_modules/nanoid
547 silly ADD node_modules/update-browserslist-db
548 silly ADD node_modules/node-releases
549 silly ADD node_modules/electron-to-chromium
550 silly ADD node_modules/baseline-browser-mapping
551 silly ADD node_modules/picocolors
552 silly ADD node_modules/fraction.js
553 silly ADD node_modules/caniuse-lite
554 silly ADD node_modules/browserslist
555 silly ADD node_modules/@rolldown/pluginutils
556 silly ADD node_modules/csstype
557 silly ADD node_modules/vite
558 silly ADD node_modules/typescript
559 silly ADD node_modules/tailwindcss
560 silly ADD node_modules/postcss
561 silly ADD node_modules/autoprefixer
562 silly ADD node_modules/@vitejs/plugin-react
563 silly ADD node_modules/@types/react-dom
564 silly ADD node_modules/@types/react
565 silly ADD node_modules/@types/lodash
566 verbose cwd /Users/edit6/Documents/Caio/LUMOS/proposta-lumos
567 verbose os Darwin 25.3.0
568 verbose node v24.14.1
569 verbose npm  v11.11.0
570 verbose exit 0
571 info ok
